- {"dt": "2022-06-03T05:39:42.508064", "lvl": "target", "msg": "c[?7l[2J<5>[    0.000000] Linux version 5.18.0-next-20220603 (tuxmake@tuxmake) (x86_64-linux-gnu-gcc (Debian 11.3.0-3) 11.3.0, GNU ld (GNU Binutils for Debian) 2.38) #1 SMP PREEMPT_DYNAMIC @1654234362"}
- {"dt": "2022-06-03T05:39:42.512156", "lvl": "target", "msg": "<6>[    0.000000] Command line: console=ttyS0,115200 rootwait root=/dev/sda debug verbose console_msg_format=syslog"}
- {"dt": "2022-06-03T05:39:42.517132", "lvl": "target", "msg": "<6>[    0.000000] x86/fpu: x87 FPU will use FXSAVE"}
- {"dt": "2022-06-03T05:39:42.521278", "lvl": "target", "msg": "<6>[    0.000000] signal: max sigframe size: 1440"}
- {"dt": "2022-06-03T05:39:42.524497", "lvl": "target", "msg": "<6>[    0.000000] BIOS-provided physical RAM map:"}
- {"dt": "2022-06-03T05:39:42.528153", "lvl": "target", "msg": "<6>[    0.000000] BIOS-e820: [mem 0x0000000000000000-0x000000000009fbff] usable"}
- {"dt": "2022-06-03T05:39:42.531498", "lvl": "target", "msg": "<6>[    0.000000] BIOS-e820: [mem 0x000000000009fc00-0x000000000009ffff] reserved"}
- {"dt": "2022-06-03T05:39:42.534039", "lvl": "target", "msg": "<6>[    0.000000] BIOS-e820: [mem 0x00000000000f0000-0x00000000000fffff] reserved"}
- {"dt": "2022-06-03T05:39:42.536974", "lvl": "target", "msg": "<6>[    0.000000] BIOS-e820: [mem 0x0000000000100000-0x000000003ffdefff] usable"}
- {"dt": "2022-06-03T05:39:42.539529", "lvl": "target", "msg": "<6>[    0.000000] BIOS-e820: [mem 0x000000003ffdf000-0x000000003fffffff] reserved"}
- {"dt": "2022-06-03T05:39:42.541183", "lvl": "target", "msg": "<6>[    0.000000] BIOS-e820: [mem 0x00000000b0000000-0x00000000bfffffff] reserved"}
- {"dt": "2022-06-03T05:39:42.541981", "lvl": "target", "msg": "<6>[    0.000000] BIOS-e820: [mem 0x00000000fed1c000-0x00000000fed1ffff] reserved"}
- {"dt": "2022-06-03T05:39:42.542655", "lvl": "target", "msg": "<6>[    0.000000] BIOS-e820: [mem 0x00000000fffc0000-0x00000000ffffffff] reserved"}
- {"dt": "2022-06-03T05:39:42.543223", "lvl": "target", "msg": "<6>[    0.000000] NX (Execute Disable) protection: active"}
- {"dt": "2022-06-03T05:39:42.544053", "lvl": "target", "msg": "<6>[    0.000000] SMBIOS 2.8 present."}
- {"dt": "2022-06-03T05:39:42.544646", "lvl": "target", "msg": "<6>[    0.000000] DMI: QEMU Standard PC (Q35 + ICH9, 2009), BIOS 1.14.0-2 04/01/2014"}
- {"dt": "2022-06-03T05:39:42.545248", "lvl": "target", "msg": "<6>[    0.000000] tsc: Fast TSC calibration using PIT"}
- {"dt": "2022-06-03T05:39:42.545844", "lvl": "target", "msg": "<6>[    0.000000] tsc: Detected 2999.996 MHz processor"}
- {"dt": "2022-06-03T05:39:42.546431", "lvl": "target", "msg": "<7>[    0.010674] e820: update [mem 0x00000000-0x00000fff] usable ==> reserved"}
- {"dt": "2022-06-03T05:39:42.547068", "lvl": "target", "msg": "<7>[    0.010887] e820: remove [mem 0x000a0000-0x000fffff] usable"}
- {"dt": "2022-06-03T05:39:42.547686", "lvl": "target", "msg": "<6>[    0.011124] last_pfn = 0x3ffdf max_arch_pfn = 0x400000000"}
- {"dt": "2022-06-03T05:39:42.548287", "lvl": "target", "msg": "<6>[    0.012047] x86/PAT: Configuration [0-7]: WB  WC  UC- UC  WB  WP  UC- WT  "}
- {"dt": "2022-06-03T05:39:42.548887", "lvl": "target", "msg": "<6>[    0.028634] found SMP MP-table at [mem 0x000f5ce0-0x000f5cef]"}
- {"dt": "2022-06-03T05:39:42.549482", "lvl": "target", "msg": "<6>[    0.034671] ACPI: Early table checksum verification disabled"}
- {"dt": "2022-06-03T05:39:42.550085", "lvl": "target", "msg": "<6>[    0.035155] ACPI: RSDP 0x00000000000F5B30 000014 (v00 BOCHS )"}
- {"dt": "2022-06-03T05:39:42.551007", "lvl": "debug", "msg": "start: 2.2.1 login-action (timeout 00:14:58) [common]"}
- {"dt": "2022-06-03T05:39:42.551759", "lvl": "debug", "msg": "Setting prompt string to ['-+\\\\[ cut here \\\\]-+\\\\s+(.*\\\\s+-+\\\\[ end trace (\\\\w*) \\\\]-+)', '(Unhandled fault.*)\\\\r\\\\n', 'Kernel panic - (.*) end Kernel panic', 'Stack:\\\\s+(.*\\\\s+-+\\\\[ end trace (\\\\w*) \\\\]-+)', '^[^\\\\n]+WARNING:.*?$', '^[^\\\\n]+Oops(?: -|:).*?$', '^[^\\\\n]+BUG:.*?$']"}
- {"dt": "2022-06-03T05:39:42.552435", "lvl": "debug", "msg": "Using line separator: #'\\n'#"}
- {"dt": "2022-06-03T05:39:42.553263", "lvl": "info", "msg": "Waiting for the login prompt"}
- {"dt": "2022-06-03T05:39:42.553842", "lvl": "info", "msg": "Parsing kernel messages"}
- {"dt": "2022-06-03T05:39:42.554429", "lvl": "debug", "msg": ["-+\\[ cut here \\]-+\\s+(.*\\s+-+\\[ end trace (\\w*) \\]-+)", "(Unhandled fault.*)\\r\\n", "Kernel panic - (.*) end Kernel panic", "Stack:\\s+(.*\\s+-+\\[ end trace (\\w*) \\]-+)", "^[^\\n]+WARNING:.*?$", "^[^\\n]+Oops(?: -|:).*?$", "^[^\\n]+BUG:.*?$", "root@(.*):[/~]#", "(.*)login:", "Login incorrect"]}
- {"dt": "2022-06-03T05:39:42.555358", "lvl": "debug", "msg": "[login-action] Waiting for messages, (timeout 00:14:58)"}
- {"dt": "2022-06-03T05:39:42.590479", "lvl": "target", "msg": "<6>[    0.035480] ACPI: RSDT 0x000000003FFE2304 000038 (v01 BOCHS  BXPC     00000001 BXPC 00000001)"}
- {"dt": "2022-06-03T05:39:42.591641", "lvl": "target", "msg": "<6>[    0.036220] ACPI: FACP 0x000000003FFE20F4 0000F4 (v03 BOCHS  BXPC     00000001 BXPC 00000001)"}
- {"dt": "2022-06-03T05:39:42.592454", "lvl": "target", "msg": "<6>[    0.036863] ACPI: DSDT 0x000000003FFE0040 0020B4 (v01 BOCHS  BXPC     00000001 BXPC 00000001)"}
- {"dt": "2022-06-03T05:39:42.593125", "lvl": "target", "msg": "<6>[    0.036967] ACPI: FACS 0x000000003FFE0000 000040"}
- {"dt": "2022-06-03T05:39:42.593721", "lvl": "target", "msg": "<6>[    0.037036] ACPI: APIC 0x000000003FFE21E8 000080 (v01 BOCHS  BXPC     00000001 BXPC 00000001)"}
- {"dt": "2022-06-03T05:39:42.594356", "lvl": "target", "msg": "<6>[    0.037068] ACPI: HPET 0x000000003FFE2268 000038 (v01 BOCHS  BXPC     00000001 BXPC 00000001)"}
- {"dt": "2022-06-03T05:39:42.595006", "lvl": "target", "msg": "<6>[    0.037097] ACPI: MCFG 0x000000003FFE22A0 00003C (v01 BOCHS  BXPC     00000001 BXPC 00000001)"}
- {"dt": "2022-06-03T05:39:42.595610", "lvl": "target", "msg": "<6>[    0.037125] ACPI: WAET 0x000000003FFE22DC 000028 (v01 BOCHS  BXPC     00000001 BXPC 00000001)"}
- {"dt": "2022-06-03T05:39:42.596246", "lvl": "target", "msg": "<6>[    0.037218] ACPI: Reserving FACP table memory at [mem 0x3ffe20f4-0x3ffe21e7]"}
- {"dt": "2022-06-03T05:39:42.596909", "lvl": "target", "msg": "<6>[    0.037259] ACPI: Reserving DSDT table memory at [mem 0x3ffe0040-0x3ffe20f3]"}
- {"dt": "2022-06-03T05:39:42.597488", "lvl": "target", "msg": "<6>[    0.037268] ACPI: Reserving FACS table memory at [mem 0x3ffe0000-0x3ffe003f]"}
- {"dt": "2022-06-03T05:39:42.598121", "lvl": "target", "msg": "<6>[    0.037275] ACPI: Reserving APIC table memory at [mem 0x3ffe21e8-0x3ffe2267]"}
- {"dt": "2022-06-03T05:39:42.598713", "lvl": "target", "msg": "<6>[    0.037282] ACPI: Reserving HPET table memory at [mem 0x3ffe2268-0x3ffe229f]"}
- {"dt": "2022-06-03T05:39:42.599357", "lvl": "target", "msg": "<6>[    0.037289] ACPI: Reserving MCFG table memory at [mem 0x3ffe22a0-0x3ffe22db]"}
- {"dt": "2022-06-03T05:39:42.599994", "lvl": "target", "msg": "<6>[    0.037296] ACPI: Reserving WAET table memory at [mem 0x3ffe22dc-0x3ffe2303]"}
- {"dt": "2022-06-03T05:39:42.600591", "lvl": "target", "msg": "<6>[    0.039969] No NUMA configuration found"}
- {"dt": "2022-06-03T05:39:42.601233", "lvl": "target", "msg": "<6>[    0.039998] Faking a node at [mem 0x0000000000000000-0x000000003ffdefff]"}
- {"dt": "2022-06-03T05:39:42.601821", "lvl": "target", "msg": "<6>[    0.040695] NODE_DATA(0) allocated [mem 0x3ffdb000-0x3ffdefff]"}
- {"dt": "2022-06-03T05:39:42.602438", "lvl": "target", "msg": "<6>[    0.043057] Zone ranges:"}
- {"dt": "2022-06-03T05:39:42.603067", "lvl": "target", "msg": "<6>[    0.043092]   DMA      [mem 0x0000000000001000-0x0000000000ffffff]"}
- {"dt": "2022-06-03T05:39:42.603691", "lvl": "target", "msg": "<6>[    0.043180]   DMA32    [mem 0x0000000001000000-0x000000003ffdefff]"}
- {"dt": "2022-06-03T05:39:42.604317", "lvl": "target", "msg": "<6>[    0.043195]   Normal   empty"}
- {"dt": "2022-06-03T05:39:42.604959", "lvl": "target", "msg": "<6>[    0.043216] Movable zone start for each node"}
- {"dt": "2022-06-03T05:39:42.605548", "lvl": "target", "msg": "<6>[    0.043248] Early memory node ranges"}
- {"dt": "2022-06-03T05:39:42.606174", "lvl": "target", "msg": "<6>[    0.043279]   node   0: [mem 0x0000000000001000-0x000000000009efff]"}
- {"dt": "2022-06-03T05:39:42.606769", "lvl": "target", "msg": "<6>[    0.043451]   node   0: [mem 0x0000000000100000-0x000000003ffdefff]"}
- {"dt": "2022-06-03T05:39:42.728026", "lvl": "target", "msg": "<6>[    0.043703] Initmem setup node 0 [mem 0x0000000000001000-0x000000003ffdefff]"}
- {"dt": "2022-06-03T05:39:42.729106", "lvl": "target", "msg": "<6>[    0.045084] On node 0, zone DMA: 1 pages in unavailable ranges"}
- {"dt": "2022-06-03T05:39:42.729817", "lvl": "target", "msg": "<6>[    0.045359] On node 0, zone DMA: 97 pages in unavailable ranges"}
- {"dt": "2022-06-03T05:39:42.730411", "lvl": "target", "msg": "<6>[    0.055900] On node 0, zone DMA32: 33 pages in unavailable ranges"}
- {"dt": "2022-06-03T05:39:42.731007", "lvl": "target", "msg": "<6>[    0.056956] ACPI: PM-Timer IO Port: 0x608"}
- {"dt": "2022-06-03T05:39:42.731576", "lvl": "target", "msg": "<6>[    0.057519] ACPI: LAPIC_NMI (acpi_id[0xff] dfl dfl lint[0x1])"}
- {"dt": "2022-06-03T05:39:42.732179", "lvl": "target", "msg": "<6>[    0.057962] IOAPIC[0]: apic_id 0, version 32, address 0xfec00000, GSI 0-23"}
- {"dt": "2022-06-03T05:39:42.732737", "lvl": "target", "msg": "<6>[    0.058115] ACPI: INT_SRC_OVR (bus 0 bus_irq 0 global_irq 2 dfl dfl)"}
- {"dt": "2022-06-03T05:39:42.733330", "lvl": "target", "msg": "<6>[    0.058411] ACPI: INT_SRC_OVR (bus 0 bus_irq 5 global_irq 5 high level)"}
- {"dt": "2022-06-03T05:39:42.733920", "lvl": "target", "msg": "<6>[    0.058447] ACPI: INT_SRC_OVR (bus 0 bus_irq 9 global_irq 9 high level)"}
- {"dt": "2022-06-03T05:39:42.734442", "lvl": "target", "msg": "<6>[    0.058553] ACPI: INT_SRC_OVR (bus 0 bus_irq 10 global_irq 10 high level)"}
- {"dt": "2022-06-03T05:39:42.735032", "lvl": "target", "msg": "<6>[    0.058564] ACPI: INT_SRC_OVR (bus 0 bus_irq 11 global_irq 11 high level)"}
- {"dt": "2022-06-03T05:39:42.735601", "lvl": "target", "msg": "<6>[    0.058765] ACPI: Using ACPI (MADT) for SMP configuration information"}
- {"dt": "2022-06-03T05:39:42.736192", "lvl": "target", "msg": "<6>[    0.058820] ACPI: HPET id: 0x8086a201 base: 0xfed00000"}
- {"dt": "2022-06-03T05:39:42.736747", "lvl": "target", "msg": "<6>[    0.059176] smpboot: Allowing 2 CPUs, 0 hotplug CPUs"}
- {"dt": "2022-06-03T05:39:42.737339", "lvl": "target", "msg": "<6>[    0.060122] PM: hibernation: Registered nosave memory: [mem 0x00000000-0x00000fff]"}
- {"dt": "2022-06-03T05:39:42.737929", "lvl": "target", "msg": "<6>[    0.060177] PM: hibernation: Registered nosave memory: [mem 0x0009f000-0x0009ffff]"}
- {"dt": "2022-06-03T05:39:42.738509", "lvl": "target", "msg": "<6>[    0.060202] PM: hibernation: Registered nosave memory: [mem 0x000a0000-0x000effff]"}
- {"dt": "2022-06-03T05:39:42.739102", "lvl": "target", "msg": "<6>[    0.060209] PM: hibernation: Registered nosave memory: [mem 0x000f0000-0x000fffff]"}
- {"dt": "2022-06-03T05:39:42.739678", "lvl": "target", "msg": "<6>[    0.060357] [mem 0x40000000-0xafffffff] available for PCI devices"}
- {"dt": "2022-06-03T05:39:42.740265", "lvl": "target", "msg": "<6>[    0.060398] Booting paravirtualized kernel on bare hardware"}
- {"dt": "2022-06-03T05:39:42.740818", "lvl": "target", "msg": "<6>[    0.060760] clocksource: refined-jiffies: mask: 0xffffffff max_cycles: 0xffffffff, max_idle_ns: 1910969940391419 ns"}
- {"dt": "2022-06-03T05:39:42.741409", "lvl": "target", "msg": "<6>[    0.061231] setup_percpu: NR_CPUS:64 nr_cpumask_bits:64 nr_cpu_ids:2 nr_node_ids:1"}
- {"dt": "2022-06-03T05:39:42.742000", "lvl": "target", "msg": "<6>[    0.069184] percpu: Embedded 53 pages/cpu s177448 r8192 d31448 u1048576"}
- {"dt": "2022-06-03T05:39:42.742549", "lvl": "target", "msg": "<7>[    0.069669] pcpu-alloc: s177448 r8192 d31448 u1048576 alloc=1*2097152"}
- {"dt": "2022-06-03T05:39:42.743129", "lvl": "target", "msg": "<7>[    0.069763] pcpu-alloc: [0] 0 1 "}
- {"dt": "2022-06-03T05:39:43.027834", "lvl": "target", "msg": "<6>[    0.071840] Fallback order for Node 0: 0 "}
- {"dt": "2022-06-03T05:39:43.028922", "lvl": "target", "msg": "<6>[    0.072146] Built 1 zonelists, mobility grouping on.  Total pages: 257759"}
- {"dt": "2022-06-03T05:39:43.029662", "lvl": "target", "msg": "<6>[    0.072168] Policy zone: DMA32"}
- {"dt": "2022-06-03T05:39:43.030294", "lvl": "target", "msg": "<5>[    0.072418] Kernel command line: console=ttyS0,115200 rootwait root=/dev/sda debug verbose console_msg_format=syslog"}
- {"dt": "2022-06-03T05:39:43.030885", "lvl": "target", "msg": "<5>[    0.073480] Unknown kernel command line parameters \\\"verbose\\\", will be passed to user space."}
- {"dt": "2022-06-03T05:39:43.031504", "lvl": "target", "msg": "<6>[    0.120019] Dentry cache hash table entries: 131072 (order: 8, 1048576 bytes, linear)"}
- {"dt": "2022-06-03T05:39:43.032096", "lvl": "target", "msg": "<6>[    0.121559] Inode-cache hash table entries: 65536 (order: 7, 524288 bytes, linear)"}
- {"dt": "2022-06-03T05:39:43.032693", "lvl": "target", "msg": "<6>[    0.129818] mem auto-init: stack:off, heap alloc:off, heap free:off"}
- {"dt": "2022-06-03T05:39:43.033290", "lvl": "target", "msg": "<6>[    0.140823] Memory: 987724K/1048052K available (20494K kernel code, 3323K rwdata, 6616K rodata, 1816K init, 2852K bss, 60068K reserved, 0K cma-reserved)"}
- {"dt": "2022-06-03T05:39:43.033895", "lvl": "target", "msg": "<6>[    0.144810] SLUB: HWalign=64, Order=0-3, MinObjects=0, CPUs=2, Nodes=1"}
- {"dt": "2022-06-03T05:39:43.034488", "lvl": "target", "msg": "<6>[    0.145841] Kernel/User page tables isolation: enabled"}
- {"dt": "2022-06-03T05:39:43.035069", "lvl": "target", "msg": "<6>[    0.148240] ftrace: allocating 56156 entries in 220 pages"}
- {"dt": "2022-06-03T05:39:43.035639", "lvl": "target", "msg": "<6>[    0.197175] ftrace: allocated 220 pages with 5 groups"}
- {"dt": "2022-06-03T05:39:43.036183", "lvl": "target", "msg": "<6>[    0.208481] Dynamic Preempt: voluntary"}
- {"dt": "2022-06-03T05:39:43.036724", "lvl": "target", "msg": "<6>[    0.212909] rcu: Preemptible hierarchical RCU implementation."}
- {"dt": "2022-06-03T05:39:43.037262", "lvl": "target", "msg": "<6>[    0.212928] rcu: \tRCU event tracing is enabled."}
- {"dt": "2022-06-03T05:39:43.037798", "lvl": "target", "msg": "<6>[    0.212954] rcu: \tRCU restricting CPUs from NR_CPUS=64 to nr_cpu_ids=2."}
- {"dt": "2022-06-03T05:39:43.038343", "lvl": "target", "msg": "<6>[    0.213074] \tTrampoline variant of Tasks RCU enabled."}
- {"dt": "2022-06-03T05:39:43.038877", "lvl": "target", "msg": "<6>[    0.213083] \tRude variant of Tasks RCU enabled."}
- {"dt": "2022-06-03T05:39:43.039437", "lvl": "target", "msg": "<6>[    0.213223] rcu: RCU calculated value of scheduler-enlistment delay is 100 jiffies."}
- {"dt": "2022-06-03T05:39:43.039997", "lvl": "target", "msg": "<6>[    0.213258] rcu: Adjusting geometry for rcu_fanout_leaf=16, nr_cpu_ids=2"}
- {"dt": "2022-06-03T05:39:43.040540", "lvl": "target", "msg": "<6>[    0.249474] NR_IRQS: 4352, nr_irqs: 440, preallocated irqs: 16"}
- {"dt": "2022-06-03T05:39:43.041094", "lvl": "target", "msg": "<6>[    0.254564] rcu: srcu_init: Setting srcu_struct sizes based on contention."}
- {"dt": "2022-06-03T05:39:43.041645", "lvl": "target", "msg": "<6>[    0.259439] kfence: initialized - using 2097152 bytes for 255 objects at 0x(____ptrval____)-0x(____ptrval____)"}
- {"dt": "2022-06-03T05:39:43.042224", "lvl": "target", "msg": "<6>[    0.265341] Console: colour VGA+ 80x25"}
- {"dt": "2022-06-03T05:39:43.642507", "lvl": "target", "msg": "<6>[    0.301986] printk: console [ttyS0] enabled"}
- {"dt": "2022-06-03T05:39:43.644179", "lvl": "target", "msg": "<6>[    0.304249] ACPI: Core revision 20220331"}
- {"dt": "2022-06-03T05:39:43.644990", "lvl": "target", "msg": "<6>[    0.313777] clocksource: hpet: mask: 0xffffffff max_cycles: 0xffffffff, max_idle_ns: 19112604467 ns"}
- {"dt": "2022-06-03T05:39:43.645532", "lvl": "target", "msg": "<6>[    0.322811] APIC: Switch to symmetric I/O mode setup"}
- {"dt": "2022-06-03T05:39:43.646194", "lvl": "target", "msg": "<6>[    0.330023] ..TIMER: vector=0x30 apic1=0 pin1=2 apic2=-1 pin2=-1"}
- {"dt": "2022-06-03T05:39:43.646977", "lvl": "target", "msg": "<6>[    0.336441] clocksource: tsc-early: mask: 0xffffffffffffffff max_cycles: 0x2b3e4180184, max_idle_ns: 440795270742 ns"}
- {"dt": "2022-06-03T05:39:43.647528", "lvl": "target", "msg": "<6>[    0.338349] Calibrating delay loop (skipped), value calculated using timer frequency.. 5999.99 BogoMIPS (lpj=2999996)"}
- {"dt": "2022-06-03T05:39:43.648200", "lvl": "target", "msg": "<6>[    0.340072] pid_max: default: 32768 minimum: 301"}
- {"dt": "2022-06-03T05:39:43.648840", "lvl": "target", "msg": "<6>[    0.342504] LSM: Security Framework initializing"}
- {"dt": "2022-06-03T05:39:43.649401", "lvl": "target", "msg": "<6>[    0.344301] SELinux:  Initializing."}
- {"dt": "2022-06-03T05:39:43.650090", "lvl": "target", "msg": "<6>[    0.348490] Mount-cache hash table entries: 2048 (order: 2, 16384 bytes, linear)"}
- {"dt": "2022-06-03T05:39:43.650684", "lvl": "target", "msg": "<6>[    0.348946] Mountpoint-cache hash table entries: 2048 (order: 2, 16384 bytes, linear)"}
- {"dt": "2022-06-03T05:39:43.651506", "lvl": "target", "msg": "<6>[    0.392293] Last level iTLB entries: 4KB 0, 2MB 0, 4MB 0"}
- {"dt": "2022-06-03T05:39:43.652196", "lvl": "target", "msg": "<6>[    0.392705] Last level dTLB entries: 4KB 0, 2MB 0, 4MB 0, 1GB 0"}
- {"dt": "2022-06-03T05:39:43.652832", "lvl": "target", "msg": "<6>[    0.393377] Spectre V1 : Mitigation: usercopy/swapgs barriers and __user pointer sanitization"}
- {"dt": "2022-06-03T05:39:43.653394", "lvl": "target", "msg": "<6>[    0.394125] Spectre V2 : Mitigation: Retpolines"}
- {"dt": "2022-06-03T05:39:43.654056", "lvl": "target", "msg": "<6>[    0.394915] Spectre V2 : Spectre v2 / SpectreRSB mitigation: Filling RSB on context switch"}
- {"dt": "2022-06-03T05:39:43.654591", "lvl": "target", "msg": "<6>[    0.395465] Speculative Store Bypass: Vulnerable"}
- {"dt": "2022-06-03T05:39:43.655392", "lvl": "target", "msg": "<6>[    0.396928] MDS: Vulnerable: Clear CPU buffers attempted, no microcode"}
- {"dt": "2022-06-03T05:39:43.656034", "lvl": "target", "msg": "<6>[    0.441190] Freeing SMP alternatives memory: 52K"}
- {"dt": "2022-06-03T05:39:43.656562", "lvl": "target", "msg": "<6>[    0.567879] smpboot: CPU0: Intel Core i7 9xx (Nehalem Class Core i7) (family: 0x6, model: 0x1a, stepping: 0x3)"}
- {"dt": "2022-06-03T05:39:43.657298", "lvl": "target", "msg": "<6>[    0.584576] cblist_init_generic: Setting adjustable number of callback queues."}
- {"dt": "2022-06-03T05:39:43.657969", "lvl": "target", "msg": "<6>[    0.584922] cblist_init_generic: Setting shift to 1 and lim to 1."}
- {"dt": "2022-06-03T05:39:43.658535", "lvl": "target", "msg": "<6>[    0.586476] cblist_init_generic: Setting shift to 1 and lim to 1."}
- {"dt": "2022-06-03T05:39:43.659382", "lvl": "target", "msg": "<6>[    0.588228] Performance Events: unsupported p6 CPU model 26 no PMU driver, software events only."}
- {"dt": "2022-06-03T05:39:43.660041", "lvl": "target", "msg": "<6>[    0.593491] rcu: Hierarchical SRCU implementation."}
- {"dt": "2022-06-03T05:39:44.442288", "lvl": "target", "msg": "<6>[    0.594018] printk: console [ttyS0] printing thread started"}
- {"dt": "2022-06-03T05:39:44.443276", "lvl": "target", "msg": "<6>[    0.608373] smp: Bringing up secondary CPUs ..."}
- {"dt": "2022-06-03T05:39:44.443975", "lvl": "target", "msg": "<6>[    0.614138] x86: Booting SMP configuration:"}
- {"dt": "2022-06-03T05:39:44.444537", "lvl": "target", "msg": "<6>[    0.614215] .... node  #0, CPUs:      #1"}
- {"dt": "2022-06-03T05:39:44.445097", "lvl": "target", "msg": "<6>[    0.637813] smp: Brought up 1 node, 2 CPUs"}
- {"dt": "2022-06-03T05:39:44.445640", "lvl": "target", "msg": "<6>[    0.638198] smpboot: Max logical packages: 1"}
- {"dt": "2022-06-03T05:39:44.446193", "lvl": "target", "msg": "<6>[    0.638320] smpboot: Total of 2 processors activated (11999.98 BogoMIPS)"}
- {"dt": "2022-06-03T05:39:44.446735", "lvl": "target", "msg": "<6>[    0.670932] devtmpfs: initialized"}
- {"dt": "2022-06-03T05:39:44.447329", "lvl": "target", "msg": "<6>[    0.678324] clocksource: jiffies: mask: 0xffffffff max_cycles: 0xffffffff, max_idle_ns: 1911260446275000 ns"}
- {"dt": "2022-06-03T05:39:44.447880", "lvl": "target", "msg": "<6>[    0.678485] futex hash table entries: 512 (order: 3, 32768 bytes, linear)"}
- {"dt": "2022-06-03T05:39:44.448444", "lvl": "target", "msg": "<6>[    0.686788] PM: RTC time: 05:39:42, date: 2022-06-03"}
- {"dt": "2022-06-03T05:39:44.449023", "lvl": "target", "msg": "<6>[    0.698246] NET: Registered PF_NETLINK/PF_ROUTE protocol family"}
- {"dt": "2022-06-03T05:39:44.449603", "lvl": "target", "msg": "<6>[    0.706093] audit: initializing netlink subsys (disabled)"}
- {"dt": "2022-06-03T05:39:44.450194", "lvl": "target", "msg": "<5>[    0.710471] audit: type=2000 audit(1654234782.385:1): state=initialized audit_enabled=0 res=1"}
- {"dt": "2022-06-03T05:39:44.450783", "lvl": "target", "msg": "<6>[    0.720681] thermal_sys: Registered thermal governor 'step_wise'"}
- {"dt": "2022-06-03T05:39:44.451389", "lvl": "target", "msg": "<6>[    0.720756] thermal_sys: Registered thermal governor 'user_space'"}
- {"dt": "2022-06-03T05:39:44.451981", "lvl": "target", "msg": "<6>[    0.727030] cpuidle: using governor menu"}
- {"dt": "2022-06-03T05:39:44.452583", "lvl": "target", "msg": "<6>[    0.734562] PCI: MMCONFIG for domain 0000 [bus 00-ff] at [mem 0xb0000000-0xbfffffff] (base 0xb0000000)"}
- {"dt": "2022-06-03T05:39:44.453190", "lvl": "target", "msg": "<6>[    0.735193] PCI: MMCONFIG at [mem 0xb0000000-0xbfffffff] reserved in E820"}
- {"dt": "2022-06-03T05:39:44.453768", "lvl": "target", "msg": "<6>[    0.737434] PCI: Using configuration type 1 for base access"}
- {"dt": "2022-06-03T05:39:44.454353", "lvl": "target", "msg": "<4>[    0.744616] mtrr: your CPUs had inconsistent fixed MTRR settings"}
- {"dt": "2022-06-03T05:39:44.454937", "lvl": "target", "msg": "<4>[    0.744653] mtrr: your CPUs had inconsistent variable MTRR settings"}
- {"dt": "2022-06-03T05:39:44.455538", "lvl": "target", "msg": "<4>[    0.744767] mtrr: your CPUs had inconsistent MTRRdefType settings"}
- {"dt": "2022-06-03T05:39:44.456092", "lvl": "target", "msg": "<6>[    0.744783] mtrr: probably your BIOS does not setup all CPUs."}
- {"dt": "2022-06-03T05:39:44.456661", "lvl": "target", "msg": "<6>[    0.744796] mtrr: corrected configuration."}
- {"dt": "2022-06-03T05:39:44.457244", "lvl": "target", "msg": "<6>[    0.851072] kprobes: kprobe jump-optimization is enabled. All kprobes are optimized if possible."}
- {"dt": "2022-06-03T05:39:44.457796", "lvl": "target", "msg": "<6>[    1.000987] HugeTLB: can optimize 7 vmemmap pages for hugepages-2048kB"}
- {"dt": "2022-06-03T05:39:45.568787", "lvl": "target", "msg": "<6>[    1.001746] HugeTLB registered 2.00 MiB page size, pre-allocated 0 pages"}
- {"dt": "2022-06-03T05:39:45.569335", "lvl": "target", "msg": "<6>[    1.018304] cryptd: max_cpu_qlen set to 1000"}
- {"dt": "2022-06-03T05:39:45.569640", "lvl": "target", "msg": "<6>[    1.028527] ACPI: Added _OSI(Module Device)"}
- {"dt": "2022-06-03T05:39:45.569871", "lvl": "target", "msg": "<6>[    1.028588] ACPI: Added _OSI(Processor Device)"}
- {"dt": "2022-06-03T05:39:45.570137", "lvl": "target", "msg": "<6>[    1.028603] ACPI: Added _OSI(3.0 _SCP Extensions)"}
- {"dt": "2022-06-03T05:39:45.570375", "lvl": "target", "msg": "<6>[    1.028616] ACPI: Added _OSI(Processor Aggregator Device)"}
- {"dt": "2022-06-03T05:39:45.570615", "lvl": "target", "msg": "<6>[    1.028960] ACPI: Added _OSI(Linux-Dell-Video)"}
- {"dt": "2022-06-03T05:39:45.570857", "lvl": "target", "msg": "<6>[    1.032958] ACPI: Added _OSI(Linux-Lenovo-NV-HDMI-Audio)"}
- {"dt": "2022-06-03T05:39:45.571104", "lvl": "target", "msg": "<6>[    1.032981] ACPI: Added _OSI(Linux-HPI-Hybrid-Graphics)"}
- {"dt": "2022-06-03T05:39:45.571376", "lvl": "target", "msg": "<6>[    1.077219] ACPI: 1 ACPI AML tables successfully acquired and loaded"}
- {"dt": "2022-06-03T05:39:45.571626", "lvl": "target", "msg": "<6>[    1.526239] ACPI: Interpreter enabled"}
- {"dt": "2022-06-03T05:39:45.571878", "lvl": "target", "msg": "<6>[    1.528130] ACPI: PM: (supports S0 S3 S4 S5)"}
- {"dt": "2022-06-03T05:39:45.572125", "lvl": "target", "msg": "<6>[    1.528218] ACPI: Using IOAPIC for interrupt routing"}
- {"dt": "2022-06-03T05:39:45.572373", "lvl": "target", "msg": "<6>[    1.531572] PCI: Using host bridge windows from ACPI; if necessary, use \\\"pci=nocrs\\\" and report a bug"}
- {"dt": "2022-06-03T05:39:45.572625", "lvl": "target", "msg": "<6>[    1.531645] PCI: Using E820 reservations for host bridge windows"}
- {"dt": "2022-06-03T05:39:45.572881", "lvl": "target", "msg": "<6>[    1.536819] ACPI: Enabled 2 GPEs in block 00 to 3F"}
- {"dt": "2022-06-03T05:39:45.573131", "lvl": "target", "msg": "<6>[    1.606392] ACPI: PCI Root Bridge [PCI0] (domain 0000 [bus 00-ff])"}
- {"dt": "2022-06-03T05:39:45.573382", "lvl": "target", "msg": "<6>[    1.607493] acpi PNP0A08:00: _OSC: OS supports [ExtendedConfig ASPM ClockPM Segments MSI HPX-Type3]"}
- {"dt": "2022-06-03T05:39:45.573632", "lvl": "target", "msg": "<6>[    1.611105] acpi PNP0A08:00: _OSC: platform does not support [LTR]"}
- {"dt": "2022-06-03T05:39:45.573884", "lvl": "target", "msg": "<6>[    1.613383] acpi PNP0A08:00: _OSC: OS now controls [PME PCIeCapability]"}
- {"dt": "2022-06-03T05:39:45.574133", "lvl": "target", "msg": "<6>[    1.622196] PCI host bridge to bus 0000:00"}
- {"dt": "2022-06-03T05:39:45.574382", "lvl": "target", "msg": "<6>[    1.622491] pci_bus 0000:00: root bus resource [io  0x0000-0x0cf7 window]"}
- {"dt": "2022-06-03T05:39:45.574633", "lvl": "target", "msg": "<6>[    1.622796] pci_bus 0000:00: root bus resource [io  0x0d00-0xffff window]"}
- {"dt": "2022-06-03T05:39:45.574883", "lvl": "target", "msg": "<6>[    1.622817] pci_bus 0000:00: root bus resource [mem 0x000a0000-0x000bffff window]"}
- {"dt": "2022-06-03T05:39:45.575135", "lvl": "target", "msg": "<6>[    1.622898] pci_bus 0000:00: root bus resource [mem 0x40000000-0xafffffff window]"}
- {"dt": "2022-06-03T05:39:45.575400", "lvl": "target", "msg": "<6>[    1.622921] pci_bus 0000:00: root bus resource [mem 0xc0000000-0xfebfffff window]"}
- {"dt": "2022-06-03T05:39:45.575652", "lvl": "target", "msg": "<6>[    1.622939] pci_bus 0000:00: root bus resource [mem 0x100000000-0x8ffffffff window]"}
- {"dt": "2022-06-03T05:39:45.575905", "lvl": "target", "msg": "<6>[    1.623095] pci_bus 0000:00: root bus resource [bus 00-ff]"}
- {"dt": "2022-06-03T05:39:46.737797", "lvl": "target", "msg": "<6>[    1.624328] pci 0000:00:00.0: [8086:29c0] type 00 class 0x060000"}
- {"dt": "2022-06-03T05:39:46.738036", "lvl": "target", "msg": "<6>[    1.625515] pci 0000:00:01.0: [1234:1111] type 00 class 0x030000"}
- {"dt": "2022-06-03T05:39:46.738383", "lvl": "target", "msg": "<6>[    1.625515] pci 0000:00:01.0: reg 0x10: [mem 0xfd000000-0xfdffffff pref]"}
- {"dt": "2022-06-03T05:39:46.738676", "lvl": "target", "msg": "<6>[    1.630943] pci 0000:00:01.0: reg 0x18: [mem 0xfebf0000-0xfebf0fff]"}
- {"dt": "2022-06-03T05:39:46.738935", "lvl": "target", "msg": "<6>[    1.632943] pci 0000:00:01.0: reg 0x30: [mem 0xfebe0000-0xfebeffff pref]"}
- {"dt": "2022-06-03T05:39:46.739181", "lvl": "target", "msg": "<6>[    1.633432] pci 0000:00:01.0: Video device with shadowed ROM at [mem 0x000c0000-0x000dffff]"}
- {"dt": "2022-06-03T05:39:46.739453", "lvl": "target", "msg": "<6>[    1.633432] pci 0000:00:1f.0: [8086:2918] type 00 class 0x060100"}
- {"dt": "2022-06-03T05:39:46.739708", "lvl": "target", "msg": "<6>[    1.634190] pci 0000:00:1f.0: quirk: [io  0x0600-0x067f] claimed by ICH6 ACPI/GPIO/TCO"}
- {"dt": "2022-06-03T05:39:46.739966", "lvl": "target", "msg": "<6>[    1.638292] pci 0000:00:1f.2: [8086:2922] type 00 class 0x010601"}
- {"dt": "2022-06-03T05:39:46.740218", "lvl": "target", "msg": "<6>[    1.645943] pci 0000:00:1f.2: reg 0x20: [io  0xc040-0xc05f]"}
- {"dt": "2022-06-03T05:39:46.740473", "lvl": "target", "msg": "<6>[    1.646943] pci 0000:00:1f.2: reg 0x24: [mem 0xfebf1000-0xfebf1fff]"}
- {"dt": "2022-06-03T05:39:46.740740", "lvl": "target", "msg": "<6>[    1.648976] pci 0000:00:1f.3: [8086:2930] type 00 class 0x0c0500"}
- {"dt": "2022-06-03T05:39:46.740998", "lvl": "target", "msg": "<6>[    1.650227] pci 0000:00:1f.3: reg 0x20: [io  0x0700-0x073f]"}
- {"dt": "2022-06-03T05:39:46.741254", "lvl": "target", "msg": "<6>[    1.658543] ACPI: PCI: Interrupt link LNKA configured for IRQ 10"}
- {"dt": "2022-06-03T05:39:46.741544", "lvl": "target", "msg": "<6>[    1.660497] ACPI: PCI: Interrupt link LNKB configured for IRQ 10"}
- {"dt": "2022-06-03T05:39:46.741798", "lvl": "target", "msg": "<6>[    1.662055] ACPI: PCI: Interrupt link LNKC configured for IRQ 11"}
- {"dt": "2022-06-03T05:39:46.742053", "lvl": "target", "msg": "<6>[    1.663156] ACPI: PCI: Interrupt link LNKD configured for IRQ 11"}
- {"dt": "2022-06-03T05:39:46.742306", "lvl": "target", "msg": "<6>[    1.664998] ACPI: PCI: Interrupt link LNKE configured for IRQ 10"}
- {"dt": "2022-06-03T05:39:46.742559", "lvl": "target", "msg": "<6>[    1.668239] ACPI: PCI: Interrupt link LNKF configured for IRQ 10"}
- {"dt": "2022-06-03T05:39:46.742808", "lvl": "target", "msg": "<6>[    1.669340] ACPI: PCI: Interrupt link LNKG configured for IRQ 11"}
- {"dt": "2022-06-03T05:39:46.743058", "lvl": "target", "msg": "<6>[    1.671922] ACPI: PCI: Interrupt link LNKH configured for IRQ 11"}
- {"dt": "2022-06-03T05:39:46.743322", "lvl": "target", "msg": "<6>[    1.672266] ACPI: PCI: Interrupt link GSIA configured for IRQ 16"}
- {"dt": "2022-06-03T05:39:46.743576", "lvl": "target", "msg": "<6>[    1.672449] ACPI: PCI: Interrupt link GSIB configured for IRQ 17"}
- {"dt": "2022-06-03T05:39:46.743824", "lvl": "target", "msg": "<6>[    1.672621] ACPI: PCI: Interrupt link GSIC configured for IRQ 18"}
- {"dt": "2022-06-03T05:39:46.744075", "lvl": "target", "msg": "<6>[    1.672922] ACPI: PCI: Interrupt link GSID configured for IRQ 19"}
- {"dt": "2022-06-03T05:39:46.744326", "lvl": "target", "msg": "<6>[    1.673143] ACPI: PCI: Interrupt link GSIE configured for IRQ 20"}
- {"dt": "2022-06-03T05:39:46.744576", "lvl": "target", "msg": "<6>[    1.673326] ACPI: PCI: Interrupt link GSIF configured for IRQ 21"}
- {"dt": "2022-06-03T05:39:47.802330", "lvl": "target", "msg": "<6>[    1.673507] ACPI: PCI: Interrupt link GSIG configured for IRQ 22"}
- {"dt": "2022-06-03T05:39:47.802568", "lvl": "target", "msg": "<6>[    1.673951] ACPI: PCI: Interrupt link GSIH configured for IRQ 23"}
- {"dt": "2022-06-03T05:39:47.802684", "lvl": "target", "msg": "<6>[    1.681335] iommu: Default domain type: Translated "}
- {"dt": "2022-06-03T05:39:47.802793", "lvl": "target", "msg": "<6>[    1.681394] iommu: DMA domain TLB invalidation policy: lazy mode "}
- {"dt": "2022-06-03T05:39:47.802904", "lvl": "target", "msg": "<5>[    1.684019] SCSI subsystem initialized"}
- {"dt": "2022-06-03T05:39:47.803007", "lvl": "target", "msg": "<7>[    1.686265] libata version 3.00 loaded."}
- {"dt": "2022-06-03T05:39:47.803106", "lvl": "target", "msg": "<6>[    1.688914] ACPI: bus type USB registered"}
- {"dt": "2022-06-03T05:39:47.803209", "lvl": "target", "msg": "<6>[    1.690041] usbcore: registered new interface driver usbfs"}
- {"dt": "2022-06-03T05:39:47.803338", "lvl": "target", "msg": "<6>[    1.690527] usbcore: registered new interface driver hub"}
- {"dt": "2022-06-03T05:39:47.803453", "lvl": "target", "msg": "<6>[    1.690967] usbcore: registered new device driver usb"}
- {"dt": "2022-06-03T05:39:47.803549", "lvl": "target", "msg": "<6>[    1.691546] mc: Linux media interface: v0.10"}
- {"dt": "2022-06-03T05:39:47.803647", "lvl": "target", "msg": "<6>[    1.691927] videodev: Linux video capture interface: v2.00"}
- {"dt": "2022-06-03T05:39:47.803758", "lvl": "target", "msg": "<6>[    1.692133] pps_core: LinuxPPS API ver. 1 registered"}
- {"dt": "2022-06-03T05:39:47.803875", "lvl": "target", "msg": "<6>[    1.692156] pps_core: Software ver. 5.3.6 - Copyright 2005-2007 Rodolfo Giometti <giometti@linux.it>"}
- {"dt": "2022-06-03T05:39:47.803992", "lvl": "target", "msg": "<6>[    1.692264] PTP clock support registered"}
- {"dt": "2022-06-03T05:39:47.804112", "lvl": "target", "msg": "<6>[    1.700636] Advanced Linux Sound Architecture Driver Initialized."}
- {"dt": "2022-06-03T05:39:47.804232", "lvl": "target", "msg": "<6>[    1.718946] NetLabel: Initializing"}
- {"dt": "2022-06-03T05:39:47.804349", "lvl": "target", "msg": "<6>[    1.718979] NetLabel:  domain hash size = 128"}
- {"dt": "2022-06-03T05:39:47.804467", "lvl": "target", "msg": "<6>[    1.719075] NetLabel:  protocols = UNLABELED CIPSOv4 CALIPSO"}
- {"dt": "2022-06-03T05:39:47.804582", "lvl": "target", "msg": "<6>[    1.722396] NetLabel:  unlabeled traffic allowed by default"}
- {"dt": "2022-06-03T05:39:47.804705", "lvl": "target", "msg": "<6>[    1.732584] PCI: Using ACPI for IRQ routing"}
- {"dt": "2022-06-03T05:39:47.804822", "lvl": "target", "msg": "<7>[    1.750230] PCI: pci_cache_line_size set to 64 bytes"}
- {"dt": "2022-06-03T05:39:47.804938", "lvl": "target", "msg": "<7>[    1.751116] e820: reserve RAM buffer [mem 0x0009fc00-0x0009ffff]"}
- {"dt": "2022-06-03T05:39:47.805051", "lvl": "target", "msg": "<7>[    1.751416] e820: reserve RAM buffer [mem 0x3ffdf000-0x3fffffff]"}
- {"dt": "2022-06-03T05:39:47.805164", "lvl": "target", "msg": "<6>[    1.754545] pci 0000:00:01.0: vgaarb: setting as boot VGA device"}
- {"dt": "2022-06-03T05:39:47.805277", "lvl": "target", "msg": "<6>[    1.754751] pci 0000:00:01.0: vgaarb: bridge control possible"}
- {"dt": "2022-06-03T05:39:47.805398", "lvl": "target", "msg": "<6>[    1.754866] pci 0000:00:01.0: vgaarb: VGA device added: decodes=io+mem,owns=io+mem,locks=none"}
- {"dt": "2022-06-03T05:39:47.805517", "lvl": "target", "msg": "<6>[    1.754971] vgaarb: loaded"}
- {"dt": "2022-06-03T05:39:47.805635", "lvl": "target", "msg": "<6>[    1.761333] hpet: 3 channels of 0 reserved for per-cpu timers"}
- {"dt": "2022-06-03T05:39:47.805753", "lvl": "target", "msg": "<6>[    1.761985] hpet0: at MMIO 0xfed00000, IRQs 2, 8, 0"}
- {"dt": "2022-06-03T05:39:47.805871", "lvl": "target", "msg": "<6>[    1.762124] hpet0: 3 comparators, 64-bit 100.000000 MHz counter"}
- {"dt": "2022-06-03T05:39:49.148390", "lvl": "target", "msg": "<6>[    1.774280] clocksource: Switched to clocksource tsc-early"}
- {"dt": "2022-06-03T05:39:49.148625", "lvl": "target", "msg": "<5>[    1.781936] VFS: Disk quotas dquot_6.6.0"}
- {"dt": "2022-06-03T05:39:49.148749", "lvl": "target", "msg": "<6>[    1.781936] VFS: Dquot-cache hash table entries: 512 (order 0, 4096 bytes)"}
- {"dt": "2022-06-03T05:39:49.148864", "lvl": "target", "msg": "<6>[    1.781936] pnp: PnP ACPI init"}
- {"dt": "2022-06-03T05:39:49.148974", "lvl": "target", "msg": "<6>[    1.806584] system 00:05: [mem 0xb0000000-0xbfffffff window] has been reserved"}
- {"dt": "2022-06-03T05:39:49.149080", "lvl": "target", "msg": "<6>[    1.808933] pnp: PnP ACPI: found 6 devices"}
- {"dt": "2022-06-03T05:39:49.149181", "lvl": "target", "msg": "<6>[    1.895280] clocksource: acpi_pm: mask: 0xffffff max_cycles: 0xffffff, max_idle_ns: 2085701024 ns"}
- {"dt": "2022-06-03T05:39:49.149284", "lvl": "target", "msg": "<6>[    1.896860] NET: Registered PF_INET protocol family"}
- {"dt": "2022-06-03T05:39:49.149393", "lvl": "target", "msg": "<6>[    1.907320] IP idents hash table entries: 16384 (order: 5, 131072 bytes, linear)"}
- {"dt": "2022-06-03T05:39:49.149510", "lvl": "target", "msg": "<6>[    1.931790] tcp_listen_portaddr_hash hash table entries: 512 (order: 1, 8192 bytes, linear)"}
- {"dt": "2022-06-03T05:39:49.149627", "lvl": "target", "msg": "<6>[    1.932262] TCP established hash table entries: 8192 (order: 4, 65536 bytes, linear)"}
- {"dt": "2022-06-03T05:39:49.149745", "lvl": "target", "msg": "<6>[    1.932750] TCP bind bhash tables hash table entries: 8192 (order: 5, 196608 bytes, linear)"}
- {"dt": "2022-06-03T05:39:49.149863", "lvl": "target", "msg": "<6>[    1.933810] TCP: Hash tables configured (established 8192 bind 8192)"}
- {"dt": "2022-06-03T05:39:49.149982", "lvl": "target", "msg": "<6>[    1.943757] MPTCP token hash table entries: 1024 (order: 2, 24576 bytes, linear)"}
- {"dt": "2022-06-03T05:39:49.150100", "lvl": "target", "msg": "<6>[    1.944351] UDP hash table entries: 512 (order: 2, 16384 bytes, linear)"}
- {"dt": "2022-06-03T05:39:49.150208", "lvl": "target", "msg": "<6>[    1.944704] UDP-Lite hash table entries: 512 (order: 2, 16384 bytes, linear)"}
- {"dt": "2022-06-03T05:39:49.150304", "lvl": "target", "msg": "<6>[    1.954370] NET: Registered PF_UNIX/PF_LOCAL protocol family"}
- {"dt": "2022-06-03T05:39:49.150404", "lvl": "target", "msg": "<6>[    1.966216] RPC: Registered named UNIX socket transport module."}
- {"dt": "2022-06-03T05:39:49.150515", "lvl": "target", "msg": "<6>[    1.966303] RPC: Registered udp transport module."}
- {"dt": "2022-06-03T05:39:49.150630", "lvl": "target", "msg": "<6>[    1.966322] RPC: Registered tcp transport module."}
- {"dt": "2022-06-03T05:39:49.150748", "lvl": "target", "msg": "<6>[    1.966339] RPC: Registered tcp NFSv4.1 backchannel transport module."}
- {"dt": "2022-06-03T05:39:49.150862", "lvl": "target", "msg": "<6>[    1.970794] pci_bus 0000:00: resource 4 [io  0x0000-0x0cf7 window]"}
- {"dt": "2022-06-03T05:39:49.150976", "lvl": "target", "msg": "<6>[    1.970851] pci_bus 0000:00: resource 5 [io  0x0d00-0xffff window]"}
- {"dt": "2022-06-03T05:39:49.151092", "lvl": "target", "msg": "<6>[    1.970871] pci_bus 0000:00: resource 6 [mem 0x000a0000-0x000bffff window]"}
- {"dt": "2022-06-03T05:39:49.151207", "lvl": "target", "msg": "<6>[    1.970890] pci_bus 0000:00: resource 7 [mem 0x40000000-0xafffffff window]"}
- {"dt": "2022-06-03T05:39:49.151340", "lvl": "target", "msg": "<6>[    1.974982] pci_bus 0000:00: resource 8 [mem 0xc0000000-0xfebfffff window]"}
- {"dt": "2022-06-03T05:39:50.811608", "lvl": "target", "msg": "<6>[    1.975011] pci_bus 0000:00: resource 9 [mem 0x100000000-0x8ffffffff window]"}
- {"dt": "2022-06-03T05:39:50.811851", "lvl": "target", "msg": "<6>[    1.976926] PCI: CLS 0 bytes, default 64"}
- {"dt": "2022-06-03T05:39:50.811973", "lvl": "target", "msg": "<3>[    1.979550] kvm: no hardware support for 'kvm_intel'"}
- {"dt": "2022-06-03T05:39:50.812080", "lvl": "target", "msg": "<6>[    1.979704] has_svm: not amd or hygon"}
- {"dt": "2022-06-03T05:39:50.812186", "lvl": "target", "msg": "<3>[    1.979743] kvm: no hardware support for 'kvm_amd'"}
- {"dt": "2022-06-03T05:39:50.812293", "lvl": "target", "msg": "<6>[    2.013148] CPU feature 'AVX registers' is not supported."}
- {"dt": "2022-06-03T05:39:50.812394", "lvl": "target", "msg": "<6>[    2.034634] cryptomgr_test (46) used greatest stack depth: 15456 bytes left"}
- {"dt": "2022-06-03T05:39:50.812496", "lvl": "target", "msg": "<6>[    2.039590] CPU feature 'AVX registers' is not supported."}
- {"dt": "2022-06-03T05:39:50.812606", "lvl": "target", "msg": "<6>[    2.039687] AVX2 instructions are not detected."}
- {"dt": "2022-06-03T05:39:50.812731", "lvl": "target", "msg": "<6>[    2.043563] AVX or AES-NI instructions are not detected."}
- {"dt": "2022-06-03T05:39:50.812832", "lvl": "target", "msg": "<6>[    2.043636] AVX2 or AES-NI instructions are not detected."}
- {"dt": "2022-06-03T05:39:50.812932", "lvl": "target", "msg": "<6>[    2.045020] CPU feature 'AVX registers' is not supported."}
- {"dt": "2022-06-03T05:39:50.813044", "lvl": "target", "msg": "<6>[    2.045113] CPU feature 'AVX registers' is not supported."}
- {"dt": "2022-06-03T05:39:50.813160", "lvl": "target", "msg": "<6>[    2.062339] PCLMULQDQ-NI instructions are not detected."}
- {"dt": "2022-06-03T05:39:50.813276", "lvl": "target", "msg": "<5>[    2.409017] Initialise system trusted keyrings"}
- {"dt": "2022-06-03T05:39:50.813393", "lvl": "target", "msg": "<6>[    2.422381] workingset: timestamp_bits=40 max_order=18 bucket_order=0"}
- {"dt": "2022-06-03T05:39:50.813513", "lvl": "target", "msg": "<5>[    2.506745] NFS: Registering the id_resolver key type"}
- {"dt": "2022-06-03T05:39:50.813633", "lvl": "target", "msg": "<5>[    2.508411] Key type id_resolver registered"}
- {"dt": "2022-06-03T05:39:50.813754", "lvl": "target", "msg": "<5>[    2.508478] Key type id_legacy registered"}
- {"dt": "2022-06-03T05:39:50.813870", "lvl": "target", "msg": "<6>[    2.511328] 9p: Installing v9fs 9p2000 file system support"}
- {"dt": "2022-06-03T05:39:50.813983", "lvl": "target", "msg": "<6>[    2.613065] NET: Registered PF_ALG protocol family"}
- {"dt": "2022-06-03T05:39:50.814096", "lvl": "target", "msg": "<6>[    2.613407] xor: measuring software checksum speed"}
- {"dt": "2022-06-03T05:39:50.814210", "lvl": "target", "msg": "<6>[    2.627969]    prefetch64-sse  :   800 MB/sec"}
- {"dt": "2022-06-03T05:39:50.814324", "lvl": "target", "msg": "<6>[    2.648851]    generic_sse     :   799 MB/sec"}
- {"dt": "2022-06-03T05:39:50.814438", "lvl": "target", "msg": "<6>[    2.649024] xor: using function: prefetch64-sse (800 MB/sec)"}
- {"dt": "2022-06-03T05:39:50.814555", "lvl": "target", "msg": "<5>[    2.649178] Key type asymmetric registered"}
- {"dt": "2022-06-03T05:39:50.814675", "lvl": "target", "msg": "<5>[    2.649303] Asymmetric key parser 'x509' registered"}
- {"dt": "2022-06-03T05:39:50.814793", "lvl": "target", "msg": "<6>[    2.656273] Block layer SCSI generic (bsg) driver version 0.4 loaded (major 250)"}
- {"dt": "2022-06-03T05:39:50.814910", "lvl": "target", "msg": "<6>[    2.658807] io scheduler mq-deadline registered"}
- {"dt": "2022-06-03T05:39:50.815026", "lvl": "target", "msg": "<6>[    2.659580] io scheduler kyber registered"}
- {"dt": "2022-06-03T05:39:50.815142", "lvl": "target", "msg": "<6>[    2.667775] input: Power Button as /devices/LNXSYSTM:00/LNXPWRBN:00/input/input0"}
- {"dt": "2022-06-03T05:39:50.815261", "lvl": "target", "msg": "<6>[    2.688009] ACPI: button: Power Button [PWRF]"}
- {"dt": "2022-06-03T05:39:52.809153", "lvl": "target", "msg": "<6>[    2.703605] Serial: 8250/16550 driver, 4 ports, IRQ sharing enabled"}
- {"dt": "2022-06-03T05:39:52.809394", "lvl": "target", "msg": "<6>[    2.707118] 00:03: ttyS0 at I/O 0x3f8 (irq = 4, base_baud = 115200) is a 16550A"}
- {"dt": "2022-06-03T05:39:52.809508", "lvl": "target", "msg": "<6>[    2.748457] Non-volatile memory driver v1.3"}
- {"dt": "2022-06-03T05:39:52.809619", "lvl": "target", "msg": "<6>[    2.748564] Linux agpgart interface v0.103"}
- {"dt": "2022-06-03T05:39:52.809727", "lvl": "target", "msg": "<6>[    2.753004] ACPI: bus type drm_connector registered"}
- {"dt": "2022-06-03T05:39:52.809830", "lvl": "target", "msg": "<6>[    2.862753] loop: module loaded"}
- {"dt": "2022-06-03T05:39:52.809927", "lvl": "target", "msg": "<7>[    2.866614] ahci 0000:00:1f.2: version 3.0"}
- {"dt": "2022-06-03T05:39:52.810023", "lvl": "target", "msg": "<6>[    2.880559] ACPI: \\_SB_.GSIA: Enabled at IRQ 16"}
- {"dt": "2022-06-03T05:39:52.810130", "lvl": "target", "msg": "<6>[    2.912604] ahci 0000:00:1f.2: AHCI 0001.0000 32 slots 6 ports 1.5 Gbps 0x3f impl SATA mode"}
- {"dt": "2022-06-03T05:39:52.810243", "lvl": "target", "msg": "<6>[    2.912807] ahci 0000:00:1f.2: flags: 64bit ncq only "}
- {"dt": "2022-06-03T05:39:52.810339", "lvl": "target", "msg": "<6>[    2.943520] scsi host0: ahci"}
- {"dt": "2022-06-03T05:39:52.810438", "lvl": "target", "msg": "<6>[    2.969775] scsi host1: ahci"}
- {"dt": "2022-06-03T05:39:52.810544", "lvl": "target", "msg": "<6>[    2.972635] scsi host2: ahci"}
- {"dt": "2022-06-03T05:39:52.810663", "lvl": "target", "msg": "<6>[    2.975786] scsi host3: ahci"}
- {"dt": "2022-06-03T05:39:52.810778", "lvl": "target", "msg": "<6>[    2.978502] scsi host4: ahci"}
- {"dt": "2022-06-03T05:39:52.810894", "lvl": "target", "msg": "<6>[    2.981469] scsi host5: ahci"}
- {"dt": "2022-06-03T05:39:52.811009", "lvl": "target", "msg": "<6>[    2.983531] ata1: SATA max UDMA/133 abar m4096@0xfebf1000 port 0xfebf1100 irq 24"}
- {"dt": "2022-06-03T05:39:52.811128", "lvl": "target", "msg": "<6>[    2.983646] ata2: SATA max UDMA/133 abar m4096@0xfebf1000 port 0xfebf1180 irq 24"}
- {"dt": "2022-06-03T05:39:52.811243", "lvl": "target", "msg": "<6>[    2.983664] ata3: SATA max UDMA/133 abar m4096@0xfebf1000 port 0xfebf1200 irq 24"}
- {"dt": "2022-06-03T05:39:52.811380", "lvl": "target", "msg": "<6>[    2.983679] ata4: SATA max UDMA/133 abar m4096@0xfebf1000 port 0xfebf1280 irq 24"}
- {"dt": "2022-06-03T05:39:52.811501", "lvl": "target", "msg": "<6>[    2.983693] ata5: SATA max UDMA/133 abar m4096@0xfebf1000 port 0xfebf1300 irq 24"}
- {"dt": "2022-06-03T05:39:52.811616", "lvl": "target", "msg": "<6>[    2.983706] ata6: SATA max UDMA/133 abar m4096@0xfebf1000 port 0xfebf1380 irq 24"}
- {"dt": "2022-06-03T05:39:52.811729", "lvl": "target", "msg": "<6>[    2.998608] e100: Intel(R) PRO/100 Network Driver"}
- {"dt": "2022-06-03T05:39:52.811843", "lvl": "target", "msg": "<6>[    2.998648] e100: Copyright(c) 1999-2006 Intel Corporation"}
- {"dt": "2022-06-03T05:39:52.811958", "lvl": "target", "msg": "<6>[    2.998796] e1000: Intel(R) PRO/1000 Network Driver"}
- {"dt": "2022-06-03T05:39:52.812071", "lvl": "target", "msg": "<6>[    2.998815] e1000: Copyright (c) 1999-2006 Intel Corporation."}
- {"dt": "2022-06-03T05:39:52.812184", "lvl": "target", "msg": "<6>[    3.000865] e1000e: Intel(R) PRO/1000 Network Driver"}
- {"dt": "2022-06-03T05:39:52.812297", "lvl": "target", "msg": "<6>[    3.000987] e1000e: Copyright(c) 1999 - 2015 Intel Corporation."}
- {"dt": "2022-06-03T05:39:52.812412", "lvl": "target", "msg": "<6>[    3.001203] igb: Intel(R) Gigabit Ethernet Network Driver"}
- {"dt": "2022-06-03T05:39:52.812533", "lvl": "target", "msg": "<6>[    3.001225] igb: Copyright (c) 2007-2014 Intel Corporation."}
- {"dt": "2022-06-03T05:39:52.812652", "lvl": "target", "msg": "<6>[    3.001373] sky2: driver version 1.30"}
- {"dt": "2022-06-03T05:39:52.812800", "lvl": "target", "msg": "<6>[    3.001696] QLogic FastLinQ 4xxxx Core Module qed"}
- {"dt": "2022-06-03T05:39:55.180371", "lvl": "target", "msg": "<6>[    3.001879] qede init: QLogic FastLinQ 4xxxx Ethernet Driver qede"}
- {"dt": "2022-06-03T05:39:55.180616", "lvl": "target", "msg": "<6>[    3.006112] usbcore: registered new interface driver asix"}
- {"dt": "2022-06-03T05:39:55.180748", "lvl": "target", "msg": "<6>[    3.006262] usbcore: registered new interface driver ax88179_178a"}
- {"dt": "2022-06-03T05:39:55.180861", "lvl": "target", "msg": "<6>[    3.006380] usbcore: registered new interface driver cdc_ether"}
- {"dt": "2022-06-03T05:39:55.180972", "lvl": "target", "msg": "<6>[    3.006495] usbcore: registered new interface driver net1080"}
- {"dt": "2022-06-03T05:39:55.181077", "lvl": "target", "msg": "<6>[    3.006609] usbcore: registered new interface driver cdc_subset"}
- {"dt": "2022-06-03T05:39:55.181175", "lvl": "target", "msg": "<6>[    3.006740] usbcore: registered new interface driver zaurus"}
- {"dt": "2022-06-03T05:39:55.181276", "lvl": "target", "msg": "<6>[    3.007161] usbcore: registered new interface driver cdc_ncm"}
- {"dt": "2022-06-03T05:39:55.181385", "lvl": "target", "msg": "<6>[    3.011677] ehci_hcd: USB 2.0 'Enhanced' Host Controller (EHCI) Driver"}
- {"dt": "2022-06-03T05:39:55.181490", "lvl": "target", "msg": "<6>[    3.012051] ehci-pci: EHCI PCI platform driver"}
- {"dt": "2022-06-03T05:39:55.181586", "lvl": "target", "msg": "<6>[    3.013401] ohci_hcd: USB 1.1 'Open' Host Controller (OHCI) Driver"}
- {"dt": "2022-06-03T05:39:55.181684", "lvl": "target", "msg": "<6>[    3.013540] ohci-pci: OHCI PCI platform driver"}
- {"dt": "2022-06-03T05:39:55.181793", "lvl": "target", "msg": "<6>[    3.013878] uhci_hcd: USB Universal Host Controller Interface driver"}
- {"dt": "2022-06-03T05:39:55.181912", "lvl": "target", "msg": "<6>[    3.016384] usbcore: registered new interface driver usblp"}
- {"dt": "2022-06-03T05:39:55.182026", "lvl": "target", "msg": "<6>[    3.016662] usbcore: registered new interface driver usb-storage"}
- {"dt": "2022-06-03T05:39:55.182144", "lvl": "target", "msg": "<6>[    3.018247] i8042: PNP: PS/2 Controller [PNP0303:KBD,PNP0f13:MOU] at 0x60,0x64 irq 1,12"}
- {"dt": "2022-06-03T05:39:55.182264", "lvl": "target", "msg": "<6>[    3.025324] serio: i8042 KBD port at 0x60,0x64 irq 1"}
- {"dt": "2022-06-03T05:39:55.182382", "lvl": "target", "msg": "<6>[    3.025682] serio: i8042 AUX port at 0x60,0x64 irq 12"}
- {"dt": "2022-06-03T05:39:55.182501", "lvl": "target", "msg": "<6>[    3.033199] rtc_cmos 00:04: RTC can wake from S4"}
- {"dt": "2022-06-03T05:39:55.182613", "lvl": "target", "msg": "<6>[    3.043218] tsc: Refined TSC clocksource calibration: 3000.003 MHz"}
- {"dt": "2022-06-03T05:39:55.182725", "lvl": "target", "msg": "<6>[    3.043540] clocksource: tsc: mask: 0xffffffffffffffff max_cycles: 0x2b3e47e4533, max_idle_ns: 440795202126 ns"}
- {"dt": "2022-06-03T05:39:55.182841", "lvl": "target", "msg": "<6>[    3.053669] input: AT Translated Set 2 keyboard as /devices/platform/i8042/serio0/input/input1"}
- {"dt": "2022-06-03T05:39:55.182956", "lvl": "target", "msg": "<6>[    3.054625] rtc_cmos 00:04: registered as rtc0"}
- {"dt": "2022-06-03T05:39:55.183069", "lvl": "target", "msg": "<6>[    3.055728] rtc_cmos 00:04: alarms up to one day, y3k, 242 bytes nvram, hpet irqs"}
- {"dt": "2022-06-03T05:39:55.183182", "lvl": "target", "msg": "<6>[    3.069246] i801_smbus 0000:00:1f.3: SMBus using PCI interrupt"}
- {"dt": "2022-06-03T05:39:55.183295", "lvl": "target", "msg": "<6>[    3.071234] clocksource: Switched to clocksource tsc"}
- {"dt": "2022-06-03T05:39:55.183437", "lvl": "target", "msg": "<6>[    3.081713] i2c i2c-0: 1/1 memory slots populated (from DMI)"}
- {"dt": "2022-06-03T05:39:59.477304", "lvl": "target", "msg": "<6>[    3.081787] i2c i2c-0: Memory type 0x07 not supported yet, not instantiating SPD"}
- {"dt": "2022-06-03T05:39:59.478208", "lvl": "target", "msg": "<3>[    3.083652] fail to initialize ptp_kvm"}
- {"dt": "2022-06-03T05:39:59.478653", "lvl": "target", "msg": "<6>[    3.087280] device-mapper: ioctl: 4.46.0-ioctl (2022-02-22) initialised: dm-devel@redhat.com"}
- {"dt": "2022-06-03T05:39:59.479008", "lvl": "target", "msg": "<6>[    3.087675] intel_pstate: CPU model not supported"}
- {"dt": "2022-06-03T05:39:59.479382", "lvl": "target", "msg": "<6>[    3.182124] kworker/u4:7 (73) used greatest stack depth: 14472 bytes left"}
- {"dt": "2022-06-03T05:39:59.479747", "lvl": "target", "msg": "<6>[    3.202505] hid: raw HID events driver (C) Jiri Kosina"}
- {"dt": "2022-06-03T05:39:59.480102", "lvl": "target", "msg": "<6>[    3.213209] usbcore: registered new interface driver usbhid"}
- {"dt": "2022-06-03T05:39:59.480481", "lvl": "target", "msg": "<6>[    3.213209] usbhid: USB HID core driver"}
- {"dt": "2022-06-03T05:39:59.480846", "lvl": "target", "msg": "<6>[    3.246449] Initializing XFRM netlink socket"}
- {"dt": "2022-06-03T05:39:59.481195", "lvl": "target", "msg": "<6>[    3.257210] NET: Registered PF_INET6 protocol family"}
- {"dt": "2022-06-03T05:39:59.481547", "lvl": "target", "msg": "<6>[    3.304395] Segment Routing with IPv6"}
- {"dt": "2022-06-03T05:39:59.481903", "lvl": "target", "msg": "<6>[    3.304761] In-situ OAM (IOAM) with IPv6"}
- {"dt": "2022-06-03T05:39:59.482258", "lvl": "target", "msg": "<6>[    3.307174] sit: IPv6, IPv4 and MPLS over IPv4 tunneling driver"}
- {"dt": "2022-06-03T05:39:59.482610", "lvl": "target", "msg": "<6>[    3.313138] NET: Registered PF_PACKET protocol family"}
- {"dt": "2022-06-03T05:39:59.482966", "lvl": "target", "msg": "<6>[    3.316030] 9pnet: Installing 9P2000 support"}
- {"dt": "2022-06-03T05:39:59.483361", "lvl": "target", "msg": "<5>[    3.316542] Key type dns_resolver registered"}
- {"dt": "2022-06-03T05:39:59.483717", "lvl": "target", "msg": "<6>[    3.319613] ata1: SATA link up 1.5 Gbps (SStatus 113 SControl 300)"}
- {"dt": "2022-06-03T05:39:59.484060", "lvl": "target", "msg": "<6>[    3.322204] ata3: SATA link up 1.5 Gbps (SStatus 113 SControl 300)"}
- {"dt": "2022-06-03T05:39:59.484465", "lvl": "target", "msg": "<6>[    3.322959] IPI shorthand broadcast: enabled"}
- {"dt": "2022-06-03T05:39:59.484853", "lvl": "target", "msg": "<6>[    3.324503] sched_clock: Marking stable (3256348939, 67910308)->(3764367267, -440108020)"}
- {"dt": "2022-06-03T05:39:59.485207", "lvl": "target", "msg": "<6>[    3.336489] ata2: SATA link down (SStatus 0 SControl 300)"}
- {"dt": "2022-06-03T05:39:59.485564", "lvl": "target", "msg": "<6>[    3.339470] ata1.00: ATA-7: QEMU HARDDISK, 2.5+, max UDMA/100"}
- {"dt": "2022-06-03T05:39:59.485923", "lvl": "target", "msg": "<6>[    3.339767] ata1.00: 5925912 sectors, multi 16: LBA48 NCQ (depth 32)"}
- {"dt": "2022-06-03T05:39:59.486284", "lvl": "target", "msg": "<6>[    3.340184] ata1.00: applying bridge limits"}
- {"dt": "2022-06-03T05:39:59.486644", "lvl": "target", "msg": "<6>[    3.341734] ata3.00: ATAPI: QEMU DVD-ROM, 2.5+, max UDMA/100"}
- {"dt": "2022-06-03T05:39:59.486995", "lvl": "target", "msg": "<6>[    3.341799] ata3.00: applying bridge limits"}
- {"dt": "2022-06-03T05:39:59.487378", "lvl": "target", "msg": "<6>[    3.341963] ata6: SATA link down (SStatus 0 SControl 300)"}
- {"dt": "2022-06-03T05:39:59.487731", "lvl": "target", "msg": "<6>[    3.348449] ata5: SATA link down (SStatus 0 SControl 300)"}
- {"dt": "2022-06-03T05:39:59.488092", "lvl": "target", "msg": "<6>[    3.348537] ata4: SATA link down (SStatus 0 SControl 300)"}
- {"dt": "2022-06-03T05:39:59.488460", "lvl": "target", "msg": "<6>[    3.349672] ata3.00: configured for UDMA/100"}
- {"dt": "2022-06-03T05:39:59.488827", "lvl": "target", "msg": "<6>[    3.353107] ata1.00: configured for UDMA/100"}
- {"dt": "2022-06-03T05:39:59.489188", "lvl": "target", "msg": "<6>[    3.354558] registered taskstats version 1"}
- {"dt": "2022-06-03T05:40:06.456844", "lvl": "target", "msg": "<5>[    3.354630] Loading compiled-in X.509 certificates"}
- {"dt": "2022-06-03T05:40:06.458175", "lvl": "target", "msg": "<5>[    3.391663] scsi 0:0:0:0: Direct-Access     ATA      QEMU HARDDISK    2.5+ PQ: 0 ANSI: 5"}
- {"dt": "2022-06-03T05:40:06.458925", "lvl": "target", "msg": "<5>[    3.417847] sd 0:0:0:0: [sda] 5925912 512-byte logical blocks: (3.03 GB/2.83 GiB)"}
- {"dt": "2022-06-03T05:40:06.459552", "lvl": "target", "msg": "<5>[    3.425759] sd 0:0:0:0: Attached scsi generic sg0 type 0"}
- {"dt": "2022-06-03T05:40:06.460135", "lvl": "target", "msg": "<5>[    3.426559] sd 0:0:0:0: [sda] Write Protect is off"}
- {"dt": "2022-06-03T05:40:06.460730", "lvl": "target", "msg": "<7>[    3.426649] sd 0:0:0:0: [sda] Mode Sense: 00 3a 00 00"}
- {"dt": "2022-06-03T05:40:06.461312", "lvl": "target", "msg": "<5>[    3.427520] sd 0:0:0:0: [sda] Write cache: enabled, read cache: enabled, doesn't support DPO or FUA"}
- {"dt": "2022-06-03T05:40:06.461895", "lvl": "target", "msg": "<6>[    3.430112] sd 0:0:0:0: [sda] Preferred minimum I/O size 512 bytes"}
- {"dt": "2022-06-03T05:40:06.462473", "lvl": "target", "msg": "<5>[    3.441416] scsi 2:0:0:0: CD-ROM            QEMU     QEMU DVD-ROM     2.5+ PQ: 0 ANSI: 5"}
- {"dt": "2022-06-03T05:40:06.463038", "lvl": "target", "msg": "<6>[    3.447811] PM:   Magic number: 10:883:667"}
- {"dt": "2022-06-03T05:40:06.463652", "lvl": "target", "msg": "<6>[    3.449342] printk: console [netcon0] enabled"}
- {"dt": "2022-06-03T05:40:06.464230", "lvl": "target", "msg": "<6>[    3.449372] netconsole: network logging started"}
- {"dt": "2022-06-03T05:40:06.464815", "lvl": "target", "msg": "<6>[    3.458815] printk: console [netcon0] printing thread started"}
- {"dt": "2022-06-03T05:40:06.465388", "lvl": "target", "msg": "<5>[    3.464445] cfg80211: Loading compiled-in X.509 certificates for regulatory database"}
- {"dt": "2022-06-03T05:40:06.465982", "lvl": "target", "msg": "<6>[    3.488706] cryptomgr_probe (197) used greatest stack depth: 14264 bytes left"}
- {"dt": "2022-06-03T05:40:06.466561", "lvl": "target", "msg": "<5>[    3.496873] sd 0:0:0:0: [sda] Attached SCSI disk"}
- {"dt": "2022-06-03T05:40:06.467140", "lvl": "target", "msg": "<5>[    3.504801] cfg80211: Loaded X.509 cert 'sforshee: 00b28ddf47aef9cea7'"}
- {"dt": "2022-06-03T05:40:06.467725", "lvl": "target", "msg": "<6>[    3.512328] ALSA device list:"}
- {"dt": "2022-06-03T05:40:06.468291", "lvl": "target", "msg": "<6>[    3.512440]   No soundcards found."}
- {"dt": "2022-06-03T05:40:06.468872", "lvl": "target", "msg": "<4>[    3.514772] platform regulatory.0: Direct firmware load for regulatory.db failed with error -2"}
- {"dt": "2022-06-03T05:40:06.469449", "lvl": "target", "msg": "<6>[    3.519547] cfg80211: failed to load regulatory.db"}
- {"dt": "2022-06-03T05:40:06.470023", "lvl": "target", "msg": "<6>[    3.520764] sr 2:0:0:0: [sr0] scsi3-mmc drive: 4x/4x cd/rw xa/form2 tray"}
- {"dt": "2022-06-03T05:40:06.470584", "lvl": "target", "msg": "<6>[    3.521722] cdrom: Uniform CD-ROM driver Revision: 3.20"}
- {"dt": "2022-06-03T05:40:06.471157", "lvl": "target", "msg": "<7>[    3.580707] sr 2:0:0:0: Attached scsi CD-ROM sr0"}
- {"dt": "2022-06-03T05:40:06.471754", "lvl": "target", "msg": "<5>[    3.583799] sr 2:0:0:0: Attached scsi generic sg1 type 5"}
- {"dt": "2022-06-03T05:40:06.472330", "lvl": "target", "msg": "<6>[    3.718294] input: ImExPS/2 Generic Explorer Mouse as /devices/platform/i8042/serio1/input/input3"}
- {"dt": "2022-06-03T05:40:06.472925", "lvl": "target", "msg": "<6>[   13.603992] md: Waiting for all devices to be available before autodetect"}
- {"dt": "2022-06-03T05:40:15.469420", "lvl": "target", "msg": "<6>[   13.604044] md: If you don't use raid, use raid=noautodetect"}
- {"dt": "2022-06-03T05:40:15.470190", "lvl": "target", "msg": "<6>[   13.604136] md: Autodetecting RAID arrays."}
- {"dt": "2022-06-03T05:40:15.470700", "lvl": "target", "msg": "<6>[   13.604202] md: autorun ..."}
- {"dt": "2022-06-03T05:40:15.471113", "lvl": "target", "msg": "<6>[   13.604225] md: ... autorun DONE."}
- {"dt": "2022-06-03T05:40:15.471540", "lvl": "target", "msg": "<6>[   13.701695] EXT4-fs (sda): mounted filesystem with ordered data mode. Quota mode: none."}
- {"dt": "2022-06-03T05:40:15.471942", "lvl": "target", "msg": "<6>[   13.702255] VFS: Mounted root (ext4 filesystem) readonly on device 8:0."}
- {"dt": "2022-06-03T05:40:15.472340", "lvl": "target", "msg": "<6>[   13.712840] devtmpfs: mounted"}
- {"dt": "2022-06-03T05:40:15.472748", "lvl": "target", "msg": "<6>[   13.829088] Freeing unused kernel image (initmem) memory: 1816K"}
- {"dt": "2022-06-03T05:40:15.473145", "lvl": "target", "msg": "<6>[   13.838462] Write protecting the kernel read-only data: 30720k"}
- {"dt": "2022-06-03T05:40:15.473544", "lvl": "target", "msg": "<6>[   13.850067] Freeing unused kernel image (text/rodata gap) memory: 2032K"}
- {"dt": "2022-06-03T05:40:15.473941", "lvl": "target", "msg": "<6>[   13.878418] Freeing unused kernel image (rodata/data gap) memory: 1576K"}
- {"dt": "2022-06-03T05:40:15.474336", "lvl": "target", "msg": "<6>[   13.888147] Run /sbin/init as init process"}
- {"dt": "2022-06-03T05:40:15.474720", "lvl": "target", "msg": "<7>[   13.888314]   with arguments:"}
- {"dt": "2022-06-03T05:40:15.475158", "lvl": "target", "msg": "<7>[   13.888373]     /sbin/init"}
- {"dt": "2022-06-03T05:40:15.475618", "lvl": "target", "msg": "<7>[   13.888400]     verbose"}
- {"dt": "2022-06-03T05:40:15.476028", "lvl": "target", "msg": "<7>[   13.888418]   with environment:"}
- {"dt": "2022-06-03T05:40:15.476437", "lvl": "target", "msg": "<7>[   13.888442]     HOME=/"}
- {"dt": "2022-06-03T05:40:15.476834", "lvl": "target", "msg": "<7>[   13.888465]     TERM=linux"}
- {"dt": "2022-06-03T05:40:15.477224", "lvl": "target", "msg": "<30>[   14.944346] systemd[1]: systemd 237 running in system mode. (+PAM -AUDIT -SELINUX +IMA -APPARMOR +SMACK +SYSVINIT +UTMP -LIBCRYPTSETUP -GCRYPT -GNUTLS +ACL +XZ -LZ4 -SECCOMP +BLKID -ELFUTILS +KMOD -IDN2 -IDN -PCRE2 default-hierarchy=hybrid)"}
- {"dt": "2022-06-03T05:40:15.477637", "lvl": "target", "msg": "<31>[   14.961671] systemd[1]: Virtualization QEMU found in DMI (/sys/class/dmi/id/sys_vendor)"}
- {"dt": "2022-06-03T05:40:15.478053", "lvl": "target", "msg": "<31>[   14.963568] systemd[1]: Virtualization found, CPUID=TCGTCGTCGTCG"}
- {"dt": "2022-06-03T05:40:15.478450", "lvl": "target", "msg": "<31>[   14.965384] systemd[1]: Found VM virtualization qemu"}
- {"dt": "2022-06-03T05:40:15.478842", "lvl": "target", "msg": "<30>[   14.965710] systemd[1]: Detected virtualization qemu."}
- {"dt": "2022-06-03T05:40:15.479236", "lvl": "target", "msg": "<30>[   14.967771] systemd[1]: Detected architecture x86-64."}
- {"dt": "2022-06-03T05:40:15.479662", "lvl": "target", "msg": "<31>[   14.996679] systemd[1]: Mounting cgroup to /sys/fs/cgroup/pids of type cgroup with options pids."}
- {"dt": "2022-06-03T05:40:15.480059", "lvl": "target", "msg": "<31>[   15.022315] systemd[1]: Mounting cgroup to /sys/fs/cgroup/debug of type cgroup with options debug."}
- {"dt": "2022-06-03T05:40:15.480455", "lvl": "target", "msg": "<31>[   15.026757] systemd[1]: Mounting cgroup to /sys/fs/cgroup/blkio of type cgroup with options blkio."}
- {"dt": "2022-06-03T05:40:15.480863", "lvl": "target", "msg": "<31>[   15.046608] systemd[1]: Mounting cgroup to /sys/fs/cgroup/perf_event of type cgroup with options perf_event."}
- {"dt": "2022-06-03T05:40:15.481265", "lvl": "target", "msg": ""}
- {"dt": "2022-06-03T05:40:25.245761", "lvl": "target", "msg": "Welcome to [1mLinux-Kernel-Functional-Testing 2.5+linaro[0m!"}
- {"dt": "2022-06-03T05:40:25.246532", "lvl": "target", "msg": ""}
- {"dt": "2022-06-03T05:40:25.247032", "lvl": "target", "msg": "<5>[   15.282271] random: crng init done"}
- {"dt": "2022-06-03T05:40:25.247499", "lvl": "target", "msg": "<6>[   16.452202] systemd-debug-g (204) used greatest stack depth: 13600 bytes left"}
- {"dt": "2022-06-03T05:40:25.247937", "lvl": "target", "msg": "<31>[   16.457723] systemd-fstab-generator[205]: Parsing /etc/fstab"}
- {"dt": "2022-06-03T05:40:25.248369", "lvl": "target", "msg": "<31>[   16.518272] systemd-fstab-generator[205]: Found entry what=/dev/root where=/ type=auto makefs=no nofail=no noauto=no"}
- {"dt": "2022-06-03T05:40:25.248810", "lvl": "target", "msg": "<31>[   16.542276] systemd-gpt-auto-generator[207]: /dev/sda: parent isn't a raw disk, ignoring."}
- {"dt": "2022-06-03T05:40:25.249248", "lvl": "target", "msg": "<31>[   16.615606] systemd-getty-generator[206]: Automatically adding serial getty for /dev/ttyS0."}
- {"dt": "2022-06-03T05:40:25.249682", "lvl": "target", "msg": "<31>[   16.628650] systemd-fstab-generator[205]: Found entry what=proc where=/proc type=proc makefs=no nofail=no noauto=no"}
- {"dt": "2022-06-03T05:40:25.250114", "lvl": "target", "msg": "<6>[   16.632567] systemd-gpt-aut (207) used greatest stack depth: 13312 bytes left"}
- {"dt": "2022-06-03T05:40:25.250544", "lvl": "target", "msg": "<31>[   16.643293] systemd-fstab-generator[205]: Found entry what=devpts where=/dev/pts type=devpts makefs=no nofail=no noauto=no"}
- {"dt": "2022-06-03T05:40:25.250983", "lvl": "target", "msg": "<31>[   16.646402] systemd-fstab-generator[205]: Found entry what=tmpfs where=/run type=tmpfs makefs=no nofail=no noauto=no"}
- {"dt": "2022-06-03T05:40:25.251439", "lvl": "target", "msg": "<31>[   16.656622] systemd-fstab-generator[205]: Found entry what=tmpfs where=/var/volatile type=tmpfs makefs=no nofail=no noauto=no"}
- {"dt": "2022-06-03T05:40:25.251886", "lvl": "target", "msg": "<6>[   16.683737] systemd-fstab-g (205) used greatest stack depth: 13304 bytes left"}
- {"dt": "2022-06-03T05:40:25.252314", "lvl": "target", "msg": "<31>[   16.700636] systemd-sysv-generator[211]: Cannot find unit lms8.service."}
- {"dt": "2022-06-03T05:40:25.252758", "lvl": "target", "msg": "<31>[   16.770068] systemd-sysv-generator[211]: Native unit for psplash.service already exists, skipping."}
- {"dt": "2022-06-03T05:40:25.253183", "lvl": "target", "msg": "<31>[   16.785132] systemd-sysv-generator[211]: Loading SysV script /etc/init.d/lms8"}
- {"dt": "2022-06-03T05:40:25.253616", "lvl": "target", "msg": "<31>[   16.794552] systemd-sysv-generator[211]: Adding Provides: alias 'lms.service' for 'lms8.service'"}
- {"dt": "2022-06-03T05:40:25.254050", "lvl": "target", "msg": "[[0;32m  OK  [0m] Started Dispatch Password Requests to Console Directory Watch."}
- {"dt": "2022-06-03T05:40:25.254483", "lvl": "target", "msg": "[[0;32m  OK  [0m] Created slice System Slice."}
- {"dt": "2022-06-03T05:40:25.254902", "lvl": "target", "msg": "[[0;32m  OK  [0m] Listening on udev Control Socket."}
- {"dt": "2022-06-03T05:40:25.255356", "lvl": "target", "msg": "[[0;32m  OK  [0m] Listening on Network Service Netlink Socket."}
- {"dt": "2022-06-03T05:40:25.255787", "lvl": "target", "msg": "[[0;32m  OK  [0m] Reached target Remote File Systems."}
- {"dt": "2022-06-03T05:40:35.368062", "lvl": "target", "msg": "[[0;32m  OK  [0m] Reached target Swap."}
- {"dt": "2022-06-03T05:40:35.368949", "lvl": "target", "msg": "[[0;32m  OK  [0m] Listening on Journal Socket (/dev/log)."}
- {"dt": "2022-06-03T05:40:35.369557", "lvl": "target", "msg": "[[0;32m  OK  [0m] Listening on Syslog Socket."}
- {"dt": "2022-06-03T05:40:35.369998", "lvl": "target", "msg": "[[0;32m  OK  [0m] Listening on Journal Audit Socket."}
- {"dt": "2022-06-03T05:40:35.370497", "lvl": "target", "msg": "[[0;32m  OK  [0m] Created slice system-getty.slice."}
- {"dt": "2022-06-03T05:40:35.370929", "lvl": "target", "msg": "[[0;32m  OK  [0m] Listening on udev Kernel Socket."}
- {"dt": "2022-06-03T05:40:35.371402", "lvl": "target", "msg": "[[0;32m  OK  [0m] Created slice User and Session Slice."}
- {"dt": "2022-06-03T05:40:35.371820", "lvl": "target", "msg": "[[0;32m  OK  [0m] Started Forward Password Requests to Wall Directory Watch."}
- {"dt": "2022-06-03T05:40:35.372240", "lvl": "target", "msg": "[[0;32m  OK  [0m] Reached target Paths."}
- {"dt": "2022-06-03T05:40:35.372654", "lvl": "target", "msg": "[[0;32m  OK  [0m] Listening on Journal Socket."}
- {"dt": "2022-06-03T05:40:35.373074", "lvl": "target", "msg": "         Mounting Kernel Debug File System..."}
- {"dt": "2022-06-03T05:40:35.373491", "lvl": "target", "msg": "         Mounting Huge Pages File System..."}
- {"dt": "2022-06-03T05:40:35.373904", "lvl": "target", "msg": "         Starting File System Check on Root Device..."}
- {"dt": "2022-06-03T05:40:35.374335", "lvl": "target", "msg": "         Mounting POSIX Message Queue File System..."}
- {"dt": "2022-06-03T05:40:35.374752", "lvl": "target", "msg": "<31>[   20.062189] systemd[1]: BPF firewalling not supported on this systemd, proceeding without."}
- {"dt": "2022-06-03T05:40:35.375212", "lvl": "target", "msg": "<31>[   20.063818] systemd[1]: systemd-modules-load.service: Passing 0 fds to service"}
- {"dt": "2022-06-03T05:40:35.375659", "lvl": "target", "msg": "<31>[   20.064842] systemd[1]: systemd-modules-load.service: About to execute: /lib/systemd/systemd-modules-load"}
- {"dt": "2022-06-03T05:40:35.376195", "lvl": "target", "msg": "<31>[   20.110874] systemd[1]: systemd-modules-load.service: Forked /lib/systemd/systemd-modules-load as 217"}
- {"dt": "2022-06-03T05:40:35.376641", "lvl": "target", "msg": "<31>[   20.141339] systemd[1]: systemd-modules-load.service: Changed dead -> start"}
- {"dt": "2022-06-03T05:40:35.377180", "lvl": "target", "msg": "<30>[   20.141846] systemd[1]: Starting Load Kernel Modules..."}
- {"dt": "2022-06-03T05:40:35.377636", "lvl": "target", "msg": "         Starting Load Kernel Modules..."}
- {"dt": "2022-06-03T05:40:35.378111", "lvl": "target", "msg": "<31>[   20.251767] systemd[1]: BPF firewalling not supported on this systemd, proceeding without."}
- {"dt": "2022-06-03T05:40:35.378561", "lvl": "target", "msg": "<31>[   20.297524] systemd[1]: systemd-journald.service: Passing 4 fds to service"}
- {"dt": "2022-06-03T05:40:35.378986", "lvl": "target", "msg": "<31>[   20.299194] systemd[1]: systemd-journald.service: About to execute: /lib/systemd/systemd-journald"}
- {"dt": "2022-06-03T05:40:35.379488", "lvl": "target", "msg": "<31>[   20.328437] systemd[1]: systemd-journald.service: Forked /lib/systemd/systemd-journald as 219"}
- {"dt": "2022-06-03T05:40:35.379920", "lvl": "target", "msg": "         Starting Journal Service..."}
- {"dt": "2022-06-03T05:40:35.380386", "lvl": "target", "msg": "         Starting Create list of required st\u2026ce nodes for the current kernel..."}
- {"dt": "2022-06-03T05:40:35.380841", "lvl": "target", "msg": "[[0;32m  OK  [0m] Reached target Slices."}
- {"dt": "2022-06-03T05:40:35.381302", "lvl": "target", "msg": "[[0;32m  OK  [0m] Created slice system-serial\\x2dgetty.slice."}
- {"dt": "2022-06-03T05:40:49.752365", "lvl": "target", "msg": "<6>[   20.719470] systemd-modules (217) used greatest stack depth: 13064 bytes left"}
- {"dt": "2022-06-03T05:40:49.753235", "lvl": "target", "msg": "<6>[   20.811325] fsck (215) used greatest stack depth: 12872 bytes left"}
- {"dt": "2022-06-03T05:40:49.753980", "lvl": "target", "msg": "         Starting udev Coldplug all Devices..."}
- {"dt": "2022-06-03T05:40:49.754634", "lvl": "target", "msg": "[[0;32m  OK  [0m] Listening on /dev/initctl Compatibility Named Pipe."}
- {"dt": "2022-06-03T05:40:49.755240", "lvl": "target", "msg": "         Mounting Temporary Directory (/tmp)..."}
- {"dt": "2022-06-03T05:40:49.755868", "lvl": "target", "msg": "<47>[   21.163763] systemd-journald[219]: Found cgroup2 on /sys/fs/cgroup/unified, unified hierarchy for systemd controller"}
- {"dt": "2022-06-03T05:40:49.756528", "lvl": "target", "msg": "[[0;32m  OK  [0m] Mounted Kernel Debug File System."}
- {"dt": "2022-06-03T05:40:49.757154", "lvl": "target", "msg": "[[0;32m  OK  [0m] Mounted Huge Pages File System."}
- {"dt": "2022-06-03T05:40:49.757744", "lvl": "target", "msg": "<47>[   21.329818] systemd-journald[219]: Fixed min_use=1.0M max_use=64.0M max_size=8.0M min_size=512.0K keep_free=72.7M n_max_files=100"}
- {"dt": "2022-06-03T05:40:49.758370", "lvl": "target", "msg": "[[0;32m  OK  [0m] Started File System Check on Root Device."}
- {"dt": "2022-06-03T05:40:49.758935", "lvl": "target", "msg": "[[0;32m  OK  [0m] Mounted POSIX Message Queue File System."}
- {"dt": "2022-06-03T05:40:49.759567", "lvl": "target", "msg": "<47>[   21.481363] systemd-journald[219]: Reserving 14563 entries in hash table."}
- {"dt": "2022-06-03T05:40:49.760172", "lvl": "target", "msg": "<47>[   21.511577] systemd-journald[219]: Vacuuming..."}
- {"dt": "2022-06-03T05:40:49.760764", "lvl": "target", "msg": "<47>[   21.516662] systemd-journald[219]: Vacuuming done, freed 0B of archived journals from /run/log/journal/7508ef0f03f04bb5a55b937791af7545."}
- {"dt": "2022-06-03T05:40:49.761386", "lvl": "target", "msg": "<47>[   21.521833] systemd-journald[219]: Flushing /dev/kmsg..."}
- {"dt": "2022-06-03T05:40:49.761953", "lvl": "target", "msg": "[[0;1;31mFAILED[0m] Failed to start Load Kernel Modules."}
- {"dt": "2022-06-03T05:40:49.762550", "lvl": "target", "msg": "See 'systemctl status systemd-modules-load.service' for details."}
- {"dt": "2022-06-03T05:40:49.763143", "lvl": "target", "msg": "[[0;32m  OK  [0m] Started Create list of required sta\u2026vice nodes for the current kernel."}
- {"dt": "2022-06-03T05:40:49.763764", "lvl": "target", "msg": "[[0;32m  OK  [0m] Mounted Temporary Directory (/tmp)."}
- {"dt": "2022-06-03T05:40:49.764374", "lvl": "target", "msg": "         Starting Apply Kernel Variables..."}
- {"dt": "2022-06-03T05:40:49.764940", "lvl": "target", "msg": "         Starting Remount Root and Kernel File Systems..."}
- {"dt": "2022-06-03T05:40:49.765555", "lvl": "target", "msg": "[[0;32m  OK  [0m] Started Apply Kernel Variables."}
- {"dt": "2022-06-03T05:40:49.766148", "lvl": "target", "msg": "<6>[   23.933236] EXT4-fs (sda): re-mounted. Quota mode: none."}
- {"dt": "2022-06-03T05:40:49.766728", "lvl": "target", "msg": "<47>[   24.035494] systemd-journald[219]: systemd-journald running as pid 219"}
- {"dt": "2022-06-03T05:40:49.767382", "lvl": "target", "msg": "<47>[   24.079402] systemd-journald[219]: Sent READY=1 notification."}
- {"dt": "2022-06-03T05:40:49.767931", "lvl": "target", "msg": "<47>[   24.093399] systemd-journald[219]: Sent WATCHDOG=1 notification."}
- {"dt": "2022-06-03T05:40:49.768537", "lvl": "target", "msg": "[[0;32m  OK  [0m] Started Journal Service."}
- {"dt": "2022-06-03T05:41:05.888594", "lvl": "target", "msg": "<47>[   24.267811] systemd-journald[219]: Successfully sent stream file descriptor to service manager."}
- {"dt": "2022-06-03T05:41:05.888922", "lvl": "target", "msg": "[[0;32m  OK  [0m] Started Remount Root and Kernel File Systems."}
- {"dt": "2022-06-03T05:41:05.889111", "lvl": "target", "msg": "         Starting Flush Journal to Persistent Storage..."}
- {"dt": "2022-06-03T05:41:05.889235", "lvl": "target", "msg": "         Starting Rebuild Hardware Database..."}
- {"dt": "2022-06-03T05:41:05.889343", "lvl": "target", "msg": "         Starting Create System Users..."}
- {"dt": "2022-06-03T05:41:05.889450", "lvl": "target", "msg": "[[0;32m  OK  [0m] Started Flush Journal to Persistent Storage."}
- {"dt": "2022-06-03T05:41:05.889548", "lvl": "target", "msg": "<47>[   26.330049] systemd-journald[219]: Successfully sent stream file descriptor to service manager."}
- {"dt": "2022-06-03T05:41:05.890025", "lvl": "target", "msg": "[[0;32m  OK  [0m] Started Create System Users."}
- {"dt": "2022-06-03T05:41:05.890187", "lvl": "target", "msg": "         Starting Create Static Device Nodes in /dev..."}
- {"dt": "2022-06-03T05:41:05.890320", "lvl": "target", "msg": "<47>[   26.976824] systemd-journald[219]: Successfully sent stream file descriptor to service manager."}
- {"dt": "2022-06-03T05:41:05.890520", "lvl": "target", "msg": "[[0;32m  OK  [0m] Started Create Static Device Nodes in /dev."}
- {"dt": "2022-06-03T05:41:05.890653", "lvl": "target", "msg": "[[0;32m  OK  [0m] Reached target Local File Systems (Pre)."}
- {"dt": "2022-06-03T05:41:05.890778", "lvl": "target", "msg": "         Mounting /var/volatile..."}
- {"dt": "2022-06-03T05:41:05.891120", "lvl": "target", "msg": "<47>[   28.281242] systemd-journald[219]: Successfully sent stream file descriptor to service manager."}
- {"dt": "2022-06-03T05:41:05.891332", "lvl": "target", "msg": "[[0;32m  OK  [0m] Reached target Containers."}
- {"dt": "2022-06-03T05:41:05.891528", "lvl": "target", "msg": "[[0;32m  OK  [0m] Mounted /var/volatile."}
- {"dt": "2022-06-03T05:41:05.891720", "lvl": "target", "msg": "         Starting Load/Save Random Seed..."}
- {"dt": "2022-06-03T05:41:05.893988", "lvl": "target", "msg": "[[0;32m  OK  [0m] Reached target Local File Systems."}
- {"dt": "2022-06-03T05:41:05.894485", "lvl": "target", "msg": "<47>[   29.273622] systemd-journald[219]: Successfully sent stream file descriptor to service manager."}
- {"dt": "2022-06-03T05:41:05.894926", "lvl": "target", "msg": "         Starting Rebuild Journal Catalog..."}
- {"dt": "2022-06-03T05:41:05.895426", "lvl": "target", "msg": "<47>[   29.569877] systemd-journald[219]: Successfully sent stream file descriptor to service manager."}
- {"dt": "2022-06-03T05:41:05.895857", "lvl": "target", "msg": "         Starting Create Volatile Files and Directories..."}
- {"dt": "2022-06-03T05:41:05.896313", "lvl": "target", "msg": "<47>[   29.814673] systemd-journald[219]: Successfully sent stream file descriptor to service manager."}
- {"dt": "2022-06-03T05:41:05.896823", "lvl": "target", "msg": "         Starting Rebuild Dynamic Linker Cache..."}
- {"dt": "2022-06-03T05:41:05.897282", "lvl": "target", "msg": "<47>[   30.214727] systemd-journald[219]: Successfully sent stream file descriptor to service manager."}
- {"dt": "2022-06-03T05:41:05.897712", "lvl": "target", "msg": "         Starting Commit a transient machine-id on disk..."}
- {"dt": "2022-06-03T05:41:05.898194", "lvl": "target", "msg": "<47>[   30.842518] systemd-journald[219]: Successfully sent stream file descriptor to service manager."}
- {"dt": "2022-06-03T05:41:05.898643", "lvl": "target", "msg": "[[0;32m  OK  [0m] Started Load/Save Random Seed."}
- {"dt": "2022-06-03T05:41:05.899101", "lvl": "target", "msg": "[[0;32m  OK  [0m] Started Commit a transient machine-id on disk."}
- {"dt": "2022-06-03T05:41:24.131103", "lvl": "target", "msg": "[[0;32m  OK  [0m] Started Rebuild Journal Catalog."}
- {"dt": "2022-06-03T05:41:24.131959", "lvl": "target", "msg": "[[0;32m  OK  [0m] Started Create Volatile Files and Directories."}
- {"dt": "2022-06-03T05:41:24.132505", "lvl": "target", "msg": "         Starting Network Time Synchronization..."}
- {"dt": "2022-06-03T05:41:24.132967", "lvl": "target", "msg": "         Starting Run pending postinsts..."}
- {"dt": "2022-06-03T05:41:24.133420", "lvl": "target", "msg": "         Starting Opkg first boot configure..."}
- {"dt": "2022-06-03T05:41:24.133865", "lvl": "target", "msg": "         Starting Update UTMP about System Boot/Shutdown..."}
- {"dt": "2022-06-03T05:41:24.134344", "lvl": "target", "msg": "<47>[   36.137467] systemd-journald[219]: Successfully sent stream file descriptor to service manager."}
- {"dt": "2022-06-03T05:41:24.134781", "lvl": "target", "msg": "[[0;32m  OK  [0m] Started Update UTMP about System Boot/Shutdown."}
- {"dt": "2022-06-03T05:41:24.135261", "lvl": "target", "msg": "<47>[   37.518430] systemd-journald[219]: Successfully sent stream file descriptor to service manager."}
- {"dt": "2022-06-03T05:41:24.135725", "lvl": "target", "msg": "[[0;32m  OK  [0m] Started Rebuild Dynamic Linker Cache."}
- {"dt": "2022-06-03T05:41:24.136209", "lvl": "target", "msg": "<47>[   38.056244] systemd-journald[219]: Successfully sent stream file descriptor to service manager."}
- {"dt": "2022-06-03T05:41:24.136693", "lvl": "target", "msg": "<31>[   38.068702] systemd[1]: systemd-journald.service: Got notification message from PID 219 (FDSTORE=1)"}
- {"dt": "2022-06-03T05:41:24.137161", "lvl": "target", "msg": "<31>[   38.081103] systemd[1]: systemd-journald.service: Added fd 41 (n/a) to fd store."}
- {"dt": "2022-06-03T05:41:24.137613", "lvl": "target", "msg": "<47>[   38.412691] systemd-journald[219]: Successfully sent stream file descriptor to service manager."}
- {"dt": "2022-06-03T05:41:24.138102", "lvl": "target", "msg": "<31>[   38.427858] systemd[1]: systemd-journald.service: Got notification message from PID 219 (FDSTORE=1)"}
- {"dt": "2022-06-03T05:41:24.138561", "lvl": "target", "msg": "<31>[   38.453499] systemd[1]: systemd-journald.service: Added fd 43 (n/a) to fd store."}
- {"dt": "2022-06-03T05:41:24.138988", "lvl": "target", "msg": "<31>[   38.480441] systemd[1]: systemd-journald.service: Received EPOLLHUP on stored fd 43 (stored), closing."}
- {"dt": "2022-06-03T05:41:24.139475", "lvl": "target", "msg": "[[0;32m  OK  [0m] Started udev Coldplug all Devices."}
- {"dt": "2022-06-03T05:41:24.139908", "lvl": "target", "msg": "<47>[   40.225286] systemd-journald[219]: Successfully sent stream file descriptor to service manager."}
- {"dt": "2022-06-03T05:41:24.140393", "lvl": "target", "msg": "[[0;32m  OK  [0m] Started Network Time Synchronization."}
- {"dt": "2022-06-03T05:41:24.140829", "lvl": "target", "msg": "[[0;32m  OK  [0m] Started Run pending postinsts."}
- {"dt": "2022-06-03T05:41:24.141285", "lvl": "target", "msg": "[[0;32m  OK  [0m] Reached target System Time Synchronized."}
- {"dt": "2022-06-03T05:41:24.141729", "lvl": "target", "msg": "<47>[   43.029880] systemd-journald[219]: Successfully sent stream file descriptor to service manager."}
- {"dt": "2022-06-03T05:41:24.142197", "lvl": "target", "msg": "[[0;32m  OK  [0m] Started Opkg first boot configure."}
- {"dt": "2022-06-03T05:41:24.142640", "lvl": "target", "msg": "[[0;32m  OK  [0m] Started Rebuild Hardware Database."}
- {"dt": "2022-06-03T05:41:24.143098", "lvl": "target", "msg": "         Starting Update is Completed..."}
- {"dt": "2022-06-03T05:41:35.878913", "lvl": "target", "msg": "<47>[   48.254898] systemd-journald[219]: Successfully sent stream file descriptor to service manager."}
- {"dt": "2022-06-03T05:41:35.879155", "lvl": "target", "msg": "         Starting udev Kernel Device Manager..."}
- {"dt": "2022-06-03T05:41:35.879962", "lvl": "target", "msg": "<47>[   48.434723] systemd-journald[219]: Successfully sent stream file descriptor to service manager."}
- {"dt": "2022-06-03T05:41:35.880149", "lvl": "target", "msg": "[[0;32m  OK  [0m] Started Update is Completed."}
- {"dt": "2022-06-03T05:41:35.880451", "lvl": "target", "msg": "[[0;32m  OK  [0m] Started udev Kernel Device Manager."}
- {"dt": "2022-06-03T05:41:35.880763", "lvl": "target", "msg": "         Starting Network Service..."}
- {"dt": "2022-06-03T05:41:35.881069", "lvl": "target", "msg": "[[0;32m  OK  [0m] Reached target System Initialization."}
- {"dt": "2022-06-03T05:41:35.881365", "lvl": "target", "msg": "[[0;32m  OK  [0m] Started Daily Cleanup of Temporary Directories."}
- {"dt": "2022-06-03T05:41:35.881663", "lvl": "target", "msg": "<47>[   49.550532] systemd-journald[219]: Successfully sent stream file descriptor to service manager."}
- {"dt": "2022-06-03T05:41:35.881964", "lvl": "target", "msg": "         Starting sshd.socket."}
- {"dt": "2022-06-03T05:41:35.882260", "lvl": "target", "msg": "<47>[   49.639382] systemd-journald[219]: Successfully sent stream file descriptor to service manager."}
- {"dt": "2022-06-03T05:41:35.882562", "lvl": "target", "msg": "[[0;32m  OK  [0m] Started Daily rotation of log files."}
- {"dt": "2022-06-03T05:41:35.882860", "lvl": "target", "msg": "[[0;32m  OK  [0m] Reached target Timers."}
- {"dt": "2022-06-03T05:41:35.883155", "lvl": "target", "msg": "[[0;32m  OK  [0m] Listening on Avahi mDNS/DNS-SD Stack Activation Socket."}
- {"dt": "2022-06-03T05:41:35.883472", "lvl": "target", "msg": "[[0;32m  OK  [0m] Listening on D-Bus System Message Bus Socket."}
- {"dt": "2022-06-03T05:41:35.883775", "lvl": "target", "msg": "[[0;32m  OK  [0m] Listening on RPCbind Server Activation Socket."}
- {"dt": "2022-06-03T05:41:35.884073", "lvl": "target", "msg": "[[0;32m  OK  [0m] Listening on sshd.socket."}
- {"dt": "2022-06-03T05:41:35.884369", "lvl": "target", "msg": "[[0;32m  OK  [0m] Reached target Sockets."}
- {"dt": "2022-06-03T05:41:35.884672", "lvl": "target", "msg": "[[0;32m  OK  [0m] Reached target Basic System."}
- {"dt": "2022-06-03T05:41:35.884967", "lvl": "target", "msg": "         Starting Avahi mDNS/DNS-SD Stack..."}
- {"dt": "2022-06-03T05:41:35.885264", "lvl": "target", "msg": "<47>[   51.059510] systemd-journald[219]: Successfully sent stream file descriptor to service manager."}
- {"dt": "2022-06-03T05:41:35.885559", "lvl": "target", "msg": "         Starting Entropy Daemon based on the HAVEGE algorithm..."}
- {"dt": "2022-06-03T05:41:35.885854", "lvl": "target", "msg": "<47>[   51.269976] systemd-journald[219]: Successfully sent stream file descriptor to service manager."}
- {"dt": "2022-06-03T05:41:35.886151", "lvl": "target", "msg": "[[0;32m  OK  [0m] Started Kernel Logging Service."}
- {"dt": "2022-06-03T05:41:35.886448", "lvl": "target", "msg": "<47>[   51.631744] systemd-journald[219]: Successfully sent stream file descriptor to service manager."}
- {"dt": "2022-06-03T05:41:35.886756", "lvl": "target", "msg": "[[0;32m  OK  [0m] Started System Logging Service."}
- {"dt": "2022-06-03T05:41:35.887052", "lvl": "target", "msg": "<47>[   51.976771] systemd-journald[219]: Successfully sent stream file descriptor to service manager."}
- {"dt": "2022-06-03T05:41:35.887368", "lvl": "target", "msg": "[[0;32m  OK  [0m] Started Periodic Command Scheduler."}
- {"dt": "2022-06-03T05:41:45.806101", "lvl": "target", "msg": "<47>[   52.546136] systemd-journald[219]: Successfully sent stream file descriptor to service manager."}
- {"dt": "2022-06-03T05:41:45.806340", "lvl": "target", "msg": "         Starting Thermal Daemon Service..."}
- {"dt": "2022-06-03T05:41:45.806457", "lvl": "target", "msg": "[[0;32m  OK  [0m] Started D-Bus System Message Bus."}
- {"dt": "2022-06-03T05:41:45.806564", "lvl": "target", "msg": "<47>[   53.085285] systemd-journald[219]: Successfully sent stream file descriptor to service manager."}
- {"dt": "2022-06-03T05:41:45.806673", "lvl": "target", "msg": "         Starting Network Manager..."}
- {"dt": "2022-06-03T05:41:45.806775", "lvl": "target", "msg": "<47>[   55.521891] systemd-journald[219]: Successfully sent stream file descriptor to service manager."}
- {"dt": "2022-06-03T05:41:45.806875", "lvl": "target", "msg": "         Starting ACPI Event Daemon..."}
- {"dt": "2022-06-03T05:41:45.806972", "lvl": "target", "msg": "         Starting Login Service..."}
- {"dt": "2022-06-03T05:41:45.807077", "lvl": "target", "msg": "<47>[   56.218329] systemd-journald[219]: Successfully sent stream file descriptor to service manager."}
- {"dt": "2022-06-03T05:41:45.807187", "lvl": "target", "msg": "<47>[   56.304480] systemd-journald[219]: Successfully sent stream file descriptor to service manager."}
- {"dt": "2022-06-03T05:41:45.807287", "lvl": "target", "msg": "         Starting Resize root filesystem to fit available disk space..."}
- {"dt": "2022-06-03T05:41:45.807408", "lvl": "target", "msg": "<47>[   56.775396] systemd-journald[219]: Successfully sent stream file descriptor to service manager."}
- {"dt": "2022-06-03T05:41:45.807515", "lvl": "target", "msg": "[[0;32m  OK  [0m] Started Network Service."}
- {"dt": "2022-06-03T05:41:45.807625", "lvl": "target", "msg": "[[0;32m  OK  [0m] Started Entropy Daemon based on the HAVEGE algorithm."}
- {"dt": "2022-06-03T05:41:45.807738", "lvl": "target", "msg": "[[0;32m  OK  [0m] Started Thermal Daemon Service."}
- {"dt": "2022-06-03T05:41:45.807855", "lvl": "target", "msg": "[[0;32m  OK  [0m] Started ACPI Event Daemon."}
- {"dt": "2022-06-03T05:41:45.807972", "lvl": "target", "msg": "[[0;32m  OK  [0m] Started Avahi mDNS/DNS-SD Stack."}
- {"dt": "2022-06-03T05:41:45.808089", "lvl": "target", "msg": "         Starting Network Name Resolution..."}
- {"dt": "2022-06-03T05:41:45.808206", "lvl": "target", "msg": "[[0;32m  OK  [0m] Started Login Service."}
- {"dt": "2022-06-03T05:41:45.808322", "lvl": "target", "msg": "<47>[   58.912488] systemd-journald[219]: Successfully sent stream file descriptor to service manager."}
- {"dt": "2022-06-03T05:41:45.808443", "lvl": "target", "msg": "<31>[   61.121542] systemd[1]: Got message type=signal sender=org.freedesktop.DBus destination=org.freedesktop.systemd1 path=/org/freedesktop/DBus interface=org.freedesktop.systemd1.Activator member=ActivationRequest cookie=14 reply_cookie=0 signature=s error-name=n/a error-message=n/a"}
- {"dt": "2022-06-03T05:41:45.808571", "lvl": "target", "msg": "<31>[   61.287486] systemd[1]: File /lib/systemd/system/systemd-hostnamed.service:35 configures an IP firewall (IPAddressDeny=any), but the local system does not support BPF/cgroup based firewalling."}
- {"dt": "2022-06-03T05:41:45.808705", "lvl": "target", "msg": "<31>[   61.299540] systemd[1]: Proceeding WITHOUT firewalling in effect! (This warning is only shown for the first loaded unit using IP firewalling.)"}
- {"dt": "2022-06-03T05:41:56.614246", "lvl": "target", "msg": "<31>[   61.530542] systemd[1]: Sent message type=method_call sender=n/a destination=org.freedesktop.DBus path=/org/freedesktop/DBus interface=org.freedesktop.DBus member=AddMatch cookie=16 reply_cookie=0 signature=s error-name=n/a error-message=n/a"}
- {"dt": "2022-06-03T05:41:56.614486", "lvl": "target", "msg": "<31>[   61.544507] systemd[1]: var.mount: Failed to load configuration: No such file or directory"}
- {"dt": "2022-06-03T05:41:56.615409", "lvl": "target", "msg": "<31>[   61.577480] systemd[1]: var-tmp.mount: Failed to load configuration: No such file or directory"}
- {"dt": "2022-06-03T05:41:56.615572", "lvl": "target", "msg": "<31>[   61.588535] systemd[1]: systemd-hostnamed.service: Trying to enqueue job systemd-hostnamed.service/start/replace"}
- {"dt": "2022-06-03T05:41:56.615790", "lvl": "target", "msg": "<31>[   61.613493] systemd[1]: systemd-hostnamed.service: Installed new job systemd-hostnamed.service/start as 106"}
- {"dt": "2022-06-03T05:41:56.615984", "lvl": "target", "msg": "<31>[   61.624477] systemd[1]: systemd-hostnamed.service: Enqueued job systemd-hostnamed.service/start as 106"}
- {"dt": "2022-06-03T05:41:56.616181", "lvl": "target", "msg": "<31>[   61.637441] systemd[1]: var.mount: Collecting."}
- {"dt": "2022-06-03T05:41:56.616373", "lvl": "target", "msg": "         Starting Hostname Service..."}
- {"dt": "2022-06-03T05:41:56.616564", "lvl": "target", "msg": "<47>[   62.226744] systemd-journald[219]: Successfully sent stream file descriptor to service manager."}
- {"dt": "2022-06-03T05:42:08.548846", "lvl": "target", "msg": "[[0m[0;31m*     [0m] (1 of 7) A start job is running for dev-ttyS0.device (44s / 1min 30s)[K[[0;1;31m*[0m[0;31m*    [0m] (1 of 7) A start job is running for dev-ttyS0.device (45s / 1min 30s)[K[[0;31m*[0;1;31m*[0m[0;31m*   [0m] (1 of 7) A start job is running for dev-ttyS0.device (45s / 1min 30s)[K[ [0;31m*[0;1;31m*[0m[0;31m*  [0m] (2 of 7) A start job is running for Network Manager (46s / 2min 6s)[K[  [0;31m*[0;1;31m*[0m[0;31m* [0m] (2 of 7) A start job is running for Network Manager (46s / 2min 6s)[K[   [0;31m*[0;1;31m*[0m[0;31m*[0m] (2 of 7) A start job is running for Network Manager (47s / 2min 6s)[K[    [0;31m*[0;1;31m*[0m] (3 of 7) A start job is running for\u2026rk Name Resolution (47s / 2min 9s)[K[     [0;31m*[0m] (3 of 7) A start job is running for\u2026rk Name Resolution (48s / 2min 9s)[K[    [0;31m*[0;1;31m*[0m] (3 of 7) A start job is running for\u2026rk Name Resolution (48s / 2min 9s)[K[   [0;31m*[0;1;31m*[0m[0;31m*[0m] (4 of 7) A start job is running for dev-ttyS2.device (49s / 1min 30s)[K[  [0;31m*[0;1;31m*[0m[0;31m* [0m] (4 of 7) A start job is running for dev-ttyS2.device (49s / 1min 30s)[K[ [0;31m*[0;1;31m*[0m[0;31m*  [0m] (4 of 7) A start job is running for dev-ttyS2.device (50s / 1min 30s)<31>[   69.780422] systemd[1]: systemd-resolved.service: Got notification message from PID 289 (WATCHDOG=1)"}
- {"dt": "2022-06-03T05:42:08.549116", "lvl": "target", "msg": "[K[[0;31m*[0;1;31m*[0m[0;31m*   [0m] (5 of 7) A start job is running for Hostname Service (8s / 1min 30s)<31>[   70.097701] systemd[1]: systemd-hostnamed.service: Got notification message from PID 297 (WATCHDOG=1)"}
- {"dt": "2022-06-03T05:42:08.549830", "lvl": "target", "msg": "<31>[   70.251412] systemd[1]: systemd-resolved.service: Changed start -> running"}
- {"dt": "2022-06-03T05:42:08.550184", "lvl": "target", "msg": "[K[[0;32m  OK  [0m] Started Network Name Resolution."}
- {"dt": "2022-06-03T05:42:08.550564", "lvl": "target", "msg": "<31>[   70.285464] systemd[1]: Sent message type=signal sender=n/a destination=n/a path=/org/freedesktop/systemd1 interface=org.freedesktop.systemd1.Manager member=JobRemoved cookie=26 reply_cookie=0 signature=uoss error-name=n/a error-message=n/a"}
- {"dt": "2022-06-03T05:42:08.550741", "lvl": "target", "msg": "<31>[   70.300580] systemd[1]: Sent message type=signal sender=n/a destination=n/a path=/org/freedesktop/systemd1/unit/systemd_2dresolved_2eservice interface=org.freedesktop.DBus.Properties member=PropertiesChanged cookie=27 reply_cookie=0 signature=sa{sv}as error-name=n/a error-message=n/a"}
- {"dt": "2022-06-03T05:42:08.551053", "lvl": "target", "msg": "<31>[   70.323619] systemd[1]: nss-lookup.target changed dead -> active"}
- {"dt": "2022-06-03T05:42:08.551389", "lvl": "target", "msg": "<31>[   70.337519] systemd[1]: nss-lookup.target: Job nss-lookup.target/start finished, result=done"}
- {"dt": "2022-06-03T05:42:08.551688", "lvl": "target", "msg": "[[0;32m  OK  [0m] Reached target Host and Network Name Lookups."}
- {"dt": "2022-06-03T05:42:08.551994", "lvl": "target", "msg": "<31>[   70.385349] systemd[1]: Sent message type=signal sender=n/a destination=n/a path=/org/freedesktop/systemd1 interface=org.freedesktop.systemd1.Manager member=JobRemoved cookie=29 reply_cookie=0 signature=uoss error-name=n/a error-message=n/a"}
- {"dt": "2022-06-03T05:42:21.198623", "lvl": "target", "msg": "<31>[   70.403334] systemd[1]: Sent message type=signal sender=n/a destination=n/a path=/org/freedesktop/systemd1/unit/nss_2dlookup_2etarget interface=org.freedesktop.DBus.Properties member=PropertiesChanged cookie=30 reply_cookie=0 signature=sa{sv}as error-name=n/a error-message=n/a"}
- {"dt": "2022-06-03T05:42:21.198878", "lvl": "target", "msg": "<31>[   70.568672] systemd[1]: Got message type=signal sender=org.freedesktop.DBus destination=n/a path=/org/freedesktop/DBus interface=org.freedesktop.DBus member=NameOwnerChanged cookie=16 reply_cookie=0 signature=sss error-name=n/a error-message=n/a"}
- {"dt": "2022-06-03T05:42:21.199583", "lvl": "target", "msg": "[[0;32m  OK  [0m] Started Hostname Service."}
- {"dt": "2022-06-03T05:42:21.199912", "lvl": "target", "msg": "[[0;32m  OK  [0m] Started Network Manager."}
- {"dt": "2022-06-03T05:42:21.200221", "lvl": "target", "msg": "[[0;32m  OK  [0m] Reached target Network."}
- {"dt": "2022-06-03T05:42:21.200611", "lvl": "target", "msg": "<47>[   71.694616] systemd-journald[219]: Successfully sent stream file descriptor to service manager."}
- {"dt": "2022-06-03T05:42:21.200818", "lvl": "target", "msg": "         Starting Permit User Sessions..."}
- {"dt": "2022-06-03T05:42:21.201199", "lvl": "target", "msg": "         Starting DNS forwarder and DHCP server..."}
- {"dt": "2022-06-03T05:42:21.201372", "lvl": "target", "msg": "<47>[   71.980673] systemd-journald[219]: Successfully sent stream file descriptor to service manager."}
- {"dt": "2022-06-03T05:42:21.201734", "lvl": "target", "msg": "[[0;32m  OK  [0m] Started Permit User Sessions."}
- {"dt": "2022-06-03T05:42:21.201920", "lvl": "target", "msg": "<47>[   73.037341] systemd-journald[219]: Successfully sent stream file descriptor to service manager."}
- {"dt": "2022-06-03T05:42:21.202301", "lvl": "target", "msg": "[[0;32m  OK  [0m] Started Getty on tty1."}
- {"dt": "2022-06-03T05:42:21.202482", "lvl": "target", "msg": "         Starting Network Manager Script Dispatcher Service..."}
- {"dt": "2022-06-03T05:42:21.202849", "lvl": "target", "msg": "<47>[   73.654881] systemd-journald[219]: Successfully sent stream file descriptor to service manager."}
- {"dt": "2022-06-03T05:42:21.203021", "lvl": "target", "msg": "[[0;32m  OK  [0m] Started DNS forwarder and DHCP server."}
- {"dt": "2022-06-03T05:42:21.203412", "lvl": "target", "msg": "[[0;32m  OK  [0m] Started Network Manager Script Dispatcher Service."}
- {"dt": "2022-06-03T05:42:21.203580", "lvl": "target", "msg": "         Starting Authorization Manager..."}
- {"dt": "2022-06-03T05:42:21.203789", "lvl": "target", "msg": "<47>[   77.829622] systemd-journald[219]: Successfully sent stream file descriptor to service manager."}
- {"dt": "2022-06-03T05:42:21.203980", "lvl": "target", "msg": "<47>[   79.406810] systemd-journald[219]: Successfully sent stream file descriptor to service manager."}
- {"dt": "2022-06-03T05:42:21.204164", "lvl": "target", "msg": "[[0;32m  OK  [0m] Found device /dev/ttyS1."}
- {"dt": "2022-06-03T05:42:21.204352", "lvl": "target", "msg": "[[0;32m  OK  [0m] Found device /dev/ttyS2."}
- {"dt": "2022-06-03T05:42:21.204539", "lvl": "target", "msg": "[[0;32m  OK  [0m] Started Serial Getty on ttyS2."}
- {"dt": "2022-06-03T05:42:21.204735", "lvl": "target", "msg": "[[0;32m  OK  [0m] Started Serial Getty on ttyS1."}
- {"dt": "2022-06-03T05:42:21.204924", "lvl": "target", "msg": "[[0;32m  OK  [0m] Found device /dev/ttyS0."}
- {"dt": "2022-06-03T05:42:21.205110", "lvl": "target", "msg": "[[0;32m  OK  [0m] Started Serial Getty on ttyS0."}
- {"dt": "2022-06-03T05:42:21.205297", "lvl": "target", "msg": "[[0;32m  OK  [0m] Reached target Login Prompts."}
- {"dt": "2022-06-03T05:42:21.205484", "lvl": "target", "msg": "[[0;32m  OK  [0m] Reached target Multi-User System."}
- {"dt": "2022-06-03T05:42:21.205671", "lvl": "target", "msg": "         Starting Update UTMP about System Runlevel Changes..."}
- {"dt": "2022-06-03T05:42:35.043817", "lvl": "target", "msg": "<47>[   81.933327] systemd-journald[219]: Successfully sent stream file descriptor to service manager."}
- {"dt": "2022-06-03T05:42:35.044059", "lvl": "target", "msg": "<47>[   82.142188] systemd-journald[219]: Successfully sent stream file descriptor to service manager."}
- {"dt": "2022-06-03T05:42:35.044176", "lvl": "target", "msg": "<47>[   82.271128] systemd-journald[219]: Successfully sent stream file descriptor to service manager."}
- {"dt": "2022-06-03T05:42:35.044282", "lvl": "target", "msg": "<47>[   82.384398] systemd-journald[219]: Successfully sent stream file descriptor to service manager."}
- {"dt": "2022-06-03T05:42:35.044390", "lvl": "target", "msg": ""}
- {"dt": "2022-06-03T05:42:35.044610", "lvl": "target", "msg": "Linux-Kernel-Functional-Testing 2.5+linaro intel-corei7-64 ttyS0"}
- {"dt": "2022-06-03T05:42:35.044769", "lvl": "target", "msg": ""}
- {"dt": "2022-06-03T05:42:35.044879", "lvl": "target", "msg": "intel-corei7-64 login: <47>[   89.881858] systemd-journald[219]: Successfully sent stream file descriptor to service manager."}
- {"dt": "2022-06-03T05:42:35.044999", "lvl": "target", "msg": "<47>[   92.569481] systemd-journald[219]: Successfully sent stream file descriptor to service manager."}
- {"dt": "2022-06-03T05:42:35.045121", "lvl": "target", "msg": "<47>[   96.142413] systemd-journald[219]: Data hash table of /run/log/journal/7508ef0f03f04bb5a55b937791af7545/system.journal has a fill level at 75.0 (10923 of 14563 items, 8388608 file size, 767 bytes per hash table item), suggesting rotation."}
- {"dt": "2022-06-03T05:42:35.045244", "lvl": "target", "msg": "<47>[   96.142690] systemd-journald[219]: /run/log/journal/7508ef0f03f04bb5a55b937791af7545/system.journal: Journal header limits reached or header out-of-date, rotating."}
- {"dt": "2022-06-03T05:42:35.045403", "lvl": "target", "msg": "<47>[   96.143147] systemd-journald[219]: Rotating..."}
- {"dt": "2022-06-03T05:42:35.045530", "lvl": "target", "msg": "<47>[   96.264647] systemd-journald[219]: Reserving 14563 entries in hash table."}
- {"dt": "2022-06-03T05:42:35.045650", "lvl": "target", "msg": "<47>[   96.292306] systemd-journald[219]: Vacuuming..."}
- {"dt": "2022-06-03T05:42:35.045750", "lvl": "target", "msg": "<47>[   96.312528] systemd-journald[219]: Vacuuming done, freed 0B of archived journals from /run/log/journal/7508ef0f03f04bb5a55b937791af7545."}
- {"dt": "2022-06-03T05:42:35.045852", "lvl": "target", "msg": "<31>[   96.861739] systemd-fstab-generator[351]: Parsing /etc/fstab"}
- {"dt": "2022-06-03T05:42:35.045960", "lvl": "target", "msg": "<31>[   97.058651] systemd-fstab-generator[351]: Found entry what=/dev/root where=/ type=auto makefs=no nofail=no noauto=no"}
- {"dt": "2022-06-03T05:42:35.046083", "lvl": "target", "msg": "<31>[   97.102851] systemd-getty-generator[352]: Automatically adding serial getty for /dev/ttyS0."}
- {"dt": "2022-06-03T05:42:35.046200", "lvl": "target", "msg": "<31>[   97.226671] systemd-fstab-generator[351]: Found entry what=proc where=/proc type=proc makefs=no nofail=no noauto=no"}
- {"dt": "2022-06-03T05:42:35.049676", "lvl": "debug", "msg": "Matched prompt #8: (.*)login:"}
- {"dt": "2022-06-03T05:42:35.049886", "lvl": "results", "msg": {"case": "kernel-messages", "definition": "lava", "duration": "172.49", "extra": {"extra": [{"success": "(.*)login:"}]}, "level": "2.2.1", "namespace": "common", "result": "pass"}}
- {"dt": "2022-06-03T05:42:35.050203", "lvl": "debug", "msg": "Sending username root"}
