- {"dt": "2022-06-03T05:40:21.791641", "lvl": "target", "msg": "early console in setup codc[?7l[2J<5>[    0.000000] Linux version 5.18.0-next-20220603 (tuxmake@tuxmake) (x86_64-linux-gnu-gcc (Debian 11.3.0-3) 11.3.0, GNU ld (GNU Binutils for Debian) 2.38) #1 SMP PREEMPT_DYNAMIC @1654234362"}
- {"dt": "2022-06-03T05:40:21.793131", "lvl": "target", "msg": "<6>[    0.000000] Command line: console=ttyS0,115200 rootwait root=/dev/sda debug verbose console_msg_format=syslog"}
- {"dt": "2022-06-03T05:40:21.794422", "lvl": "target", "msg": "<6>[    0.000000] x86/fpu: x87 FPU will use FXSAVE"}
- {"dt": "2022-06-03T05:40:21.795785", "lvl": "target", "msg": "<6>[    0.000000] signal: max sigframe size: 1440"}
- {"dt": "2022-06-03T05:40:21.797012", "lvl": "target", "msg": "<6>[    0.000000] BIOS-provided physical RAM map:"}
- {"dt": "2022-06-03T05:40:21.798319", "lvl": "target", "msg": "<6>[    0.000000] BIOS-e820: [mem 0x0000000000000000-0x000000000009fbff] usable"}
- {"dt": "2022-06-03T05:40:21.799560", "lvl": "target", "msg": "<6>[    0.000000] BIOS-e820: [mem 0x000000000009fc00-0x000000000009ffff] reserved"}
- {"dt": "2022-06-03T05:40:21.800844", "lvl": "target", "msg": "<6>[    0.000000] BIOS-e820: [mem 0x00000000000f0000-0x00000000000fffff] reserved"}
- {"dt": "2022-06-03T05:40:21.802015", "lvl": "target", "msg": "<6>[    0.000000] BIOS-e820: [mem 0x0000000000100000-0x000000003ffdefff] usable"}
- {"dt": "2022-06-03T05:40:21.803260", "lvl": "target", "msg": "<6>[    0.000000] BIOS-e820: [mem 0x000000003ffdf000-0x000000003fffffff] reserved"}
- {"dt": "2022-06-03T05:40:21.804441", "lvl": "target", "msg": "<6>[    0.000000] BIOS-e820: [mem 0x00000000b0000000-0x00000000bfffffff] reserved"}
- {"dt": "2022-06-03T05:40:21.805699", "lvl": "target", "msg": "<6>[    0.000000] BIOS-e820: [mem 0x00000000fed1c000-0x00000000fed1ffff] reserved"}
- {"dt": "2022-06-03T05:40:21.806939", "lvl": "target", "msg": "<6>[    0.000000] BIOS-e820: [mem 0x00000000fffc0000-0x00000000ffffffff] reserved"}
- {"dt": "2022-06-03T05:40:21.808246", "lvl": "target", "msg": "<6>[    0.000000] NX (Execute Disable) protection: active"}
- {"dt": "2022-06-03T05:40:21.809557", "lvl": "target", "msg": "<6>[    0.000000] SMBIOS 2.8 present."}
- {"dt": "2022-06-03T05:40:21.810854", "lvl": "target", "msg": "<6>[    0.000000] DMI: QEMU Standard PC (Q35 + ICH9, 2009), BIOS 1.14.0-2 04/01/2014"}
- {"dt": "2022-06-03T05:40:21.812076", "lvl": "target", "msg": "<7>[    0.000000] e820: update [mem 0x00000000-0x00000fff] usable ==> reserved"}
- {"dt": "2022-06-03T05:40:21.813329", "lvl": "target", "msg": "<7>[    0.000000] e820: remove [mem 0x000a0000-0x000fffff] usable"}
- {"dt": "2022-06-03T05:40:21.814531", "lvl": "target", "msg": "<6>[    0.000000] last_pfn = 0x3ffdf max_arch_pfn = 0x400000000"}
- {"dt": "2022-06-03T05:40:21.816489", "lvl": "target", "msg": "<6>[    0.000000] x86/PAT: Configuration [0-7]: WB  WC  UC- UC  WB  WP  UC- WT  "}
- {"dt": "2022-06-03T05:40:21.817734", "lvl": "target", "msg": "<6>[    0.000000] found SMP MP-table at [mem 0x000f5ce0-0x000f5cef]"}
- {"dt": "2022-06-03T05:40:21.818994", "lvl": "target", "msg": "<6>[    0.000000] ACPI: Early table checksum verification disabled"}
- {"dt": "2022-06-03T05:40:21.819964", "lvl": "target", "msg": "<6>[    0.000000] ACPI: RSDP 0x00000000000F5B30 000014 (v00 BOCHS )"}
- {"dt": "2022-06-03T05:40:21.820817", "lvl": "target", "msg": "<6>[    0.000000] ACPI: RSDT 0x000000003FFE2304 000038 (v01 BOCHS  BXPC     00000001 BXPC 00000001)"}
- {"dt": "2022-06-03T05:40:21.821515", "lvl": "target", "msg": "<6>[    0.000000] ACPI: FACP 0x000000003FFE20F4 0000F4 (v03 BOCHS  BXPC     00000001 BXPC 00000001)"}
- {"dt": "2022-06-03T05:40:21.822208", "lvl": "target", "msg": "<6>[    0.000000] ACPI: DSDT 0x000000003FFE0040 0020B4 (v01 BOCHS  BXPC     00000001 BXPC 00000001)"}
- {"dt": "2022-06-03T05:40:21.866874", "lvl": "target", "msg": "<6>[    0.000000] ACPI: FACS 0x000000003FFE0000 000040"}
- {"dt": "2022-06-03T05:40:21.868055", "lvl": "target", "msg": "<6>[    0.000000] ACPI: APIC 0x000000003FFE21E8 000080 (v01 BOCHS  BXPC     00000001 BXPC 00000001)"}
- {"dt": "2022-06-03T05:40:21.868861", "lvl": "target", "msg": "<6>[    0.000000] ACPI: HPET 0x000000003FFE2268 000038 (v01 BOCHS  BXPC     00000001 BXPC 00000001)"}
- {"dt": "2022-06-03T05:40:21.869501", "lvl": "target", "msg": "<6>[    0.000000] ACPI: MCFG 0x000000003FFE22A0 00003C (v01 BOCHS  BXPC     00000001 BXPC 00000001)"}
- {"dt": "2022-06-03T05:40:21.870229", "lvl": "target", "msg": "<6>[    0.000000] ACPI: WAET 0x000000003FFE22DC 000028 (v01 BOCHS  BXPC     00000001 BXPC 00000001)"}
- {"dt": "2022-06-03T05:40:21.870972", "lvl": "target", "msg": "<6>[    0.000000] ACPI: Reserving FACP table memory at [mem 0x3ffe20f4-0x3ffe21e7]"}
- {"dt": "2022-06-03T05:40:21.871736", "lvl": "target", "msg": "<6>[    0.000000] ACPI: Reserving DSDT table memory at [mem 0x3ffe0040-0x3ffe20f3]"}
- {"dt": "2022-06-03T05:40:21.872399", "lvl": "target", "msg": "<6>[    0.000000] ACPI: Reserving FACS table memory at [mem 0x3ffe0000-0x3ffe003f]"}
- {"dt": "2022-06-03T05:40:21.873148", "lvl": "target", "msg": "<6>[    0.000000] ACPI: Reserving APIC table memory at [mem 0x3ffe21e8-0x3ffe2267]"}
- {"dt": "2022-06-03T05:40:21.873913", "lvl": "target", "msg": "<6>[    0.000000] ACPI: Reserving HPET table memory at [mem 0x3ffe2268-0x3ffe229f]"}
- {"dt": "2022-06-03T05:40:21.874649", "lvl": "target", "msg": "<6>[    0.000000] ACPI: Reserving MCFG table memory at [mem 0x3ffe22a0-0x3ffe22db]"}
- {"dt": "2022-06-03T05:40:21.875268", "lvl": "target", "msg": "<6>[    0.000000] ACPI: Reserving WAET table memory at [mem 0x3ffe22dc-0x3ffe2303]"}
- {"dt": "2022-06-03T05:40:21.876024", "lvl": "target", "msg": "<6>[    0.000000] No NUMA configuration found"}
- {"dt": "2022-06-03T05:40:21.876779", "lvl": "target", "msg": "<6>[    0.000000] Faking a node at [mem 0x0000000000000000-0x000000003ffdefff]"}
- {"dt": "2022-06-03T05:40:21.877414", "lvl": "target", "msg": "<6>[    0.000000] NODE_DATA(0) allocated [mem 0x3ffdb000-0x3ffdefff]"}
- {"dt": "2022-06-03T05:40:21.878147", "lvl": "target", "msg": "<6>[    0.000000] Zone ranges:"}
- {"dt": "2022-06-03T05:40:21.878882", "lvl": "target", "msg": "<6>[    0.000000]   DMA      [mem 0x0000000000001000-0x0000000000ffffff]"}
- {"dt": "2022-06-03T05:40:21.879603", "lvl": "target", "msg": "<6>[    0.000000]   DMA32    [mem 0x0000000001000000-0x000000003ffdefff]"}
- {"dt": "2022-06-03T05:40:21.880268", "lvl": "target", "msg": "<6>[    0.000000]   Normal   empty"}
- {"dt": "2022-06-03T05:40:21.880999", "lvl": "target", "msg": "<6>[    0.000000] Movable zone start for each node"}
- {"dt": "2022-06-03T05:40:21.881706", "lvl": "target", "msg": "<6>[    0.000000] Early memory node ranges"}
- {"dt": "2022-06-03T05:40:21.882371", "lvl": "target", "msg": "<6>[    0.000000]   node   0: [mem 0x0000000000001000-0x000000000009efff]"}
- {"dt": "2022-06-03T05:40:21.883102", "lvl": "target", "msg": "<6>[    0.000000]   node   0: [mem 0x0000000000100000-0x000000003ffdefff]"}
- {"dt": "2022-06-03T05:40:21.884021", "lvl": "target", "msg": "<6>[    0.000000] Initmem setup node 0 [mem 0x0000000000001000-0x000000003ffdefff]"}
- {"dt": "2022-06-03T05:40:21.884793", "lvl": "target", "msg": "<6>[    0.000000] On node 0, zone DMA: 1 pages in unavailable ranges"}
- {"dt": "2022-06-03T05:40:21.885419", "lvl": "target", "msg": "<6>[    0.000000] On node 0, zone DMA: 97 pages in unavailable ranges"}
- {"dt": "2022-06-03T05:40:21.886148", "lvl": "target", "msg": "<6>[    0.000000] On node 0, zone DMA32: 33 pages in unavailable ranges"}
- {"dt": "2022-06-03T05:40:22.062697", "lvl": "target", "msg": "<6>[    0.000000] ACPI: PM-Timer IO Port: 0x608"}
- {"dt": "2022-06-03T05:40:22.064031", "lvl": "target", "msg": "<6>[    0.000000] ACPI: LAPIC_NMI (acpi_id[0xff] dfl dfl lint[0x1])"}
- {"dt": "2022-06-03T05:40:22.064820", "lvl": "target", "msg": "<6>[    0.000000] IOAPIC[0]: apic_id 0, version 32, address 0xfec00000, GSI 0-23"}
- {"dt": "2022-06-03T05:40:22.065597", "lvl": "target", "msg": "<6>[    0.000000] ACPI: INT_SRC_OVR (bus 0 bus_irq 0 global_irq 2 dfl dfl)"}
- {"dt": "2022-06-03T05:40:22.066299", "lvl": "target", "msg": "<6>[    0.000000] ACPI: INT_SRC_OVR (bus 0 bus_irq 5 global_irq 5 high level)"}
- {"dt": "2022-06-03T05:40:22.067016", "lvl": "target", "msg": "<6>[    0.000000] ACPI: INT_SRC_OVR (bus 0 bus_irq 9 global_irq 9 high level)"}
- {"dt": "2022-06-03T05:40:22.067782", "lvl": "target", "msg": "<6>[    0.000000] ACPI: INT_SRC_OVR (bus 0 bus_irq 10 global_irq 10 high level)"}
- {"dt": "2022-06-03T05:40:22.068467", "lvl": "target", "msg": "<6>[    0.000000] ACPI: INT_SRC_OVR (bus 0 bus_irq 11 global_irq 11 high level)"}
- {"dt": "2022-06-03T05:40:22.069209", "lvl": "target", "msg": "<6>[    0.000000] ACPI: Using ACPI (MADT) for SMP configuration information"}
- {"dt": "2022-06-03T05:40:22.069962", "lvl": "target", "msg": "<6>[    0.000000] ACPI: HPET id: 0x8086a201 base: 0xfed00000"}
- {"dt": "2022-06-03T05:40:22.070690", "lvl": "target", "msg": "<6>[    0.000000] smpboot: Allowing 2 CPUs, 0 hotplug CPUs"}
- {"dt": "2022-06-03T05:40:22.071372", "lvl": "target", "msg": "<6>[    0.000000] PM: hibernation: Registered nosave memory: [mem 0x00000000-0x00000fff]"}
- {"dt": "2022-06-03T05:40:22.072144", "lvl": "target", "msg": "<6>[    0.000000] PM: hibernation: Registered nosave memory: [mem 0x0009f000-0x0009ffff]"}
- {"dt": "2022-06-03T05:40:22.072904", "lvl": "target", "msg": "<6>[    0.000000] PM: hibernation: Registered nosave memory: [mem 0x000a0000-0x000effff]"}
- {"dt": "2022-06-03T05:40:22.073658", "lvl": "target", "msg": "<6>[    0.000000] PM: hibernation: Registered nosave memory: [mem 0x000f0000-0x000fffff]"}
- {"dt": "2022-06-03T05:40:22.074333", "lvl": "target", "msg": "<6>[    0.000000] [mem 0x40000000-0xafffffff] available for PCI devices"}
- {"dt": "2022-06-03T05:40:22.075112", "lvl": "target", "msg": "<6>[    0.000000] Booting paravirtualized kernel on bare hardware"}
- {"dt": "2022-06-03T05:40:22.075890", "lvl": "target", "msg": "<6>[    0.000000] clocksource: refined-jiffies: mask: 0xffffffff max_cycles: 0xffffffff, max_idle_ns: 1910969940391419 ns"}
- {"dt": "2022-06-03T05:40:22.076636", "lvl": "target", "msg": "<6>[    0.000000] setup_percpu: NR_CPUS:64 nr_cpumask_bits:64 nr_cpu_ids:2 nr_node_ids:1"}
- {"dt": "2022-06-03T05:40:22.077326", "lvl": "target", "msg": "<6>[    0.000000] percpu: Embedded 53 pages/cpu s177448 r8192 d31448 u1048576"}
- {"dt": "2022-06-03T05:40:22.078052", "lvl": "target", "msg": "<7>[    0.000000] pcpu-alloc: s177448 r8192 d31448 u1048576 alloc=1*2097152"}
- {"dt": "2022-06-03T05:40:22.078788", "lvl": "target", "msg": "<7>[    0.000000] pcpu-alloc: [0] 0 1 "}
- {"dt": "2022-06-03T05:40:22.079455", "lvl": "target", "msg": "<6>[    0.000000] Fallback order for Node 0: 0 "}
- {"dt": "2022-06-03T05:40:22.080230", "lvl": "target", "msg": "<6>[    0.000000] Built 1 zonelists, mobility grouping on.  Total pages: 257759"}
- {"dt": "2022-06-03T05:40:22.080979", "lvl": "target", "msg": "<6>[    0.000000] Policy zone: DMA32"}
- {"dt": "2022-06-03T05:40:22.081709", "lvl": "target", "msg": "<5>[    0.000000] Kernel command line: console=ttyS0,115200 rootwait root=/dev/sda debug verbose console_msg_format=syslog"}
- {"dt": "2022-06-03T05:40:22.451092", "lvl": "target", "msg": "<5>[    0.000000] Unknown kernel command line parameters \\\"verbose\\\", will be passed to user space."}
- {"dt": "2022-06-03T05:40:22.452294", "lvl": "target", "msg": "<6>[    0.000000] Dentry cache hash table entries: 131072 (order: 8, 1048576 bytes, linear)"}
- {"dt": "2022-06-03T05:40:22.453073", "lvl": "target", "msg": "<6>[    0.000000] Inode-cache hash table entries: 65536 (order: 7, 524288 bytes, linear)"}
- {"dt": "2022-06-03T05:40:22.453788", "lvl": "target", "msg": "<6>[    0.000000] mem auto-init: stack:off, heap alloc:off, heap free:off"}
- {"dt": "2022-06-03T05:40:22.454501", "lvl": "target", "msg": "<6>[    0.000000] Memory: 987724K/1048052K available (20494K kernel code, 3323K rwdata, 6616K rodata, 1816K init, 2852K bss, 60068K reserved, 0K cma-reserved)"}
- {"dt": "2022-06-03T05:40:22.455235", "lvl": "target", "msg": "<6>[    0.000000] SLUB: HWalign=64, Order=0-3, MinObjects=0, CPUs=2, Nodes=1"}
- {"dt": "2022-06-03T05:40:22.456028", "lvl": "target", "msg": "<6>[    0.000000] Kernel/User page tables isolation: enabled"}
- {"dt": "2022-06-03T05:40:22.456830", "lvl": "target", "msg": "<6>[    0.000000] ftrace: allocating 56156 entries in 220 pages"}
- {"dt": "2022-06-03T05:40:22.457612", "lvl": "target", "msg": "<6>[    0.000000] ftrace: allocated 220 pages with 5 groups"}
- {"dt": "2022-06-03T05:40:22.458326", "lvl": "target", "msg": "<6>[    0.000000] Dynamic Preempt: voluntary"}
- {"dt": "2022-06-03T05:40:22.458986", "lvl": "target", "msg": "<6>[    0.000000] rcu: Preemptible hierarchical RCU implementation."}
- {"dt": "2022-06-03T05:40:22.459621", "lvl": "target", "msg": "<6>[    0.000000] rcu: \tRCU event tracing is enabled."}
- {"dt": "2022-06-03T05:40:22.460308", "lvl": "target", "msg": "<6>[    0.000000] rcu: \tRCU restricting CPUs from NR_CPUS=64 to nr_cpu_ids=2."}
- {"dt": "2022-06-03T05:40:22.460944", "lvl": "target", "msg": "<6>[    0.000000] \tTrampoline variant of Tasks RCU enabled."}
- {"dt": "2022-06-03T05:40:22.461569", "lvl": "target", "msg": "<6>[    0.000000] \tRude variant of Tasks RCU enabled."}
- {"dt": "2022-06-03T05:40:22.462219", "lvl": "target", "msg": "<6>[    0.000000] rcu: RCU calculated value of scheduler-enlistment delay is 100 jiffies."}
- {"dt": "2022-06-03T05:40:22.462853", "lvl": "target", "msg": "<6>[    0.000000] rcu: Adjusting geometry for rcu_fanout_leaf=16, nr_cpu_ids=2"}
- {"dt": "2022-06-03T05:40:22.463487", "lvl": "target", "msg": "<6>[    0.000000] NR_IRQS: 4352, nr_irqs: 440, preallocated irqs: 16"}
- {"dt": "2022-06-03T05:40:22.464198", "lvl": "target", "msg": "<6>[    0.000000] rcu: srcu_init: Setting srcu_struct sizes based on contention."}
- {"dt": "2022-06-03T05:40:22.464901", "lvl": "target", "msg": "<6>[    0.000000] kfence: initialized - using 2097152 bytes for 255 objects at 0x(____ptrval____)-0x(____ptrval____)"}
- {"dt": "2022-06-03T05:40:22.465622", "lvl": "target", "msg": "<6>[    0.000000] Console: colour VGA+ 80x25"}
- {"dt": "2022-06-03T05:40:22.466390", "lvl": "target", "msg": "<6>[    0.000000] printk: console [ttyS0] enabled"}
- {"dt": "2022-06-03T05:40:22.467273", "lvl": "target", "msg": "<6>[    0.000000] ACPI: Core revision 20220331"}
- {"dt": "2022-06-03T05:40:22.468083", "lvl": "target", "msg": "<6>[    0.000000] clocksource: hpet: mask: 0xffffffff max_cycles: 0xffffffff, max_idle_ns: 19112604467 ns"}
- {"dt": "2022-06-03T05:40:22.468834", "lvl": "target", "msg": "<6>[    0.002000] APIC: Switch to symmetric I/O mode setup"}
- {"dt": "2022-06-03T05:40:22.469633", "lvl": "target", "msg": "<6>[    0.010000] ..TIMER: vector=0x30 apic1=0 pin1=2 apic2=-1 pin2=-1"}
- {"dt": "2022-06-03T05:40:23.313400", "lvl": "target", "msg": "<4>[    0.019000] tsc: Unable to calibrate against PIT"}
- {"dt": "2022-06-03T05:40:23.314872", "lvl": "target", "msg": "<6>[    0.019000] tsc: using HPET reference calibration"}
- {"dt": "2022-06-03T05:40:23.315668", "lvl": "target", "msg": "<6>[    0.020000] tsc: Detected 2199.901 MHz processor"}
- {"dt": "2022-06-03T05:40:23.316468", "lvl": "target", "msg": "<6>[    0.000903] clocksource: tsc-early: mask: 0xffffffffffffffff max_cycles: 0x1fb5d576fbf, max_idle_ns: 440795260633 ns"}
- {"dt": "2022-06-03T05:40:23.317244", "lvl": "target", "msg": "<6>[    0.003384] Calibrating delay loop (skipped), value calculated using timer frequency.. 4399.80 BogoMIPS (lpj=2199901)"}
- {"dt": "2022-06-03T05:40:23.317944", "lvl": "target", "msg": "<6>[    0.005151] pid_max: default: 32768 minimum: 301"}
- {"dt": "2022-06-03T05:40:23.318663", "lvl": "target", "msg": "<6>[    0.007493] LSM: Security Framework initializing"}
- {"dt": "2022-06-03T05:40:23.319400", "lvl": "target", "msg": "<6>[    0.009759] SELinux:  Initializing."}
- {"dt": "2022-06-03T05:40:23.320181", "lvl": "target", "msg": "<6>[    0.015142] Mount-cache hash table entries: 2048 (order: 2, 16384 bytes, linear)"}
- {"dt": "2022-06-03T05:40:23.320899", "lvl": "target", "msg": "<6>[    0.016015] Mountpoint-cache hash table entries: 2048 (order: 2, 16384 bytes, linear)"}
- {"dt": "2022-06-03T05:40:23.321603", "lvl": "target", "msg": "<6>[    0.067438] Last level iTLB entries: 4KB 0, 2MB 0, 4MB 0"}
- {"dt": "2022-06-03T05:40:23.322373", "lvl": "target", "msg": "<6>[    0.068000] Last level dTLB entries: 4KB 0, 2MB 0, 4MB 0, 1GB 0"}
- {"dt": "2022-06-03T05:40:23.323120", "lvl": "target", "msg": "<6>[    0.069330] Spectre V1 : Mitigation: usercopy/swapgs barriers and __user pointer sanitization"}
- {"dt": "2022-06-03T05:40:23.323830", "lvl": "target", "msg": "<6>[    0.070226] Spectre V2 : Mitigation: Retpolines"}
- {"dt": "2022-06-03T05:40:23.324533", "lvl": "target", "msg": "<6>[    0.070962] Spectre V2 : Spectre v2 / SpectreRSB mitigation: Filling RSB on context switch"}
- {"dt": "2022-06-03T05:40:23.325253", "lvl": "target", "msg": "<6>[    0.072073] Speculative Store Bypass: Vulnerable"}
- {"dt": "2022-06-03T05:40:23.325929", "lvl": "target", "msg": "<6>[    0.073430] MDS: Vulnerable: Clear CPU buffers attempted, no microcode"}
- {"dt": "2022-06-03T05:40:23.326622", "lvl": "target", "msg": "<6>[    0.127310] Freeing SMP alternatives memory: 52K"}
- {"dt": "2022-06-03T05:40:23.327372", "lvl": "target", "msg": "<6>[    0.262882] smpboot: CPU0: Intel Core i7 9xx (Nehalem Class Core i7) (family: 0x6, model: 0x1a, stepping: 0x3)"}
- {"dt": "2022-06-03T05:40:23.328351", "lvl": "target", "msg": "<6>[    0.283461] cblist_init_generic: Setting adjustable number of callback queues."}
- {"dt": "2022-06-03T05:40:23.329217", "lvl": "target", "msg": "<6>[    0.283979] cblist_init_generic: Setting shift to 1 and lim to 1."}
- {"dt": "2022-06-03T05:40:23.330269", "lvl": "target", "msg": "<6>[    0.285547] cblist_init_generic: Setting shift to 1 and lim to 1."}
- {"dt": "2022-06-03T05:40:23.331214", "lvl": "target", "msg": "<6>[    0.288081] Performance Events: unsupported p6 CPU model 26 no PMU driver, software events only."}
- {"dt": "2022-06-03T05:40:23.332088", "lvl": "target", "msg": "<6>[    0.294103] rcu: Hierarchical SRCU implementation."}
- {"dt": "2022-06-03T05:40:23.332885", "lvl": "target", "msg": "<6>[    0.294618] printk: console [ttyS0] printing thread started"}
- {"dt": "2022-06-03T05:40:23.333911", "lvl": "target", "msg": "<6>[    0.312602] smp: Bringing up secondary CPUs ..."}
- {"dt": "2022-06-03T05:40:24.451303", "lvl": "target", "msg": "<6>[    0.319602] x86: Booting SMP configuration:"}
- {"dt": "2022-06-03T05:40:24.451839", "lvl": "target", "msg": "<6>[    0.319689] .... node  #0, CPUs:      #1"}
- {"dt": "2022-06-03T05:40:24.452152", "lvl": "target", "msg": "<6>[    0.359227] smp: Brought up 1 node, 2 CPUs"}
- {"dt": "2022-06-03T05:40:24.452458", "lvl": "target", "msg": "<6>[    0.359357] smpboot: Max logical packages: 1"}
- {"dt": "2022-06-03T05:40:24.452786", "lvl": "target", "msg": "<6>[    0.359493] smpboot: Total of 2 processors activated (8799.60 BogoMIPS)"}
- {"dt": "2022-06-03T05:40:24.453114", "lvl": "target", "msg": "<6>[    0.408158] devtmpfs: initialized"}
- {"dt": "2022-06-03T05:40:24.453436", "lvl": "target", "msg": "<6>[    0.433254] clocksource: jiffies: mask: 0xffffffff max_cycles: 0xffffffff, max_idle_ns: 1911260446275000 ns"}
- {"dt": "2022-06-03T05:40:24.453761", "lvl": "target", "msg": "<6>[    0.433499] futex hash table entries: 512 (order: 3, 32768 bytes, linear)"}
- {"dt": "2022-06-03T05:40:24.454086", "lvl": "target", "msg": "<6>[    0.445006] PM: RTC time: 05:40:22, date: 2022-06-03"}
- {"dt": "2022-06-03T05:40:24.454408", "lvl": "target", "msg": "<6>[    0.459458] NET: Registered PF_NETLINK/PF_ROUTE protocol family"}
- {"dt": "2022-06-03T05:40:24.454731", "lvl": "target", "msg": "<6>[    0.471008] audit: initializing netlink subsys (disabled)"}
- {"dt": "2022-06-03T05:40:24.455053", "lvl": "target", "msg": "<5>[    0.480720] audit: type=2000 audit(1654234821.501:1): state=initialized audit_enabled=0 res=1"}
- {"dt": "2022-06-03T05:40:24.455376", "lvl": "target", "msg": "<6>[    0.489574] thermal_sys: Registered thermal governor 'step_wise'"}
- {"dt": "2022-06-03T05:40:24.455688", "lvl": "target", "msg": "<6>[    0.489658] thermal_sys: Registered thermal governor 'user_space'"}
- {"dt": "2022-06-03T05:40:24.456017", "lvl": "target", "msg": "<6>[    0.496135] cpuidle: using governor menu"}
- {"dt": "2022-06-03T05:40:24.456340", "lvl": "target", "msg": "<6>[    0.511089] PCI: MMCONFIG for domain 0000 [bus 00-ff] at [mem 0xb0000000-0xbfffffff] (base 0xb0000000)"}
- {"dt": "2022-06-03T05:40:24.456661", "lvl": "target", "msg": "<6>[    0.512176] PCI: MMCONFIG at [mem 0xb0000000-0xbfffffff] reserved in E820"}
- {"dt": "2022-06-03T05:40:24.456982", "lvl": "target", "msg": "<6>[    0.514521] PCI: Using configuration type 1 for base access"}
- {"dt": "2022-06-03T05:40:24.457304", "lvl": "target", "msg": "<4>[    0.519505] mtrr: your CPUs had inconsistent fixed MTRR settings"}
- {"dt": "2022-06-03T05:40:24.457627", "lvl": "target", "msg": "<4>[    0.519550] mtrr: your CPUs had inconsistent variable MTRR settings"}
- {"dt": "2022-06-03T05:40:24.457952", "lvl": "target", "msg": "<4>[    0.519579] mtrr: your CPUs had inconsistent MTRRdefType settings"}
- {"dt": "2022-06-03T05:40:24.458275", "lvl": "target", "msg": "<6>[    0.519595] mtrr: probably your BIOS does not setup all CPUs."}
- {"dt": "2022-06-03T05:40:24.458598", "lvl": "target", "msg": "<6>[    0.519611] mtrr: corrected configuration."}
- {"dt": "2022-06-03T05:40:24.458917", "lvl": "target", "msg": "<6>[    0.636061] kprobes: kprobe jump-optimization is enabled. All kprobes are optimized if possible."}
- {"dt": "2022-06-03T05:40:24.459237", "lvl": "target", "msg": "<6>[    0.903660] HugeTLB: can optimize 7 vmemmap pages for hugepages-2048kB"}
- {"dt": "2022-06-03T05:40:24.459559", "lvl": "target", "msg": "<6>[    0.903939] HugeTLB registered 2.00 MiB page size, pre-allocated 0 pages"}
- {"dt": "2022-06-03T05:40:24.459917", "lvl": "target", "msg": "<6>[    0.910115] cryptd: max_cpu_qlen set to 1000"}
- {"dt": "2022-06-03T05:40:24.460225", "lvl": "target", "msg": "<6>[    0.916364] ACPI: Added _OSI(Module Device)"}
- {"dt": "2022-06-03T05:40:26.038514", "lvl": "target", "msg": "<6>[    0.916435] ACPI: Added _OSI(Processor Device)"}
- {"dt": "2022-06-03T05:40:26.039954", "lvl": "target", "msg": "<6>[    0.916453] ACPI: Added _OSI(3.0 _SCP Extensions)"}
- {"dt": "2022-06-03T05:40:26.040747", "lvl": "target", "msg": "<6>[    0.916468] ACPI: Added _OSI(Processor Aggregator Device)"}
- {"dt": "2022-06-03T05:40:26.041477", "lvl": "target", "msg": "<6>[    0.916626] ACPI: Added _OSI(Linux-Dell-Video)"}
- {"dt": "2022-06-03T05:40:26.042195", "lvl": "target", "msg": "<6>[    0.916648] ACPI: Added _OSI(Linux-Lenovo-NV-HDMI-Audio)"}
- {"dt": "2022-06-03T05:40:26.042943", "lvl": "target", "msg": "<6>[    0.916665] ACPI: Added _OSI(Linux-HPI-Hybrid-Graphics)"}
- {"dt": "2022-06-03T05:40:26.043683", "lvl": "target", "msg": "<6>[    0.940539] ACPI: 1 ACPI AML tables successfully acquired and loaded"}
- {"dt": "2022-06-03T05:40:26.044438", "lvl": "target", "msg": "<6>[    1.701222] ACPI: Interpreter enabled"}
- {"dt": "2022-06-03T05:40:26.045171", "lvl": "target", "msg": "<6>[    1.703601] ACPI: PM: (supports S0 S3 S4 S5)"}
- {"dt": "2022-06-03T05:40:26.045887", "lvl": "target", "msg": "<6>[    1.703705] ACPI: Using IOAPIC for interrupt routing"}
- {"dt": "2022-06-03T05:40:26.046623", "lvl": "target", "msg": "<6>[    1.705946] PCI: Using host bridge windows from ACPI; if necessary, use \\\"pci=nocrs\\\" and report a bug"}
- {"dt": "2022-06-03T05:40:26.047351", "lvl": "target", "msg": "<6>[    1.705946] PCI: Using E820 reservations for host bridge windows"}
- {"dt": "2022-06-03T05:40:26.048122", "lvl": "target", "msg": "<6>[    1.705946] ACPI: Enabled 2 GPEs in block 00 to 3F"}
- {"dt": "2022-06-03T05:40:26.048798", "lvl": "target", "msg": "<6>[    1.796364] ACPI: PCI Root Bridge [PCI0] (domain 0000 [bus 00-ff])"}
- {"dt": "2022-06-03T05:40:26.049533", "lvl": "target", "msg": "<6>[    1.799088] acpi PNP0A08:00: _OSC: OS supports [ExtendedConfig ASPM ClockPM Segments MSI HPX-Type3]"}
- {"dt": "2022-06-03T05:40:26.050265", "lvl": "target", "msg": "<6>[    1.802210] acpi PNP0A08:00: _OSC: platform does not support [LTR]"}
- {"dt": "2022-06-03T05:40:26.051016", "lvl": "target", "msg": "<6>[    1.805617] acpi PNP0A08:00: _OSC: OS now controls [PME PCIeCapability]"}
- {"dt": "2022-06-03T05:40:26.051782", "lvl": "target", "msg": "<6>[    1.814681] PCI host bridge to bus 0000:00"}
- {"dt": "2022-06-03T05:40:26.052521", "lvl": "target", "msg": "<6>[    1.815112] pci_bus 0000:00: root bus resource [io  0x0000-0x0cf7 window]"}
- {"dt": "2022-06-03T05:40:26.053249", "lvl": "target", "msg": "<6>[    1.815364] pci_bus 0000:00: root bus resource [io  0x0d00-0xffff window]"}
- {"dt": "2022-06-03T05:40:26.053967", "lvl": "target", "msg": "<6>[    1.815386] pci_bus 0000:00: root bus resource [mem 0x000a0000-0x000bffff window]"}
- {"dt": "2022-06-03T05:40:26.054702", "lvl": "target", "msg": "<6>[    1.815407] pci_bus 0000:00: root bus resource [mem 0x40000000-0xafffffff window]"}
- {"dt": "2022-06-03T05:40:26.055437", "lvl": "target", "msg": "<6>[    1.815428] pci_bus 0000:00: root bus resource [mem 0xc0000000-0xfebfffff window]"}
- {"dt": "2022-06-03T05:40:26.056224", "lvl": "target", "msg": "<6>[    1.815450] pci_bus 0000:00: root bus resource [mem 0x100000000-0x8ffffffff window]"}
- {"dt": "2022-06-03T05:40:26.056965", "lvl": "target", "msg": "<6>[    1.817172] pci_bus 0000:00: root bus resource [bus 00-ff]"}
- {"dt": "2022-06-03T05:40:26.057710", "lvl": "target", "msg": "<6>[    1.824843] pci 0000:00:00.0: [8086:29c0] type 00 class 0x060000"}
- {"dt": "2022-06-03T05:40:26.058431", "lvl": "target", "msg": "<6>[    1.837090] pci 0000:00:01.0: [1234:1111] type 00 class 0x030000"}
- {"dt": "2022-06-03T05:40:27.607029", "lvl": "target", "msg": "<6>[    1.838368] pci 0000:00:01.0: reg 0x10: [mem 0xfd000000-0xfdffffff pref]"}
- {"dt": "2022-06-03T05:40:27.607310", "lvl": "target", "msg": "<6>[    1.843020] pci 0000:00:01.0: reg 0x18: [mem 0xfebf0000-0xfebf0fff]"}
- {"dt": "2022-06-03T05:40:27.607693", "lvl": "target", "msg": "<6>[    1.853011] pci 0000:00:01.0: reg 0x30: [mem 0xfebe0000-0xfebeffff pref]"}
- {"dt": "2022-06-03T05:40:27.608007", "lvl": "target", "msg": "<6>[    1.853636] pci 0000:00:01.0: Video device with shadowed ROM at [mem 0x000c0000-0x000dffff]"}
- {"dt": "2022-06-03T05:40:27.608330", "lvl": "target", "msg": "<6>[    1.857120] pci 0000:00:1f.0: [8086:2918] type 00 class 0x060100"}
- {"dt": "2022-06-03T05:40:27.608655", "lvl": "target", "msg": "<6>[    1.857120] pci 0000:00:1f.0: quirk: [io  0x0600-0x067f] claimed by ICH6 ACPI/GPIO/TCO"}
- {"dt": "2022-06-03T05:40:27.608981", "lvl": "target", "msg": "<6>[    1.858578] pci 0000:00:1f.2: [8086:2922] type 00 class 0x010601"}
- {"dt": "2022-06-03T05:40:27.609304", "lvl": "target", "msg": "<6>[    1.867021] pci 0000:00:1f.2: reg 0x20: [io  0xc040-0xc05f]"}
- {"dt": "2022-06-03T05:40:27.609632", "lvl": "target", "msg": "<6>[    1.869616] pci 0000:00:1f.2: reg 0x24: [mem 0xfebf1000-0xfebf1fff]"}
- {"dt": "2022-06-03T05:40:27.609956", "lvl": "target", "msg": "<6>[    1.874423] pci 0000:00:1f.3: [8086:2930] type 00 class 0x0c0500"}
- {"dt": "2022-06-03T05:40:27.610279", "lvl": "target", "msg": "<6>[    1.879015] pci 0000:00:1f.3: reg 0x20: [io  0x0700-0x073f]"}
- {"dt": "2022-06-03T05:40:27.610600", "lvl": "target", "msg": "<6>[    1.894777] ACPI: PCI: Interrupt link LNKA configured for IRQ 10"}
- {"dt": "2022-06-03T05:40:27.610920", "lvl": "target", "msg": "<6>[    1.897686] ACPI: PCI: Interrupt link LNKB configured for IRQ 10"}
- {"dt": "2022-06-03T05:40:27.611244", "lvl": "target", "msg": "<6>[    1.900021] ACPI: PCI: Interrupt link LNKC configured for IRQ 11"}
- {"dt": "2022-06-03T05:40:27.611566", "lvl": "target", "msg": "<6>[    1.902361] ACPI: PCI: Interrupt link LNKD configured for IRQ 11"}
- {"dt": "2022-06-03T05:40:27.611921", "lvl": "target", "msg": "<6>[    1.904632] ACPI: PCI: Interrupt link LNKE configured for IRQ 10"}
- {"dt": "2022-06-03T05:40:27.612242", "lvl": "target", "msg": "<6>[    1.906849] ACPI: PCI: Interrupt link LNKF configured for IRQ 10"}
- {"dt": "2022-06-03T05:40:27.612561", "lvl": "target", "msg": "<6>[    1.909333] ACPI: PCI: Interrupt link LNKG configured for IRQ 11"}
- {"dt": "2022-06-03T05:40:27.612883", "lvl": "target", "msg": "<6>[    1.911566] ACPI: PCI: Interrupt link LNKH configured for IRQ 11"}
- {"dt": "2022-06-03T05:40:27.613248", "lvl": "target", "msg": "<6>[    1.911943] ACPI: PCI: Interrupt link GSIA configured for IRQ 16"}
- {"dt": "2022-06-03T05:40:27.613568", "lvl": "target", "msg": "<6>[    1.915215] ACPI: PCI: Interrupt link GSIB configured for IRQ 17"}
- {"dt": "2022-06-03T05:40:27.613886", "lvl": "target", "msg": "<6>[    1.915445] ACPI: PCI: Interrupt link GSIC configured for IRQ 18"}
- {"dt": "2022-06-03T05:40:27.614206", "lvl": "target", "msg": "<6>[    1.915654] ACPI: PCI: Interrupt link GSID configured for IRQ 19"}
- {"dt": "2022-06-03T05:40:27.614524", "lvl": "target", "msg": "<6>[    1.915862] ACPI: PCI: Interrupt link GSIE configured for IRQ 20"}
- {"dt": "2022-06-03T05:40:27.614845", "lvl": "target", "msg": "<6>[    1.916154] ACPI: PCI: Interrupt link GSIF configured for IRQ 21"}
- {"dt": "2022-06-03T05:40:27.615164", "lvl": "target", "msg": "<6>[    1.916371] ACPI: PCI: Interrupt link GSIG configured for IRQ 22"}
- {"dt": "2022-06-03T05:40:27.615483", "lvl": "target", "msg": "<6>[    1.916577] ACPI: PCI: Interrupt link GSIH configured for IRQ 23"}
- {"dt": "2022-06-03T05:40:29.225492", "lvl": "target", "msg": "<6>[    1.922223] iommu: Default domain type: Translated "}
- {"dt": "2022-06-03T05:40:29.225776", "lvl": "target", "msg": "<6>[    1.922293] iommu: DMA domain TLB invalidation policy: lazy mode "}
- {"dt": "2022-06-03T05:40:29.225945", "lvl": "target", "msg": "<5>[    1.925219] SCSI subsystem initialized"}
- {"dt": "2022-06-03T05:40:29.226108", "lvl": "target", "msg": "<7>[    1.931809] libata version 3.00 loaded."}
- {"dt": "2022-06-03T05:40:29.226274", "lvl": "target", "msg": "<6>[    1.933882] ACPI: bus type USB registered"}
- {"dt": "2022-06-03T05:40:29.226438", "lvl": "target", "msg": "<6>[    1.934864] usbcore: registered new interface driver usbfs"}
- {"dt": "2022-06-03T05:40:29.226602", "lvl": "target", "msg": "<6>[    1.935464] usbcore: registered new interface driver hub"}
- {"dt": "2022-06-03T05:40:29.227138", "lvl": "target", "msg": "<6>[    1.935770] usbcore: registered new device driver usb"}
- {"dt": "2022-06-03T05:40:29.227305", "lvl": "target", "msg": "<6>[    1.937226] mc: Linux media interface: v0.10"}
- {"dt": "2022-06-03T05:40:29.227468", "lvl": "target", "msg": "<6>[    1.937445] videodev: Linux video capture interface: v2.00"}
- {"dt": "2022-06-03T05:40:29.228729", "lvl": "target", "msg": "<6>[    1.937667] pps_core: LinuxPPS API ver. 1 registered"}
- {"dt": "2022-06-03T05:40:29.229221", "lvl": "target", "msg": "<6>[    1.937692] pps_core: Software ver. 5.3.6 - Copyright 2005-2007 Rodolfo Giometti <giometti@linux.it>"}
- {"dt": "2022-06-03T05:40:29.229474", "lvl": "target", "msg": "<6>[    1.937820] PTP clock support registered"}
- {"dt": "2022-06-03T05:40:29.229644", "lvl": "target", "msg": "<6>[    1.941513] Advanced Linux Sound Architecture Driver Initialized."}
- {"dt": "2022-06-03T05:40:29.229807", "lvl": "target", "msg": "<6>[    1.958053] NetLabel: Initializing"}
- {"dt": "2022-06-03T05:40:29.230589", "lvl": "target", "msg": "<6>[    1.958085] NetLabel:  domain hash size = 128"}
- {"dt": "2022-06-03T05:40:29.230830", "lvl": "target", "msg": "<6>[    1.958108] NetLabel:  protocols = UNLABELED CIPSOv4 CALIPSO"}
- {"dt": "2022-06-03T05:40:29.231107", "lvl": "target", "msg": "<6>[    1.961946] NetLabel:  unlabeled traffic allowed by default"}
- {"dt": "2022-06-03T05:40:29.231323", "lvl": "target", "msg": "<6>[    1.971330] PCI: Using ACPI for IRQ routing"}
- {"dt": "2022-06-03T05:40:29.231542", "lvl": "target", "msg": "<7>[    1.996146] PCI: pci_cache_line_size set to 64 bytes"}
- {"dt": "2022-06-03T05:40:29.231732", "lvl": "target", "msg": "<7>[    1.998287] e820: reserve RAM buffer [mem 0x0009fc00-0x0009ffff]"}
- {"dt": "2022-06-03T05:40:29.232494", "lvl": "target", "msg": "<7>[    2.000120] e820: reserve RAM buffer [mem 0x3ffdf000-0x3fffffff]"}
- {"dt": "2022-06-03T05:40:29.232919", "lvl": "target", "msg": "<6>[    2.004405] pci 0000:00:01.0: vgaarb: setting as boot VGA device"}
- {"dt": "2022-06-03T05:40:29.233209", "lvl": "target", "msg": "<6>[    2.004534] pci 0000:00:01.0: vgaarb: bridge control possible"}
- {"dt": "2022-06-03T05:40:29.233587", "lvl": "target", "msg": "<6>[    2.004723] pci 0000:00:01.0: vgaarb: VGA device added: decodes=io+mem,owns=io+mem,locks=none"}
- {"dt": "2022-06-03T05:40:29.233970", "lvl": "target", "msg": "<6>[    2.004831] vgaarb: loaded"}
- {"dt": "2022-06-03T05:40:29.234343", "lvl": "target", "msg": "<6>[    2.008883] hpet: 3 channels of 0 reserved for per-cpu timers"}
- {"dt": "2022-06-03T05:40:29.234718", "lvl": "target", "msg": "<6>[    2.009448] hpet0: at MMIO 0xfed00000, IRQs 2, 8, 0"}
- {"dt": "2022-06-03T05:40:29.235098", "lvl": "target", "msg": "<6>[    2.009673] hpet0: 3 comparators, 64-bit 100.000000 MHz counter"}
- {"dt": "2022-06-03T05:40:29.235519", "lvl": "target", "msg": "<6>[    2.018657] clocksource: Switched to clocksource tsc-early"}
- {"dt": "2022-06-03T05:40:29.236017", "lvl": "target", "msg": "<5>[    2.031959] VFS: Disk quotas dquot_6.6.0"}
- {"dt": "2022-06-03T05:40:31.297865", "lvl": "target", "msg": "<6>[    2.033529] VFS: Dquot-cache hash table entries: 512 (order 0, 4096 bytes)"}
- {"dt": "2022-06-03T05:40:31.298143", "lvl": "target", "msg": "<6>[    2.040849] pnp: PnP ACPI init"}
- {"dt": "2022-06-03T05:40:31.298532", "lvl": "target", "msg": "<6>[    2.063513] system 00:05: [mem 0xb0000000-0xbfffffff window] has been reserved"}
- {"dt": "2022-06-03T05:40:31.298846", "lvl": "target", "msg": "<6>[    2.077672] pnp: PnP ACPI: found 6 devices"}
- {"dt": "2022-06-03T05:40:31.299151", "lvl": "target", "msg": "<6>[    2.144588] clocksource: acpi_pm: mask: 0xffffff max_cycles: 0xffffff, max_idle_ns: 2085701024 ns"}
- {"dt": "2022-06-03T05:40:31.299474", "lvl": "target", "msg": "<6>[    2.147387] NET: Registered PF_INET protocol family"}
- {"dt": "2022-06-03T05:40:31.299822", "lvl": "target", "msg": "<6>[    2.151121] IP idents hash table entries: 16384 (order: 5, 131072 bytes, linear)"}
- {"dt": "2022-06-03T05:40:31.300149", "lvl": "target", "msg": "<6>[    2.168885] tcp_listen_portaddr_hash hash table entries: 512 (order: 1, 8192 bytes, linear)"}
- {"dt": "2022-06-03T05:40:31.300473", "lvl": "target", "msg": "<6>[    2.170561] TCP established hash table entries: 8192 (order: 4, 65536 bytes, linear)"}
- {"dt": "2022-06-03T05:40:31.300798", "lvl": "target", "msg": "<6>[    2.171245] TCP bind bhash tables hash table entries: 8192 (order: 5, 196608 bytes, linear)"}
- {"dt": "2022-06-03T05:40:31.301121", "lvl": "target", "msg": "<6>[    2.171691] TCP: Hash tables configured (established 8192 bind 8192)"}
- {"dt": "2022-06-03T05:40:31.301444", "lvl": "target", "msg": "<6>[    2.178650] MPTCP token hash table entries: 1024 (order: 2, 24576 bytes, linear)"}
- {"dt": "2022-06-03T05:40:31.301767", "lvl": "target", "msg": "<6>[    2.180146] UDP hash table entries: 512 (order: 2, 16384 bytes, linear)"}
- {"dt": "2022-06-03T05:40:31.302089", "lvl": "target", "msg": "<6>[    2.180553] UDP-Lite hash table entries: 512 (order: 2, 16384 bytes, linear)"}
- {"dt": "2022-06-03T05:40:31.302411", "lvl": "target", "msg": "<6>[    2.185719] NET: Registered PF_UNIX/PF_LOCAL protocol family"}
- {"dt": "2022-06-03T05:40:31.302732", "lvl": "target", "msg": "<6>[    2.193302] RPC: Registered named UNIX socket transport module."}
- {"dt": "2022-06-03T05:40:31.303051", "lvl": "target", "msg": "<6>[    2.193398] RPC: Registered udp transport module."}
- {"dt": "2022-06-03T05:40:31.303371", "lvl": "target", "msg": "<6>[    2.193422] RPC: Registered tcp transport module."}
- {"dt": "2022-06-03T05:40:31.303685", "lvl": "target", "msg": "<6>[    2.193440] RPC: Registered tcp NFSv4.1 backchannel transport module."}
- {"dt": "2022-06-03T05:40:31.304011", "lvl": "target", "msg": "<6>[    2.201773] pci_bus 0000:00: resource 4 [io  0x0000-0x0cf7 window]"}
- {"dt": "2022-06-03T05:40:31.304333", "lvl": "target", "msg": "<6>[    2.201840] pci_bus 0000:00: resource 5 [io  0x0d00-0xffff window]"}
- {"dt": "2022-06-03T05:40:31.304654", "lvl": "target", "msg": "<6>[    2.201865] pci_bus 0000:00: resource 6 [mem 0x000a0000-0x000bffff window]"}
- {"dt": "2022-06-03T05:40:31.304976", "lvl": "target", "msg": "<6>[    2.201888] pci_bus 0000:00: resource 7 [mem 0x40000000-0xafffffff window]"}
- {"dt": "2022-06-03T05:40:31.305298", "lvl": "target", "msg": "<6>[    2.201910] pci_bus 0000:00: resource 8 [mem 0xc0000000-0xfebfffff window]"}
- {"dt": "2022-06-03T05:40:31.305619", "lvl": "target", "msg": "<6>[    2.201932] pci_bus 0000:00: resource 9 [mem 0x100000000-0x8ffffffff window]"}
- {"dt": "2022-06-03T05:40:31.305941", "lvl": "target", "msg": "<6>[    2.215352] PCI: CLS 0 bytes, default 64"}
- {"dt": "2022-06-03T05:40:33.894213", "lvl": "target", "msg": "<3>[    2.218175] kvm: no hardware support for 'kvm_intel'"}
- {"dt": "2022-06-03T05:40:33.894491", "lvl": "target", "msg": "<6>[    2.218350] has_svm: not amd or hygon"}
- {"dt": "2022-06-03T05:40:33.894763", "lvl": "target", "msg": "<3>[    2.218393] kvm: no hardware support for 'kvm_amd'"}
- {"dt": "2022-06-03T05:40:33.894995", "lvl": "target", "msg": "<6>[    2.251503] CPU feature 'AVX registers' is not supported."}
- {"dt": "2022-06-03T05:40:33.895230", "lvl": "target", "msg": "<6>[    2.270548] CPU feature 'AVX registers' is not supported."}
- {"dt": "2022-06-03T05:40:33.895460", "lvl": "target", "msg": "<6>[    2.270657] AVX2 instructions are not detected."}
- {"dt": "2022-06-03T05:40:33.895688", "lvl": "target", "msg": "<6>[    2.271343] AVX or AES-NI instructions are not detected."}
- {"dt": "2022-06-03T05:40:33.895969", "lvl": "target", "msg": "<6>[    2.271419] AVX2 or AES-NI instructions are not detected."}
- {"dt": "2022-06-03T05:40:33.896217", "lvl": "target", "msg": "<6>[    2.271691] CPU feature 'AVX registers' is not supported."}
- {"dt": "2022-06-03T05:40:33.896465", "lvl": "target", "msg": "<6>[    2.271774] CPU feature 'AVX registers' is not supported."}
- {"dt": "2022-06-03T05:40:33.896713", "lvl": "target", "msg": "<6>[    2.281534] PCLMULQDQ-NI instructions are not detected."}
- {"dt": "2022-06-03T05:40:33.896959", "lvl": "target", "msg": "<6>[    2.288678] cryptomgr_test (47) used greatest stack depth: 15544 bytes left"}
- {"dt": "2022-06-03T05:40:33.897209", "lvl": "target", "msg": "<6>[    2.288726] cryptomgr_test (46) used greatest stack depth: 15456 bytes left"}
- {"dt": "2022-06-03T05:40:33.897454", "lvl": "target", "msg": "<5>[    2.722315] Initialise system trusted keyrings"}
- {"dt": "2022-06-03T05:40:33.897700", "lvl": "target", "msg": "<6>[    2.728196] workingset: timestamp_bits=40 max_order=18 bucket_order=0"}
- {"dt": "2022-06-03T05:40:33.897948", "lvl": "target", "msg": "<5>[    2.785741] NFS: Registering the id_resolver key type"}
- {"dt": "2022-06-03T05:40:33.898193", "lvl": "target", "msg": "<5>[    2.787291] Key type id_resolver registered"}
- {"dt": "2022-06-03T05:40:33.898435", "lvl": "target", "msg": "<5>[    2.787360] Key type id_legacy registered"}
- {"dt": "2022-06-03T05:40:33.898678", "lvl": "target", "msg": "<6>[    2.790654] 9p: Installing v9fs 9p2000 file system support"}
- {"dt": "2022-06-03T05:40:33.898924", "lvl": "target", "msg": "<6>[    2.880713] NET: Registered PF_ALG protocol family"}
- {"dt": "2022-06-03T05:40:33.899170", "lvl": "target", "msg": "<6>[    2.882091] xor: measuring software checksum speed"}
- {"dt": "2022-06-03T05:40:33.899417", "lvl": "target", "msg": "<6>[    2.899848]    prefetch64-sse  :   618 MB/sec"}
- {"dt": "2022-06-03T05:40:33.899644", "lvl": "target", "msg": "<6>[    2.917220]    generic_sse     :   613 MB/sec"}
- {"dt": "2022-06-03T05:40:33.899923", "lvl": "target", "msg": "<6>[    2.917307] xor: using function: prefetch64-sse (618 MB/sec)"}
- {"dt": "2022-06-03T05:40:33.900169", "lvl": "target", "msg": "<5>[    2.917465] Key type asymmetric registered"}
- {"dt": "2022-06-03T05:40:33.900416", "lvl": "target", "msg": "<5>[    2.917584] Asymmetric key parser 'x509' registered"}
- {"dt": "2022-06-03T05:40:33.900661", "lvl": "target", "msg": "<6>[    2.921619] Block layer SCSI generic (bsg) driver version 0.4 loaded (major 250)"}
- {"dt": "2022-06-03T05:40:33.900909", "lvl": "target", "msg": "<6>[    2.923809] io scheduler mq-deadline registered"}
- {"dt": "2022-06-03T05:40:33.901155", "lvl": "target", "msg": "<6>[    2.923954] io scheduler kyber registered"}
- {"dt": "2022-06-03T05:40:33.901401", "lvl": "target", "msg": "<6>[    2.932547] input: Power Button as /devices/LNXSYSTM:00/LNXPWRBN:00/input/input0"}
- {"dt": "2022-06-03T05:40:33.901648", "lvl": "target", "msg": "<6>[    2.942708] ACPI: button: Power Button [PWRF]"}
- {"dt": "2022-06-03T05:40:36.924957", "lvl": "target", "msg": "<6>[    2.957911] Serial: 8250/16550 driver, 4 ports, IRQ sharing enabled"}
- {"dt": "2022-06-03T05:40:36.925235", "lvl": "target", "msg": "<6>[    2.963187] 00:03: ttyS0 at I/O 0x3f8 (irq = 4, base_baud = 115200) is a 16550A"}
- {"dt": "2022-06-03T05:40:36.925412", "lvl": "target", "msg": "<6>[    3.050263] Non-volatile memory driver v1.3"}
- {"dt": "2022-06-03T05:40:36.925576", "lvl": "target", "msg": "<6>[    3.050378] Linux agpgart interface v0.103"}
- {"dt": "2022-06-03T05:40:36.925740", "lvl": "target", "msg": "<6>[    3.063114] ACPI: bus type drm_connector registered"}
- {"dt": "2022-06-03T05:40:36.925905", "lvl": "target", "msg": "<6>[    3.244501] loop: module loaded"}
- {"dt": "2022-06-03T05:40:36.926063", "lvl": "target", "msg": "<7>[    3.248153] ahci 0000:00:1f.2: version 3.0"}
- {"dt": "2022-06-03T05:40:36.926226", "lvl": "target", "msg": "<6>[    3.271022] ACPI: \\_SB_.GSIA: Enabled at IRQ 16"}
- {"dt": "2022-06-03T05:40:36.926390", "lvl": "target", "msg": "<6>[    3.279236] tsc: Refined TSC clocksource calibration: 2199.980 MHz"}
- {"dt": "2022-06-03T05:40:36.926555", "lvl": "target", "msg": "<6>[    3.279618] clocksource: tsc: mask: 0xffffffffffffffff max_cycles: 0x1fb61fda1ff, max_idle_ns: 440795257124 ns"}
- {"dt": "2022-06-03T05:40:36.926721", "lvl": "target", "msg": "<6>[    3.289099] clocksource: Switched to clocksource tsc"}
- {"dt": "2022-06-03T05:40:36.926882", "lvl": "target", "msg": "<6>[    3.303512] ahci 0000:00:1f.2: AHCI 0001.0000 32 slots 6 ports 1.5 Gbps 0x3f impl SATA mode"}
- {"dt": "2022-06-03T05:40:36.927046", "lvl": "target", "msg": "<6>[    3.303735] ahci 0000:00:1f.2: flags: 64bit ncq only "}
- {"dt": "2022-06-03T05:40:36.927206", "lvl": "target", "msg": "<6>[    3.329639] scsi host0: ahci"}
- {"dt": "2022-06-03T05:40:36.927366", "lvl": "target", "msg": "<6>[    3.337548] scsi host1: ahci"}
- {"dt": "2022-06-03T05:40:36.927524", "lvl": "target", "msg": "<6>[    3.343549] scsi host2: ahci"}
- {"dt": "2022-06-03T05:40:36.927684", "lvl": "target", "msg": "<6>[    3.349534] scsi host3: ahci"}
- {"dt": "2022-06-03T05:40:36.927885", "lvl": "target", "msg": "<6>[    3.354057] scsi host4: ahci"}
- {"dt": "2022-06-03T05:40:36.928051", "lvl": "target", "msg": "<6>[    3.358501] scsi host5: ahci"}
- {"dt": "2022-06-03T05:40:36.928214", "lvl": "target", "msg": "<6>[    3.360517] ata1: SATA max UDMA/133 abar m4096@0xfebf1000 port 0xfebf1100 irq 24"}
- {"dt": "2022-06-03T05:40:36.928382", "lvl": "target", "msg": "<6>[    3.360637] ata2: SATA max UDMA/133 abar m4096@0xfebf1000 port 0xfebf1180 irq 24"}
- {"dt": "2022-06-03T05:40:36.928547", "lvl": "target", "msg": "<6>[    3.360658] ata3: SATA max UDMA/133 abar m4096@0xfebf1000 port 0xfebf1200 irq 24"}
- {"dt": "2022-06-03T05:40:36.928713", "lvl": "target", "msg": "<6>[    3.360675] ata4: SATA max UDMA/133 abar m4096@0xfebf1000 port 0xfebf1280 irq 24"}
- {"dt": "2022-06-03T05:40:36.928878", "lvl": "target", "msg": "<6>[    3.360691] ata5: SATA max UDMA/133 abar m4096@0xfebf1000 port 0xfebf1300 irq 24"}
- {"dt": "2022-06-03T05:40:36.929040", "lvl": "target", "msg": "<6>[    3.360706] ata6: SATA max UDMA/133 abar m4096@0xfebf1000 port 0xfebf1380 irq 24"}
- {"dt": "2022-06-03T05:40:36.929199", "lvl": "target", "msg": "<6>[    3.391868] e100: Intel(R) PRO/100 Network Driver"}
- {"dt": "2022-06-03T05:40:36.929358", "lvl": "target", "msg": "<6>[    3.391909] e100: Copyright(c) 1999-2006 Intel Corporation"}
- {"dt": "2022-06-03T05:40:36.929516", "lvl": "target", "msg": "<6>[    3.393526] e1000: Intel(R) PRO/1000 Network Driver"}
- {"dt": "2022-06-03T05:40:36.929675", "lvl": "target", "msg": "<6>[    3.393551] e1000: Copyright (c) 1999-2006 Intel Corporation."}
- {"dt": "2022-06-03T05:40:36.929832", "lvl": "target", "msg": "<6>[    3.393825] e1000e: Intel(R) PRO/1000 Network Driver"}
- {"dt": "2022-06-03T05:40:36.929984", "lvl": "target", "msg": "<6>[    3.393847] e1000e: Copyright(c) 1999 - 2015 Intel Corporation."}
- {"dt": "2022-06-03T05:40:43.053513", "lvl": "target", "msg": "<6>[    3.396101] igb: Intel(R) Gigabit Ethernet Network Driver"}
- {"dt": "2022-06-03T05:40:43.055081", "lvl": "target", "msg": "<6>[    3.396128] igb: Copyright (c) 2007-2014 Intel Corporation."}
- {"dt": "2022-06-03T05:40:43.056029", "lvl": "target", "msg": "<6>[    3.396330] sky2: driver version 1.30"}
- {"dt": "2022-06-03T05:40:43.056828", "lvl": "target", "msg": "<6>[    3.396708] QLogic FastLinQ 4xxxx Core Module qed"}
- {"dt": "2022-06-03T05:40:43.057662", "lvl": "target", "msg": "<6>[    3.396925] qede init: QLogic FastLinQ 4xxxx Ethernet Driver qede"}
- {"dt": "2022-06-03T05:40:43.058451", "lvl": "target", "msg": "<6>[    3.401206] usbcore: registered new interface driver asix"}
- {"dt": "2022-06-03T05:40:43.059271", "lvl": "target", "msg": "<6>[    3.401358] usbcore: registered new interface driver ax88179_178a"}
- {"dt": "2022-06-03T05:40:43.060096", "lvl": "target", "msg": "<6>[    3.401489] usbcore: registered new interface driver cdc_ether"}
- {"dt": "2022-06-03T05:40:43.060843", "lvl": "target", "msg": "<6>[    3.401617] usbcore: registered new interface driver net1080"}
- {"dt": "2022-06-03T05:40:43.061620", "lvl": "target", "msg": "<6>[    3.401802] usbcore: registered new interface driver cdc_subset"}
- {"dt": "2022-06-03T05:40:43.062394", "lvl": "target", "msg": "<6>[    3.401943] usbcore: registered new interface driver zaurus"}
- {"dt": "2022-06-03T05:40:43.063160", "lvl": "target", "msg": "<6>[    3.404432] usbcore: registered new interface driver cdc_ncm"}
- {"dt": "2022-06-03T05:40:43.064078", "lvl": "target", "msg": "<6>[    3.409687] ehci_hcd: USB 2.0 'Enhanced' Host Controller (EHCI) Driver"}
- {"dt": "2022-06-03T05:40:43.064846", "lvl": "target", "msg": "<6>[    3.409944] ehci-pci: EHCI PCI platform driver"}
- {"dt": "2022-06-03T05:40:43.065677", "lvl": "target", "msg": "<6>[    3.411682] ohci_hcd: USB 1.1 'Open' Host Controller (OHCI) Driver"}
- {"dt": "2022-06-03T05:40:43.066466", "lvl": "target", "msg": "<6>[    3.411833] ohci-pci: OHCI PCI platform driver"}
- {"dt": "2022-06-03T05:40:43.067246", "lvl": "target", "msg": "<6>[    3.413923] uhci_hcd: USB Universal Host Controller Interface driver"}
- {"dt": "2022-06-03T05:40:43.068115", "lvl": "target", "msg": "<6>[    3.416915] usbcore: registered new interface driver usblp"}
- {"dt": "2022-06-03T05:40:43.068870", "lvl": "target", "msg": "<6>[    3.418181] usbcore: registered new interface driver usb-storage"}
- {"dt": "2022-06-03T05:40:43.069654", "lvl": "target", "msg": "<6>[    3.420668] i8042: PNP: PS/2 Controller [PNP0303:KBD,PNP0f13:MOU] at 0x60,0x64 irq 1,12"}
- {"dt": "2022-06-03T05:40:43.070446", "lvl": "target", "msg": "<6>[    3.435871] serio: i8042 KBD port at 0x60,0x64 irq 1"}
- {"dt": "2022-06-03T05:40:43.071216", "lvl": "target", "msg": "<6>[    3.436413] serio: i8042 AUX port at 0x60,0x64 irq 12"}
- {"dt": "2022-06-03T05:40:43.072117", "lvl": "target", "msg": "<6>[    3.447331] rtc_cmos 00:04: RTC can wake from S4"}
- {"dt": "2022-06-03T05:40:43.072896", "lvl": "target", "msg": "<6>[    3.456731] input: AT Translated Set 2 keyboard as /devices/platform/i8042/serio0/input/input1"}
- {"dt": "2022-06-03T05:40:43.073676", "lvl": "target", "msg": "<6>[    3.461620] rtc_cmos 00:04: registered as rtc0"}
- {"dt": "2022-06-03T05:40:43.074450", "lvl": "target", "msg": "<6>[    3.465121] rtc_cmos 00:04: alarms up to one day, y3k, 242 bytes nvram, hpet irqs"}
- {"dt": "2022-06-03T05:40:43.075222", "lvl": "target", "msg": "<6>[    3.486307] i801_smbus 0000:00:1f.3: SMBus using PCI interrupt"}
- {"dt": "2022-06-03T05:40:43.076053", "lvl": "target", "msg": "<6>[    3.504137] i2c i2c-0: 1/1 memory slots populated (from DMI)"}
- {"dt": "2022-06-03T05:40:51.954926", "lvl": "target", "msg": "<6>[    3.504230] i2c i2c-0: Memory type 0x07 not supported yet, not instantiating SPD"}
- {"dt": "2022-06-03T05:40:51.955268", "lvl": "target", "msg": "<3>[    3.506708] fail to initialize ptp_kvm"}
- {"dt": "2022-06-03T05:40:51.955443", "lvl": "target", "msg": "<6>[    3.511782] device-mapper: ioctl: 4.46.0-ioctl (2022-02-22) initialised: dm-devel@redhat.com"}
- {"dt": "2022-06-03T05:40:51.955607", "lvl": "target", "msg": "<6>[    3.523670] intel_pstate: CPU model not supported"}
- {"dt": "2022-06-03T05:40:51.961512", "lvl": "target", "msg": "<6>[    3.602481] kworker/u4:7 (73) used greatest stack depth: 14384 bytes left"}
- {"dt": "2022-06-03T05:40:51.962378", "lvl": "target", "msg": "<6>[    3.620681] hid: raw HID events driver (C) Jiri Kosina"}
- {"dt": "2022-06-03T05:40:51.963127", "lvl": "target", "msg": "<6>[    3.643889] usbcore: registered new interface driver usbhid"}
- {"dt": "2022-06-03T05:40:51.963992", "lvl": "target", "msg": "<6>[    3.643993] usbhid: USB HID core driver"}
- {"dt": "2022-06-03T05:40:51.964994", "lvl": "target", "msg": "<6>[    3.689288] Initializing XFRM netlink socket"}
- {"dt": "2022-06-03T05:40:51.965271", "lvl": "target", "msg": "<6>[    3.701208] NET: Registered PF_INET6 protocol family"}
- {"dt": "2022-06-03T05:40:51.966191", "lvl": "target", "msg": "<6>[    3.723707] ata4: SATA link down (SStatus 0 SControl 300)"}
- {"dt": "2022-06-03T05:40:51.966456", "lvl": "target", "msg": "<6>[    3.733296] ata1: SATA link up 1.5 Gbps (SStatus 113 SControl 300)"}
- {"dt": "2022-06-03T05:40:51.966702", "lvl": "target", "msg": "<6>[    3.736680] ata5: SATA link down (SStatus 0 SControl 300)"}
- {"dt": "2022-06-03T05:40:51.966952", "lvl": "target", "msg": "<6>[    3.736864] ata3: SATA link up 1.5 Gbps (SStatus 113 SControl 300)"}
- {"dt": "2022-06-03T05:40:51.967837", "lvl": "target", "msg": "<6>[    3.740406] ata3.00: ATAPI: QEMU DVD-ROM, 2.5+, max UDMA/100"}
- {"dt": "2022-06-03T05:40:51.968103", "lvl": "target", "msg": "<6>[    3.740578] ata3.00: applying bridge limits"}
- {"dt": "2022-06-03T05:40:51.968349", "lvl": "target", "msg": "<6>[    3.742014] ata2: SATA link down (SStatus 0 SControl 300)"}
- {"dt": "2022-06-03T05:40:51.969386", "lvl": "target", "msg": "<6>[    3.742014] ata6: SATA link down (SStatus 0 SControl 300)"}
- {"dt": "2022-06-03T05:40:51.969655", "lvl": "target", "msg": "<6>[    3.742014] ata3.00: configured for UDMA/100"}
- {"dt": "2022-06-03T05:40:51.969900", "lvl": "target", "msg": "<6>[    3.748548] ata1.00: ATA-7: QEMU HARDDISK, 2.5+, max UDMA/100"}
- {"dt": "2022-06-03T05:40:51.970144", "lvl": "target", "msg": "<6>[    3.749582] ata1.00: 5925912 sectors, multi 16: LBA48 NCQ (depth 32)"}
- {"dt": "2022-06-03T05:40:51.971998", "lvl": "target", "msg": "<6>[    3.750520] ata1.00: applying bridge limits"}
- {"dt": "2022-06-03T05:40:51.972297", "lvl": "target", "msg": "<6>[    3.751618] ata1.00: configured for UDMA/100"}
- {"dt": "2022-06-03T05:40:51.972544", "lvl": "target", "msg": "<5>[    3.779154] scsi 0:0:0:0: Direct-Access     ATA      QEMU HARDDISK    2.5+ PQ: 0 ANSI: 5"}
- {"dt": "2022-06-03T05:40:51.972790", "lvl": "target", "msg": "<6>[    3.781399] Segment Routing with IPv6"}
- {"dt": "2022-06-03T05:40:51.973033", "lvl": "target", "msg": "<6>[    3.781807] In-situ OAM (IOAM) with IPv6"}
- {"dt": "2022-06-03T05:40:51.973277", "lvl": "target", "msg": "<6>[    3.791440] sit: IPv6, IPv4 and MPLS over IPv4 tunneling driver"}
- {"dt": "2022-06-03T05:40:51.973525", "lvl": "target", "msg": "<5>[    3.793409] sd 0:0:0:0: Attached scsi generic sg0 type 0"}
- {"dt": "2022-06-03T05:40:51.973772", "lvl": "target", "msg": "<5>[    3.797020] scsi 2:0:0:0: CD-ROM            QEMU     QEMU DVD-ROM     2.5+ PQ: 0 ANSI: 5"}
- {"dt": "2022-06-03T05:40:51.975985", "lvl": "target", "msg": "<6>[    3.804613] NET: Registered PF_PACKET protocol family"}
- {"dt": "2022-06-03T05:40:51.976290", "lvl": "target", "msg": "<5>[    3.806709] sd 0:0:0:0: [sda] 5925912 512-byte logical blocks: (3.03 GB/2.83 GiB)"}
- {"dt": "2022-06-03T05:41:02.875536", "lvl": "target", "msg": "<6>[    3.807934] 9pnet: Installing 9P2000 support"}
- {"dt": "2022-06-03T05:41:02.882354", "lvl": "target", "msg": "<5>[    3.810525] sd 0:0:0:0: [sda] Write Protect is off"}
- {"dt": "2022-06-03T05:41:02.883207", "lvl": "target", "msg": "<7>[    3.810632] sd 0:0:0:0: [sda] Mode Sense: 00 3a 00 00"}
- {"dt": "2022-06-03T05:41:02.883996", "lvl": "target", "msg": "<5>[    3.812690] sd 0:0:0:0: [sda] Write cache: enabled, read cache: enabled, doesn't support DPO or FUA"}
- {"dt": "2022-06-03T05:41:02.884990", "lvl": "target", "msg": "<5>[    3.815036] Key type dns_resolver registered"}
- {"dt": "2022-06-03T05:41:02.885265", "lvl": "target", "msg": "<6>[    3.815734] sd 0:0:0:0: [sda] Preferred minimum I/O size 512 bytes"}
- {"dt": "2022-06-03T05:41:02.885499", "lvl": "target", "msg": "<6>[    3.839635] IPI shorthand broadcast: enabled"}
- {"dt": "2022-06-03T05:41:02.885729", "lvl": "target", "msg": "<6>[    3.843339] sched_clock: Marking stable (3864081190, -21053667)->(4615257583, -772230060)"}
- {"dt": "2022-06-03T05:41:02.886994", "lvl": "target", "msg": "<6>[    3.859699] sr 2:0:0:0: [sr0] scsi3-mmc drive: 4x/4x cd/rw xa/form2 tray"}
- {"dt": "2022-06-03T05:41:02.887274", "lvl": "target", "msg": "<6>[    3.870266] cdrom: Uniform CD-ROM driver Revision: 3.20"}
- {"dt": "2022-06-03T05:41:02.887503", "lvl": "target", "msg": "<6>[    3.874740] registered taskstats version 1"}
- {"dt": "2022-06-03T05:41:02.887761", "lvl": "target", "msg": "<5>[    3.874824] Loading compiled-in X.509 certificates"}
- {"dt": "2022-06-03T05:41:02.888007", "lvl": "target", "msg": "<5>[    3.905835] sd 0:0:0:0: [sda] Attached SCSI disk"}
- {"dt": "2022-06-03T05:41:02.888680", "lvl": "target", "msg": "<7>[    3.911577] sr 2:0:0:0: Attached scsi CD-ROM sr0"}
- {"dt": "2022-06-03T05:41:02.888927", "lvl": "target", "msg": "<5>[    3.916361] sr 2:0:0:0: Attached scsi generic sg1 type 5"}
- {"dt": "2022-06-03T05:41:02.889539", "lvl": "target", "msg": "<6>[    4.130427] PM:   Magic number: 10:883:667"}
- {"dt": "2022-06-03T05:41:02.889784", "lvl": "target", "msg": "<6>[    4.150515] printk: console [netcon0] enabled"}
- {"dt": "2022-06-03T05:41:02.891051", "lvl": "target", "msg": "<6>[    4.150549] netconsole: network logging started"}
- {"dt": "2022-06-03T05:41:02.891303", "lvl": "target", "msg": "<6>[    4.155944] printk: console [netcon0] printing thread started"}
- {"dt": "2022-06-03T05:41:02.891532", "lvl": "target", "msg": "<5>[    4.170589] cfg80211: Loading compiled-in X.509 certificates for regulatory database"}
- {"dt": "2022-06-03T05:41:02.891808", "lvl": "target", "msg": "<5>[    4.230273] cfg80211: Loaded X.509 cert 'sforshee: 00b28ddf47aef9cea7'"}
- {"dt": "2022-06-03T05:41:02.892032", "lvl": "target", "msg": "<4>[    4.234374] platform regulatory.0: Direct firmware load for regulatory.db failed with error -2"}
- {"dt": "2022-06-03T05:41:02.892257", "lvl": "target", "msg": "<6>[    4.237423] cfg80211: failed to load regulatory.db"}
- {"dt": "2022-06-03T05:41:02.893606", "lvl": "target", "msg": "<6>[    4.237638] input: ImExPS/2 Generic Explorer Mouse as /devices/platform/i8042/serio1/input/input3"}
- {"dt": "2022-06-03T05:41:02.893893", "lvl": "target", "msg": "<6>[    4.242653] ALSA device list:"}
- {"dt": "2022-06-03T05:41:02.894140", "lvl": "target", "msg": "<6>[    4.242784]   No soundcards found."}
- {"dt": "2022-06-03T05:41:02.894365", "lvl": "target", "msg": "<6>[   14.283937] md: Waiting for all devices to be available before autodetect"}
- {"dt": "2022-06-03T05:41:02.894587", "lvl": "target", "msg": "<6>[   14.283988] md: If you don't use raid, use raid=noautodetect"}
- {"dt": "2022-06-03T05:41:02.894813", "lvl": "target", "msg": "<6>[   14.284087] md: Autodetecting RAID arrays."}
- {"dt": "2022-06-03T05:41:02.896937", "lvl": "target", "msg": "<6>[   14.284143] md: autorun ..."}
- {"dt": "2022-06-03T05:41:15.227373", "lvl": "target", "msg": "<6>[   14.284173] md: ... autorun DONE."}
- {"dt": "2022-06-03T05:41:15.229055", "lvl": "target", "msg": "<6>[   14.400933] EXT4-fs (sda): mounted filesystem with ordered data mode. Quota mode: none."}
- {"dt": "2022-06-03T05:41:15.229930", "lvl": "target", "msg": "<6>[   14.401545] VFS: Mounted root (ext4 filesystem) readonly on device 8:0."}
- {"dt": "2022-06-03T05:41:15.230753", "lvl": "target", "msg": "<6>[   14.423243] devtmpfs: mounted"}
- {"dt": "2022-06-03T05:41:15.231551", "lvl": "target", "msg": "<6>[   14.565425] Freeing unused kernel image (initmem) memory: 1816K"}
- {"dt": "2022-06-03T05:41:15.232415", "lvl": "target", "msg": "<6>[   14.577698] Write protecting the kernel read-only data: 30720k"}
- {"dt": "2022-06-03T05:41:15.233191", "lvl": "target", "msg": "<6>[   14.592697] Freeing unused kernel image (text/rodata gap) memory: 2032K"}
- {"dt": "2022-06-03T05:41:15.233928", "lvl": "target", "msg": "<6>[   14.621529] Freeing unused kernel image (rodata/data gap) memory: 1576K"}
- {"dt": "2022-06-03T05:41:15.234720", "lvl": "target", "msg": "<6>[   14.644935] Run /sbin/init as init process"}
- {"dt": "2022-06-03T05:41:15.235517", "lvl": "target", "msg": "<7>[   14.645265]   with arguments:"}
- {"dt": "2022-06-03T05:41:15.236401", "lvl": "target", "msg": "<7>[   14.645334]     /sbin/init"}
- {"dt": "2022-06-03T05:41:15.237196", "lvl": "target", "msg": "<7>[   14.645367]     verbose"}
- {"dt": "2022-06-03T05:41:15.238065", "lvl": "target", "msg": "<7>[   14.645390]   with environment:"}
- {"dt": "2022-06-03T05:41:15.238827", "lvl": "target", "msg": "<7>[   14.645421]     HOME=/"}
- {"dt": "2022-06-03T05:41:15.239633", "lvl": "target", "msg": "<7>[   14.645450]     TERM=linux"}
- {"dt": "2022-06-03T05:41:15.240479", "lvl": "target", "msg": "<30>[   15.753576] systemd[1]: systemd 237 running in system mode. (+PAM -AUDIT -SELINUX +IMA -APPARMOR +SMACK +SYSVINIT +UTMP -LIBCRYPTSETUP -GCRYPT -GNUTLS +ACL +XZ -LZ4 -SECCOMP +BLKID -ELFUTILS +KMOD -IDN2 -IDN -PCRE2 default-hierarchy=hybrid)"}
- {"dt": "2022-06-03T05:41:15.241308", "lvl": "target", "msg": "<31>[   15.760470] systemd[1]: Virtualization QEMU found in DMI (/sys/class/dmi/id/sys_vendor)"}
- {"dt": "2022-06-03T05:41:15.242083", "lvl": "target", "msg": "<31>[   15.760811] systemd[1]: Virtualization found, CPUID=TCGTCGTCGTCG"}
- {"dt": "2022-06-03T05:41:15.242836", "lvl": "target", "msg": "<31>[   15.763077] systemd[1]: Found VM virtualization qemu"}
- {"dt": "2022-06-03T05:41:15.243629", "lvl": "target", "msg": "<30>[   15.763737] systemd[1]: Detected virtualization qemu."}
- {"dt": "2022-06-03T05:41:15.244469", "lvl": "target", "msg": "<30>[   15.774643] systemd[1]: Detected architecture x86-64."}
- {"dt": "2022-06-03T05:41:15.245250", "lvl": "target", "msg": "<31>[   15.799470] systemd[1]: Mounting cgroup to /sys/fs/cgroup/debug of type cgroup with options debug."}
- {"dt": "2022-06-03T05:41:15.246038", "lvl": "target", "msg": "<31>[   15.823996] systemd[1]: Mounting cgroup to /sys/fs/cgroup/rdma of type cgroup with options rdma."}
- {"dt": "2022-06-03T05:41:15.246794", "lvl": "target", "msg": "<31>[   15.829656] systemd[1]: Mounting cgroup to /sys/fs/cgroup/cpu,cpuacct of type cgroup with options cpu,cpuacct."}
- {"dt": "2022-06-03T05:41:15.247592", "lvl": "target", "msg": "<31>[   15.849872] systemd[1]: Mounting cgroup to /sys/fs/cgroup/freezer of type cgroup with options freezer."}
- {"dt": "2022-06-03T05:41:15.248428", "lvl": "target", "msg": ""}
- {"dt": "2022-06-03T05:41:15.249213", "lvl": "target", "msg": "Welcome to [1mLinux-Kernel-Functional-Testing 2.5+linaro[0m!"}
- {"dt": "2022-06-03T05:41:15.250006", "lvl": "target", "msg": ""}
- {"dt": "2022-06-03T05:41:15.250733", "lvl": "target", "msg": "<5>[   16.044424] random: crng init done"}
- {"dt": "2022-06-03T05:41:28.217111", "lvl": "target", "msg": "<6>[   17.468475] systemd-debug-g (205) used greatest stack depth: 13600 bytes left"}
- {"dt": "2022-06-03T05:41:28.218615", "lvl": "target", "msg": "<31>[   17.615864] systemd-getty-generator[207]: Automatically adding serial getty for /dev/ttyS0."}
- {"dt": "2022-06-03T05:41:28.219413", "lvl": "target", "msg": "<6>[   17.617915] systemd-rc-loca (210) used greatest stack depth: 13568 bytes left"}
- {"dt": "2022-06-03T05:41:28.220199", "lvl": "target", "msg": "<6>[   17.637489] systemd-system- (211) used greatest stack depth: 13312 bytes left"}
- {"dt": "2022-06-03T05:41:28.220926", "lvl": "target", "msg": "<31>[   17.647817] systemd-fstab-generator[206]: Parsing /etc/fstab"}
- {"dt": "2022-06-03T05:41:28.221649", "lvl": "target", "msg": "<31>[   17.687771] systemd-fstab-generator[206]: Found entry what=/dev/root where=/ type=auto makefs=no nofail=no noauto=no"}
- {"dt": "2022-06-03T05:41:28.222411", "lvl": "target", "msg": "<31>[   17.709278] systemd-fstab-generator[206]: Found entry what=proc where=/proc type=proc makefs=no nofail=no noauto=no"}
- {"dt": "2022-06-03T05:41:28.223151", "lvl": "target", "msg": "<31>[   17.712921] systemd-fstab-generator[206]: Found entry what=devpts where=/dev/pts type=devpts makefs=no nofail=no noauto=no"}
- {"dt": "2022-06-03T05:41:28.223924", "lvl": "target", "msg": "<31>[   17.714512] systemd-fstab-generator[206]: Found entry what=tmpfs where=/run type=tmpfs makefs=no nofail=no noauto=no"}
- {"dt": "2022-06-03T05:41:28.224647", "lvl": "target", "msg": "<31>[   17.718203] systemd-fstab-generator[206]: Found entry what=tmpfs where=/var/volatile type=tmpfs makefs=no nofail=no noauto=no"}
- {"dt": "2022-06-03T05:41:28.225350", "lvl": "target", "msg": "<31>[   17.767360] systemd-gpt-auto-generator[208]: /dev/sda: parent isn't a raw disk, ignoring."}
- {"dt": "2022-06-03T05:41:28.226059", "lvl": "target", "msg": "<31>[   17.790345] systemd-sysv-generator[212]: Cannot find unit lms8.service."}
- {"dt": "2022-06-03T05:41:28.226767", "lvl": "target", "msg": "<31>[   17.827908] systemd-sysv-generator[212]: Native unit for psplash.service already exists, skipping."}
- {"dt": "2022-06-03T05:41:28.227479", "lvl": "target", "msg": "<31>[   17.847746] systemd-sysv-generator[212]: Loading SysV script /etc/init.d/lms8"}
- {"dt": "2022-06-03T05:41:28.228275", "lvl": "target", "msg": "<31>[   17.860229] systemd-sysv-generator[212]: Adding Provides: alias 'lms.service' for 'lms8.service'"}
- {"dt": "2022-06-03T05:41:28.229028", "lvl": "target", "msg": "<6>[   17.907740] systemd-sysv-ge (212) used greatest stack depth: 12848 bytes left"}
- {"dt": "2022-06-03T05:41:28.229775", "lvl": "target", "msg": "[[0;32m  OK  [0m] Created slice User and Session Slice."}
- {"dt": "2022-06-03T05:41:28.230517", "lvl": "target", "msg": "[[0;32m  OK  [0m] Created slice System Slice."}
- {"dt": "2022-06-03T05:41:28.231213", "lvl": "target", "msg": "[[0;32m  OK  [0m] Reached target Slices."}
- {"dt": "2022-06-03T05:41:28.231966", "lvl": "target", "msg": "[[0;32m  OK  [0m] Listening on Journal Audit Socket."}
- {"dt": "2022-06-03T05:41:28.232682", "lvl": "target", "msg": "[[0;32m  OK  [0m] Listening on Network Service Netlink Socket."}
- {"dt": "2022-06-03T05:41:28.233397", "lvl": "target", "msg": "[[0;32m  OK  [0m] Listening on Journal Socket."}
- {"dt": "2022-06-03T05:41:28.234099", "lvl": "target", "msg": "         Mounting Kernel Debug File System..."}
- {"dt": "2022-06-03T05:41:44.528039", "lvl": "target", "msg": "[[0;32m  OK  [0m] Listening on udev Kernel Socket."}
- {"dt": "2022-06-03T05:41:44.530007", "lvl": "target", "msg": "         Starting File System Check on Root Device..."}
- {"dt": "2022-06-03T05:41:44.534017", "lvl": "target", "msg": "[[0;32m  OK  [0m] Started Dispatch Password Requests to Console Directory Watch."}
- {"dt": "2022-06-03T05:41:44.534699", "lvl": "target", "msg": "[[0;32m  OK  [0m] Listening on udev Control Socket."}
- {"dt": "2022-06-03T05:41:44.535154", "lvl": "target", "msg": "         Mounting POSIX Message Queue File System..."}
- {"dt": "2022-06-03T05:41:44.535600", "lvl": "target", "msg": "         Starting udev Coldplug all Devices..."}
- {"dt": "2022-06-03T05:41:44.536103", "lvl": "target", "msg": "[[0;32m  OK  [0m] Created slice system-getty.slice."}
- {"dt": "2022-06-03T05:41:44.536537", "lvl": "target", "msg": "[[0;32m  OK  [0m] Reached target Swap."}
- {"dt": "2022-06-03T05:41:44.536969", "lvl": "target", "msg": "<31>[   20.767660] systemd[1]: systemd-modules-load.service: ConditionDirectoryNotEmpty=|/lib/modules-load.d failed."}
- {"dt": "2022-06-03T05:41:44.537405", "lvl": "target", "msg": "<31>[   20.777993] systemd[1]: systemd-modules-load.service: ConditionCapability=CAP_SYS_MODULE succeeded."}
- {"dt": "2022-06-03T05:41:44.537845", "lvl": "target", "msg": "<31>[   21.032708] systemd[1]: BPF firewalling not supported on this systemd, proceeding without."}
- {"dt": "2022-06-03T05:41:44.538281", "lvl": "target", "msg": "<31>[   21.039439] systemd[1]: systemd-modules-load.service: Passing 0 fds to service"}
- {"dt": "2022-06-03T05:41:44.538714", "lvl": "target", "msg": "<31>[   21.048639] systemd[1]: systemd-modules-load.service: About to execute: /lib/systemd/systemd-modules-load"}
- {"dt": "2022-06-03T05:41:44.539225", "lvl": "target", "msg": "<31>[   21.072658] systemd[1]: systemd-modules-load.service: Forked /lib/systemd/systemd-modules-load as 218"}
- {"dt": "2022-06-03T05:41:44.539665", "lvl": "target", "msg": "<31>[   21.149329] systemd[1]: systemd-modules-load.service: Changed dead -> start"}
- {"dt": "2022-06-03T05:41:44.540989", "lvl": "target", "msg": "<30>[   21.149656] systemd[1]: Starting Load Kernel Modules..."}
- {"dt": "2022-06-03T05:41:44.541504", "lvl": "target", "msg": "         Starting Load Kernel Modules..."}
- {"dt": "2022-06-03T05:41:44.541946", "lvl": "target", "msg": "<31>[   21.171615] systemd[1]: tmp.mount: ConditionPathIsSymbolicLink=!/tmp succeeded."}
- {"dt": "2022-06-03T05:41:44.542384", "lvl": "target", "msg": "<31>[   21.240647] systemd[1]: BPF firewalling not supported on this systemd, proceeding without."}
- {"dt": "2022-06-03T05:41:44.544008", "lvl": "target", "msg": "         Mounting Temporary Directory (/tmp)..."}
- {"dt": "2022-06-03T05:41:44.544554", "lvl": "target", "msg": "         Mounting Huge Pages File System..."}
- {"dt": "2022-06-03T05:41:44.545001", "lvl": "target", "msg": "[[0;32m  OK  [0m] Started Forward Password Requests to Wall Directory Watch."}
- {"dt": "2022-06-03T05:41:44.545448", "lvl": "target", "msg": "[[0;32m  OK  [0m] Listening on /dev/initctl Compatibility Named Pipe."}
- {"dt": "2022-06-03T05:41:44.545885", "lvl": "target", "msg": "[[0;32m  OK  [0m] Created slice system-serial\\x2dgetty.slice."}
- {"dt": "2022-06-03T05:41:44.548158", "lvl": "target", "msg": "[[0;32m  OK  [0m] Reached target Remote File Systems."}
- {"dt": "2022-06-03T05:41:44.548715", "lvl": "target", "msg": "[[0;32m  OK  [0m] Reached target Paths."}
- {"dt": "2022-06-03T05:41:44.549168", "lvl": "target", "msg": "         Starting Create list of required st\u2026ce nodes for the current kernel..."}
- {"dt": "2022-06-03T05:42:02.774372", "lvl": "target", "msg": "[[0;32m  OK  [0m] Listening on Journal Socket (/dev/log)."}
- {"dt": "2022-06-03T05:42:02.775997", "lvl": "target", "msg": "[[0;32m  OK  [0m] Listening on Syslog Socket."}
- {"dt": "2022-06-03T05:42:02.777989", "lvl": "target", "msg": "         Starting Journal Service..."}
- {"dt": "2022-06-03T05:42:02.778964", "lvl": "target", "msg": "[[0;32m  OK  [0m] Mounted Kernel Debug File System."}
- {"dt": "2022-06-03T05:42:02.779979", "lvl": "target", "msg": "[[0;32m  OK  [0m] Started File System Check on Root Device."}
- {"dt": "2022-06-03T05:42:02.780982", "lvl": "target", "msg": "[[0;32m  OK  [0m] Mounted POSIX Message Queue File System."}
- {"dt": "2022-06-03T05:42:02.781459", "lvl": "target", "msg": "[[0;1;31mFAILED[0m] Failed to start Load Kernel Modules."}
- {"dt": "2022-06-03T05:42:02.781912", "lvl": "target", "msg": "See 'systemctl status systemd-modules-load.service' for details."}
- {"dt": "2022-06-03T05:42:02.783765", "lvl": "target", "msg": "[[0;32m  OK  [0m] Mounted Temporary Directory (/tmp)."}
- {"dt": "2022-06-03T05:42:02.784321", "lvl": "target", "msg": "[[0;32m  OK  [0m] Mounted Huge Pages File System."}
- {"dt": "2022-06-03T05:42:02.784776", "lvl": "target", "msg": "[[0;32m  OK  [0m] Started Create list of required sta\u2026vice nodes for the current kernel."}
- {"dt": "2022-06-03T05:42:02.785218", "lvl": "target", "msg": "<47>[   23.760421] systemd-journald[223]: Found cgroup2 on /sys/fs/cgroup/unified, unified hierarchy for systemd controller"}
- {"dt": "2022-06-03T05:42:02.785666", "lvl": "target", "msg": "<47>[   23.942531] systemd-journald[223]: Fixed min_use=1.0M max_use=64.0M max_size=8.0M min_size=512.0K keep_free=72.7M n_max_files=100"}
- {"dt": "2022-06-03T05:42:02.786111", "lvl": "target", "msg": "         Starting Apply Kernel Variables..."}
- {"dt": "2022-06-03T05:42:02.786543", "lvl": "target", "msg": "         Starting Remount Root and Kernel File Systems..."}
- {"dt": "2022-06-03T05:42:02.786976", "lvl": "target", "msg": "<47>[   24.288799] systemd-journald[223]: Reserving 14563 entries in hash table."}
- {"dt": "2022-06-03T05:42:02.787977", "lvl": "target", "msg": "<47>[   24.329995] systemd-journald[223]: Vacuuming..."}
- {"dt": "2022-06-03T05:42:02.788458", "lvl": "target", "msg": "<47>[   24.333716] systemd-journald[223]: Vacuuming done, freed 0B of archived journals from /run/log/journal/88373643532f46d3a38f1e2c1f368d0a."}
- {"dt": "2022-06-03T05:42:02.789982", "lvl": "target", "msg": "<47>[   24.338682] systemd-journald[223]: Flushing /dev/kmsg..."}
- {"dt": "2022-06-03T05:42:02.790498", "lvl": "target", "msg": "[[0;32m  OK  [0m] Started Apply Kernel Variables."}
- {"dt": "2022-06-03T05:42:02.790946", "lvl": "target", "msg": "<31>[   26.272944] systemd[1]: Received SIGCHLD from PID 216 (udevadm)."}
- {"dt": "2022-06-03T05:42:02.791384", "lvl": "target", "msg": "<31>[   26.306976] systemd[1]: Child 216 (udevadm) died (code=exited, status=0/SUCCESS)"}
- {"dt": "2022-06-03T05:42:02.791870", "lvl": "target", "msg": "<31>[   26.310676] systemd[1]: systemd-udev-trigger.service: Child 216 belongs to systemd-udev-trigger.service."}
- {"dt": "2022-06-03T05:42:02.792985", "lvl": "target", "msg": "<31>[   26.319775] systemd[1]: systemd-udev-trigger.service: Main process exited, code=exited, status=0/SUCCESS"}
- {"dt": "2022-06-03T05:42:02.793454", "lvl": "target", "msg": "<31>[   26.321827] systemd[1]: systemd-udev-trigger.service: Running next main command for state start."}
- {"dt": "2022-06-03T05:42:22.647752", "lvl": "target", "msg": "<31>[   26.324267] systemd[1]: systemd-udev-trigger.service: Passing 0 fds to service"}
- {"dt": "2022-06-03T05:42:22.650013", "lvl": "target", "msg": "<31>[   26.324572] systemd[1]: systemd-udev-trigger.service: About to execute: /bin/udevadm trigger --type=devices --action=add"}
- {"dt": "2022-06-03T05:42:22.650812", "lvl": "target", "msg": "<31>[   26.384413] systemd[1]: systemd-udev-trigger.service: Forked /bin/udevadm as 231"}
- {"dt": "2022-06-03T05:42:22.651247", "lvl": "target", "msg": "<6>[   26.822484] EXT4-fs (sda): re-mounted. Quota mode: none."}
- {"dt": "2022-06-03T05:42:22.652720", "lvl": "target", "msg": "<31>[   26.823872] systemd[1]: libmount event [rescan: yes]"}
- {"dt": "2022-06-03T05:42:22.653009", "lvl": "target", "msg": "<31>[   27.061642] systemd[1]: libmount event [rescan: yes]"}
- {"dt": "2022-06-03T05:42:22.653913", "lvl": "target", "msg": "[[0;32m  OK  [0m] Started Remount Root and Kernel File Systems."}
- {"dt": "2022-06-03T05:42:22.654085", "lvl": "target", "msg": "         Starting Rebuild Hardware Database..."}
- {"dt": "2022-06-03T05:42:22.654606", "lvl": "target", "msg": "<47>[   27.897324] systemd-journald[223]: systemd-journald running as pid 223"}
- {"dt": "2022-06-03T05:42:22.656359", "lvl": "target", "msg": "<47>[   27.964676] systemd-journald[223]: Sent READY=1 notification."}
- {"dt": "2022-06-03T05:42:22.657268", "lvl": "target", "msg": "<47>[   27.969908] systemd-journald[223]: Sent WATCHDOG=1 notification."}
- {"dt": "2022-06-03T05:42:22.657973", "lvl": "target", "msg": "         Starting Create System Users..."}
- {"dt": "2022-06-03T05:42:22.658642", "lvl": "target", "msg": "<47>[   28.117465] systemd-journald[223]: Successfully sent stream file descriptor to service manager."}
- {"dt": "2022-06-03T05:42:22.659338", "lvl": "target", "msg": "[[0;32m  OK  [0m] Started Journal Service."}
- {"dt": "2022-06-03T05:42:22.660077", "lvl": "target", "msg": "         Starting Flush Journal to Persistent Storage..."}
- {"dt": "2022-06-03T05:42:22.660774", "lvl": "target", "msg": "<47>[   28.775000] systemd-journald[223]: Successfully sent stream file descriptor to service manager."}
- {"dt": "2022-06-03T05:42:22.661465", "lvl": "target", "msg": "<47>[   28.866476] systemd-journald[223]: Successfully sent stream file descriptor to service manager."}
- {"dt": "2022-06-03T05:42:22.662195", "lvl": "target", "msg": "<47>[   29.048594] systemd-journald[223]: Successfully sent stream file descriptor to service manager."}
- {"dt": "2022-06-03T05:42:22.662975", "lvl": "target", "msg": "<47>[   29.194439] systemd-journald[223]: Successfully sent stream file descriptor to service manager."}
- {"dt": "2022-06-03T05:42:22.663737", "lvl": "target", "msg": "<47>[   29.227683] systemd-journald[223]: Successfully sent stream file descriptor to service manager."}
- {"dt": "2022-06-03T05:42:22.664563", "lvl": "target", "msg": "<47>[   29.281729] systemd-journald[223]: Successfully sent stream file descriptor to service manager."}
- {"dt": "2022-06-03T05:42:22.665293", "lvl": "target", "msg": "<46>[   30.165341] systemd-journald[223]: Received request to flush runtime journal from PID 1"}
- {"dt": "2022-06-03T05:42:22.666056", "lvl": "target", "msg": "<47>[   30.178590] systemd-journald[223]: Vacuuming..."}
- {"dt": "2022-06-03T05:42:22.666738", "lvl": "target", "msg": "<47>[   30.181708] systemd-journald[223]: Vacuuming done, freed 0B of archived journals from /run/log/journal/88373643532f46d3a38f1e2c1f368d0a."}
- {"dt": "2022-06-03T05:42:39.924353", "lvl": "target", "msg": "[[0;32m  OK  [0m] Started Flush Journal to Persistent Storage."}
- {"dt": "2022-06-03T05:42:39.924648", "lvl": "target", "msg": "[[0;32m  OK  [0m] Started Create System Users."}
- {"dt": "2022-06-03T05:42:39.925727", "lvl": "target", "msg": "         Starting Create Static Device Nodes in /dev..."}
- {"dt": "2022-06-03T05:42:39.925930", "lvl": "target", "msg": "<47>[   30.885316] systemd-journald[223]: Successfully sent stream file descriptor to service manager."}
- {"dt": "2022-06-03T05:42:39.926101", "lvl": "target", "msg": "[[0;32m  OK  [0m] Started Create Static Device Nodes in /dev."}
- {"dt": "2022-06-03T05:42:39.926678", "lvl": "target", "msg": "[[0;32m  OK  [0m] Reached target Local File Systems (Pre)."}
- {"dt": "2022-06-03T05:42:39.926853", "lvl": "target", "msg": "         Mounting /var/volatile..."}
- {"dt": "2022-06-03T05:42:39.927422", "lvl": "target", "msg": "[[0;32m  OK  [0m] Reached target Containers."}
- {"dt": "2022-06-03T05:42:39.927594", "lvl": "target", "msg": "[[0;32m  OK  [0m] Mounted /var/volatile."}
- {"dt": "2022-06-03T05:42:39.928212", "lvl": "target", "msg": "         Starting Load/Save Random Seed..."}
- {"dt": "2022-06-03T05:42:39.928690", "lvl": "target", "msg": "[[0;32m  OK  [0m] Reached target Local File Systems."}
- {"dt": "2022-06-03T05:42:39.928886", "lvl": "target", "msg": "         Starting Rebuild Dynamic Linker Cache..."}
- {"dt": "2022-06-03T05:42:39.929151", "lvl": "target", "msg": "<47>[   34.070536] systemd-journald[223]: Successfully sent stream file descriptor to service manager."}
- {"dt": "2022-06-03T05:42:39.929380", "lvl": "target", "msg": "         Starting Commit a transient machine-id on disk..."}
- {"dt": "2022-06-03T05:42:39.929608", "lvl": "target", "msg": "<47>[   34.523169] systemd-journald[223]: Successfully sent stream file descriptor to service manager."}
- {"dt": "2022-06-03T05:42:39.929832", "lvl": "target", "msg": "         Starting Create Volatile Files and Directories..."}
- {"dt": "2022-06-03T05:42:39.930066", "lvl": "target", "msg": "<47>[   34.980534] systemd-journald[223]: Successfully sent stream file descriptor to service manager."}
- {"dt": "2022-06-03T05:42:39.930294", "lvl": "target", "msg": "         Starting Rebuild Journal Catalog..."}
- {"dt": "2022-06-03T05:42:39.930528", "lvl": "target", "msg": "<47>[   35.476903] systemd-journald[223]: Successfully sent stream file descriptor to service manager."}
- {"dt": "2022-06-03T05:42:39.930748", "lvl": "target", "msg": "[[0;32m  OK  [0m] Started Load/Save Random Seed."}
- {"dt": "2022-06-03T05:42:39.930967", "lvl": "target", "msg": "[[0;32m  OK  [0m] Started Commit a transient machine-id on disk."}
- {"dt": "2022-06-03T05:42:39.931205", "lvl": "target", "msg": "[[0;32m  OK  [0m] Started Rebuild Journal Catalog."}
- {"dt": "2022-06-03T05:42:39.931447", "lvl": "target", "msg": "[[0;32m  OK  [0m] Started Create Volatile Files and Directories."}
- {"dt": "2022-06-03T05:42:39.931684", "lvl": "target", "msg": "         Starting Opkg first boot configure..."}
- {"dt": "2022-06-03T05:42:39.931940", "lvl": "target", "msg": "         Starting Update UTMP about System Boot/Shutdown..."}
- {"dt": "2022-06-03T05:42:39.932164", "lvl": "target", "msg": "         Starting Network Time Synchronization..."}
- {"dt": "2022-06-03T05:42:39.932384", "lvl": "target", "msg": "         Starting Run pending postinsts..."}
- {"dt": "2022-06-03T05:42:39.932623", "lvl": "target", "msg": "[[0;32m  OK  [0m] Started udev Coldplug all Devices."}
- {"dt": "2022-06-03T05:42:39.932852", "lvl": "target", "msg": "[[0;32m  OK  [0m] Started Rebuild Dynamic Linker Cache."}
- {"dt": "2022-06-03T05:42:39.933085", "lvl": "target", "msg": "[[0;32m  OK  [0m] Started Update UTMP about System Boot/Shutdown."}
- {"dt": "2022-06-03T05:42:39.933306", "lvl": "target", "msg": "<47>[   42.775231] systemd-journald[223]: Successfully sent stream file descriptor to service manager."}
- {"dt": "2022-06-03T05:42:52.942871", "lvl": "target", "msg": "<47>[   43.714899] systemd-journald[223]: Successfully sent stream file descriptor to service manager."}
- {"dt": "2022-06-03T05:42:52.943150", "lvl": "target", "msg": "<47>[   44.232766] systemd-journald[223]: Successfully sent stream file descriptor to service manager."}
- {"dt": "2022-06-03T05:42:52.943321", "lvl": "target", "msg": "<47>[   44.639427] systemd-journald[223]: Successfully sent stream file descriptor to service manager."}
- {"dt": "2022-06-03T05:42:52.943485", "lvl": "target", "msg": "<31>[   44.646389] systemd[1]: systemd-journald.service: Got notification message from PID 223 (FDSTORE=1)"}
- {"dt": "2022-06-03T05:42:52.943650", "lvl": "target", "msg": "<31>[   44.657918] systemd[1]: systemd-journald.service: Added fd 41 (n/a) to fd store."}
- {"dt": "2022-06-03T05:42:52.943847", "lvl": "target", "msg": "<47>[   46.828506] systemd-journald[223]: Successfully sent stream file descriptor to service manager."}
- {"dt": "2022-06-03T05:42:52.944005", "lvl": "target", "msg": "[[0m[0;31m*     [0m] (1 of 7) A start job is running for\u2026pending postinsts (28s / no limit)[K[[0;1;31m*[0m[0;31m*    [0m] (1 of 7) A start job is running for\u2026pending postinsts (28s / no limit)[K[[0;32m  OK  [0m] Started Run pending postinsts."}
- {"dt": "2022-06-03T05:42:52.944177", "lvl": "target", "msg": "[[0;32m  OK  [0m] Started Network Time Synchronization."}
- {"dt": "2022-06-03T05:42:52.944344", "lvl": "target", "msg": "[[0;32m  OK  [0m] Reached target System Time Synchronized."}
- {"dt": "2022-06-03T05:42:52.944502", "lvl": "target", "msg": "<47>[   49.213218] systemd-journald[223]: Successfully sent stream file descriptor to service manager."}
- {"dt": "2022-06-03T05:42:52.944662", "lvl": "target", "msg": "[[0;32m  OK  [0m] Started Opkg first boot configure."}
- {"dt": "2022-06-03T05:42:52.944819", "lvl": "target", "msg": "[[0;31m*[0;1;31m*[0m[0;31m*   [0m] (1 of 4) A start job is running for dev-ttyS1.device (35s / 1min 32s)[K[ [0;31m*[0;1;31m*[0m[0;31m*  [0m] (2 of 4) A start job is running for dev-ttyS0.device (36s / 1min 32s)[K[[0;32m  OK  [0m] Started Rebuild Hardware Database."}
- {"dt": "2022-06-03T05:42:52.944988", "lvl": "target", "msg": "         Starting udev Kernel Device Manager..."}
- {"dt": "2022-06-03T05:42:52.945149", "lvl": "target", "msg": "<47>[   56.768835] systemd-journald[223]: Successfully sent stream file descriptor to service manager."}
- {"dt": "2022-06-03T05:42:52.945306", "lvl": "target", "msg": "<47>[   56.839550] systemd-journald[223]: Successfully sent stream file descriptor to service manager."}
- {"dt": "2022-06-03T05:42:52.945464", "lvl": "target", "msg": "         Starting Update is Completed..."}
- {"dt": "2022-06-03T05:42:52.945622", "lvl": "target", "msg": "[[0;32m  OK  [0m] Started Update is Completed."}
- {"dt": "2022-06-03T05:42:52.945779", "lvl": "target", "msg": "[[0;32m  OK  [0m] Started udev Kernel Device Manager."}
- {"dt": "2022-06-03T05:42:52.945937", "lvl": "target", "msg": "[[0;32m  OK  [0m] Reached target System Initialization."}
- {"dt": "2022-06-03T05:42:52.946093", "lvl": "target", "msg": "[[0;32m  OK  [0m] Started Daily rotation of log files."}
- {"dt": "2022-06-03T05:43:07.013110", "lvl": "target", "msg": "[[0;32m  OK  [0m] Listening on D-Bus System Message Bus Socket."}
- {"dt": "2022-06-03T05:43:07.013390", "lvl": "target", "msg": "[[0;32m  OK  [0m] Listening on Avahi mDNS/DNS-SD Stack Activation Socket."}
- {"dt": "2022-06-03T05:43:07.014066", "lvl": "target", "msg": "[[0;32m  OK  [0m] Started Daily Cleanup of Temporary Directories."}
- {"dt": "2022-06-03T05:43:07.014310", "lvl": "target", "msg": "[[0;32m  OK  [0m] Reached target Timers."}
- {"dt": "2022-06-03T05:43:07.014553", "lvl": "target", "msg": "         Starting sshd.socket."}
- {"dt": "2022-06-03T05:43:07.014790", "lvl": "target", "msg": "<47>[   58.218913] systemd-journald[223]: Successfully sent stream file descriptor to service manager."}
- {"dt": "2022-06-03T05:43:07.015131", "lvl": "target", "msg": "[[0;32m  OK  [0m] Listening on RPCbind Server Activation Socket."}
- {"dt": "2022-06-03T05:43:07.015369", "lvl": "target", "msg": "         Starting Network Service..."}
- {"dt": "2022-06-03T05:43:07.015600", "lvl": "target", "msg": "<47>[   58.878413] systemd-journald[223]: Successfully sent stream file descriptor to service manager."}
- {"dt": "2022-06-03T05:43:07.015921", "lvl": "target", "msg": "[[0;32m  OK  [0m] Listening on sshd.socket."}
- {"dt": "2022-06-03T05:43:07.016158", "lvl": "target", "msg": "[[0;32m  OK  [0m] Reached target Sockets."}
- {"dt": "2022-06-03T05:43:07.016391", "lvl": "target", "msg": "[[0;32m  OK  [0m] Reached target Basic System."}
- {"dt": "2022-06-03T05:43:07.016621", "lvl": "target", "msg": "[[0;32m  OK  [0m] Started D-Bus System Message Bus."}
- {"dt": "2022-06-03T05:43:07.016856", "lvl": "target", "msg": "<47>[   60.295388] systemd-journald[223]: Successfully sent stream file descriptor to service manager."}
- {"dt": "2022-06-03T05:43:07.017430", "lvl": "target", "msg": "         Starting Network Manager..."}
- {"dt": "2022-06-03T05:43:07.017603", "lvl": "target", "msg": "<47>[   62.521460] systemd-journald[223]: Successfully sent stream file descriptor to service manager."}
- {"dt": "2022-06-03T05:43:07.017766", "lvl": "target", "msg": "[[0;32m  OK  [0m] Started System Logging Service."}
- {"dt": "2022-06-03T05:43:07.017927", "lvl": "target", "msg": "<47>[   62.985841] systemd-journald[223]: Successfully sent stream file descriptor to service manager."}
- {"dt": "2022-06-03T05:43:07.018089", "lvl": "target", "msg": "         Starting Avahi mDNS/DNS-SD Stack..."}
- {"dt": "2022-06-03T05:43:07.018248", "lvl": "target", "msg": "<47>[   63.178499] systemd-journald[223]: Successfully sent stream file descriptor to service manager."}
- {"dt": "2022-06-03T05:43:07.018409", "lvl": "target", "msg": "[[0;32m  OK  [0m] Started Kernel Logging Service."}
- {"dt": "2022-06-03T05:43:07.018567", "lvl": "target", "msg": "<47>[   63.684777] systemd-journald[223]: Successfully sent stream file descriptor to service manager."}
- {"dt": "2022-06-03T05:43:07.018727", "lvl": "target", "msg": "[[0;32m  OK  [0m] Started Periodic Command Scheduler."}
- {"dt": "2022-06-03T05:43:07.018883", "lvl": "target", "msg": "<47>[   64.056189] systemd-journald[223]: Successfully sent stream file descriptor to service manager."}
- {"dt": "2022-06-03T05:43:07.019042", "lvl": "target", "msg": "         Starting Login Service..."}
- {"dt": "2022-06-03T05:43:07.019200", "lvl": "target", "msg": "<47>[   64.642464] systemd-journald[223]: Successfully sent stream file descriptor to service manager."}
- {"dt": "2022-06-03T05:43:07.019357", "lvl": "target", "msg": "         Starting ACPI Event Daemon..."}
- {"dt": "2022-06-03T05:43:07.019514", "lvl": "target", "msg": "<47>[   65.314455] systemd-journald[223]: Successfully sent stream file descriptor to service manager."}
- {"dt": "2022-06-03T05:43:23.045792", "lvl": "target", "msg": "         Starting Resize root filesystem to fit available disk space..."}
- {"dt": "2022-06-03T05:43:23.046074", "lvl": "target", "msg": "<47>[   66.005595] systemd-journald[223]: Successfully sent stream file descriptor to service manager."}
- {"dt": "2022-06-03T05:43:23.046245", "lvl": "target", "msg": "         Starting Entropy Daemon based on the HAVEGE algorithm..."}
- {"dt": "2022-06-03T05:43:23.046410", "lvl": "target", "msg": "<47>[   66.540657] systemd-journald[223]: Successfully sent stream file descriptor to service manager."}
- {"dt": "2022-06-03T05:43:23.046575", "lvl": "target", "msg": "         Starting Thermal Daemon Service..."}
- {"dt": "2022-06-03T05:43:23.046738", "lvl": "target", "msg": "<47>[   66.940639] systemd-journald[223]: Successfully sent stream file descriptor to service manager."}
- {"dt": "2022-06-03T05:43:23.046898", "lvl": "target", "msg": "[[0;32m  OK  [0m] Started Network Service."}
- {"dt": "2022-06-03T05:43:23.047058", "lvl": "target", "msg": "[[0;32m  OK  [0m] Started ACPI Event Daemon."}
- {"dt": "2022-06-03T05:43:23.047219", "lvl": "target", "msg": "[[0;32m  OK  [0m] Started Avahi mDNS/DNS-SD Stack."}
- {"dt": "2022-06-03T05:43:23.047386", "lvl": "target", "msg": "[[0;32m  OK  [0m] Started Login Service."}
- {"dt": "2022-06-03T05:43:23.047547", "lvl": "target", "msg": "         Starting Network Name Resolution..."}
- {"dt": "2022-06-03T05:43:23.047727", "lvl": "target", "msg": "[[0;32m  OK  [0m] Started Entropy Daemon based on the HAVEGE algorithm."}
- {"dt": "2022-06-03T05:43:23.047900", "lvl": "target", "msg": "<47>[   69.275243] systemd-journald[223]: Successfully sent stream file descriptor to service manager."}
- {"dt": "2022-06-03T05:43:23.048060", "lvl": "target", "msg": "[[0;32m  OK  [0m] Started Thermal Daemon Service."}
- {"dt": "2022-06-03T05:43:23.048218", "lvl": "target", "msg": "<31>[   70.842744] systemd[1]: Sent message type=signal sender=n/a destination=n/a path=/org/freedesktop/systemd1/unit/thermald_2eservice interface=org.freedesktop.DBus.Properties member=PropertiesChanged cookie=25 reply_cookie=0 signature=sa{sv}as error-name=n/a error-message=n/a"}
- {"dt": "2022-06-03T05:43:23.048385", "lvl": "target", "msg": "<31>[   70.870762] systemd[1]: Sent message type=signal sender=n/a destination=n/a path=/org/freedesktop/systemd1/unit/thermald_2eservice interface=org.freedesktop.DBus.Properties member=PropertiesChanged cookie=26 reply_cookie=0 signature=sa{sv}as error-name=n/a error-message=n/a"}
- {"dt": "2022-06-03T05:43:23.048557", "lvl": "target", "msg": "<31>[   70.894746] systemd[1]: systemd-journald.service: Received EPOLLHUP on stored fd 57 (stored), closing."}
- {"dt": "2022-06-03T05:43:23.048726", "lvl": "target", "msg": "<31>[   70.906586] systemd[1]: Got message type=signal sender=org.freedesktop.DBus destination=n/a path=/org/freedesktop/DBus interface=org.freedesktop.DBus member=NameOwnerChanged cookie=9 reply_cookie=0 signature=sss error-name=n/a error-message=n/a"}
- {"dt": "2022-06-03T05:43:23.048902", "lvl": "target", "msg": "<31>[   70.920515] systemd[1]: thermald.service: D-Bus name org.freedesktop.thermald no longer registered by :1.4"}
- {"dt": "2022-06-03T05:43:39.606511", "lvl": "target", "msg": "<31>[   71.342656] systemd[1]: Got message type=signal sender=org.freedesktop.DBus destination=org.freedesktop.systemd1 path=/org/freedesktop/DBus interface=org.freedesktop.systemd1.Activator member=ActivationRequest cookie=14 reply_cookie=0 signature=s error-name=n/a error-message=n/a"}
- {"dt": "2022-06-03T05:43:39.606793", "lvl": "target", "msg": "<31>[   71.525583] systemd[1]: File /lib/systemd/system/systemd-hostnamed.service:35 configures an IP firewall (IPAddressDeny=any), but the local system does not support BPF/cgroup based firewalling."}
- {"dt": "2022-06-03T05:43:39.606967", "lvl": "target", "msg": "<31>[   71.551611] systemd[1]: Proceeding WITHOUT firewalling in effect! (This warning is only shown for the first loaded unit using IP firewalling.)"}
- {"dt": "2022-06-03T05:43:39.607134", "lvl": "target", "msg": "<31>[   72.062681] systemd[1]: Sent message type=method_call sender=n/a destination=org.freedesktop.DBus path=/org/freedesktop/DBus interface=org.freedesktop.DBus member=AddMatch cookie=27 reply_cookie=0 signature=s error-name=n/a error-message=n/a"}
- {"dt": "2022-06-03T05:43:39.607303", "lvl": "target", "msg": "<31>[   72.136655] systemd[1]: var.mount: Failed to load configuration: No such file or directory"}
- {"dt": "2022-06-03T05:43:39.607466", "lvl": "target", "msg": "         Starting Hostname Service..."}
- {"dt": "2022-06-03T05:43:39.607623", "lvl": "target", "msg": "<47>[   72.990344] systemd-journald[223]: Successfully sent stream file descriptor to service manager."}
- {"dt": "2022-06-03T05:43:58.214800", "lvl": "target", "msg": "[  [0;31m*[0;1;31m*[0m[0;31m* [0m] (2 of 7) A start job is running for Hostname Service (2s / 1min 30s)[K[   [0;31m*[0;1;31m*[0m[0;31m*[0m] (2 of 7) A start job is running for Hostname Service (3s / 1min 30s)[K[    [0;31m*[0;1;31m*[0m] (3 of 7) A start job is running for dev-ttyS1.device (56s / 1min 32s)[K[     [0;31m*[0m] (3 of 7) A start job is running for dev-ttyS1.device (56s / 1min 32s)[K[    [0;31m*[0;1;31m*[0m] (3 of 7) A start job is running for dev-ttyS1.device (57s / 1min 32s)[K[   [0;31m*[0;1;31m*[0m[0;31m*[0m] (4 of 7) A start job is running for\u2026k Name Resolution (57s / 2min 18s)[K[  [0;31m*[0;1;31m*[0m[0;31m* [0m] (4 of 7) A start job is running for\u2026k Name Resolution (58s / 2min 18s)[K[ [0;31m*[0;1;31m*[0m[0;31m*  [0m] (4 of 7) A start job is running for\u2026k Name Resolution (58s / 2min 18s)[K[[0;31m*[0;1;31m*[0m[0;31m*   [0m] (5 of 7) A start job is running for Network Manager (59s / 2min 12s)[K[[0;1;31m*[0m[0;31m*    [0m] (5 of 7) A start job is running for Network Manager (59s / 2min 12s)[K[[0m[0;31m*     [0m] (5 of 7) A start job is running for Network Manager (1min / 2min 12s)<31>[   79.872801] systemd[1]: systemd-timesyncd.service: Got notification message from PID 245 (STATUS=Idle.)"}
- {"dt": "2022-06-03T05:43:58.216669", "lvl": "target", "msg": "<31>[   80.005707] systemd[1]: systemd-timesyncd.service: Got notification message from PID 245 (STATUS=Idle.)"}
- {"dt": "2022-06-03T05:43:58.216915", "lvl": "target", "msg": "<31>[   80.037633] systemd[1]: systemd-timesyncd.service: Got notification message from PID 245 (STATUS=Idle.)"}
- {"dt": "2022-06-03T05:43:58.217189", "lvl": "target", "msg": "<31>[   80.219646] systemd[1]: systemd-timesyncd.service: Got notification message from PID 245 (STATUS=Idle.)"}
- {"dt": "2022-06-03T05:43:58.217436", "lvl": "target", "msg": "<31>[   80.238609] systemd[1]: systemd-timesyncd.service: Got notification message from PID 245 (STATUS=Idle.)"}
- {"dt": "2022-06-03T05:43:58.217685", "lvl": "target", "msg": "[K[[0;1;31m*[0m[0;31m*    [0m] (6 of 7) A start job is running for dev-ttyS0.device (1min / 1min 32s)<31>[   80.346612] systemd[1]: systemd-timesyncd.service: Got notification message from PID 245 (STATUS=Idle.)"}
- {"dt": "2022-06-03T05:43:58.217940", "lvl": "target", "msg": "<31>[   80.703928] systemd[1]: systemd-resolved.service: Got notification message from PID 284 (WATCHDOG=1)"}
- {"dt": "2022-06-03T05:43:58.218189", "lvl": "target", "msg": "<31>[   80.721765] systemd[1]: systemd-timesyncd.service: Got notification message from PID 245 (STATUS=Idle.)"}
- {"dt": "2022-06-03T05:43:58.218437", "lvl": "target", "msg": "<31>[   80.733671] systemd[1]: systemd-timesyncd.service: Got notification message from PID 245 (STATUS=Idle.)"}
- {"dt": "2022-06-03T05:43:58.218686", "lvl": "target", "msg": "[K[[0;31m*[0;1;31m*[0m[0;31m*   [0m] (6 of 7) A start job is running for\u2026-ttyS0.device (1min 1s / 1min 32s)<31>[   80.794776] systemd[1]: systemd-hostnamed.service: Got notification message from PID 289 (WATCHDOG=1)"}
- {"dt": "2022-06-03T05:43:58.218936", "lvl": "target", "msg": "[K[ [0;31m*[0;1;31m*[0m[0;31m*  [0m] (6 of 7) A start job is running for\u2026-ttyS0.device (1min 1s / 1min 32s)[K[[0;32m  OK  [0m] Started Hostname Service."}
- {"dt": "2022-06-03T05:43:58.219186", "lvl": "target", "msg": "[[0;32m  OK  [0m] Started Network Name Resolution."}
- {"dt": "2022-06-03T05:43:58.219429", "lvl": "target", "msg": "[[0;32m  OK  [0m] Reached target Host and Network Name Lookups."}
- {"dt": "2022-06-03T05:43:58.219676", "lvl": "target", "msg": "[[0;32m  OK  [0m] Started Network Manager."}
- {"dt": "2022-06-03T05:43:58.220034", "lvl": "target", "msg": "[[0;32m  OK  [0m] Reached target Network."}
- {"dt": "2022-06-03T05:44:18.188644", "lvl": "target", "msg": "         Starting DNS forwarder and DHCP server..."}
- {"dt": "2022-06-03T05:44:18.188950", "lvl": "target", "msg": "<47>[   83.426421] systemd-journald[223]: Successfully sent stream file descriptor to service manager."}
- {"dt": "2022-06-03T05:44:18.189123", "lvl": "target", "msg": "         Starting Permit User Sessions..."}
- {"dt": "2022-06-03T05:44:18.189285", "lvl": "target", "msg": "<47>[   83.710832] systemd-journald[223]: Successfully sent stream file descriptor to service manager."}
- {"dt": "2022-06-03T05:44:18.189449", "lvl": "target", "msg": "<47>[   84.711654] systemd-journald[223]: Successfully sent stream file descriptor to service manager."}
- {"dt": "2022-06-03T05:44:18.189614", "lvl": "target", "msg": "[[0;32m  OK  [0m] Started Permit User Sessions."}
- {"dt": "2022-06-03T05:44:18.189775", "lvl": "target", "msg": "<31>[   84.904608] systemd[1]: Sent message type=signal sender=n/a destination=n/a path=/org/freedesktop/systemd1/unit/systemd_2duser_2dsessions_2eservice interface=org.freedesktop.DBus.Properties member=PropertiesChanged cookie=63 reply_cookie=0 signature=sa{sv}as error-name=n/a error-message=n/a"}
- {"dt": "2022-06-03T05:44:18.189944", "lvl": "target", "msg": "<31>[   84.919656] systemd[1]: systemd-journald.service: Got notification message from PID 223 (FDSTORE=1)"}
- {"dt": "2022-06-03T05:44:18.190108", "lvl": "target", "msg": "<31>[   84.933652] systemd[1]: systemd-journald.service: Added fd 61 (n/a) to fd store."}
- {"dt": "2022-06-03T05:44:18.190270", "lvl": "target", "msg": "<31>[   84.946699] systemd[1]: Received SIGCHLD from PID 292 (n/a)."}
- {"dt": "2022-06-03T05:44:18.190436", "lvl": "target", "msg": "<31>[   84.965662] systemd[1]: Got message type=method_return sender=org.freedesktop.DBus destination=:1.0 path=n/a interface=n/a member=n/a cookie=18 reply_cookie=56 signature=n/a error-name=n/a error-message=n/a"}
- {"dt": "2022-06-03T05:44:18.190607", "lvl": "target", "msg": "<31>[   84.977572] systemd[1]: Match type='signal',sender='org.freedesktop.DBus',path='/org/freedesktop/DBus',interface='org.freedesktop.DBus',member='NameOwnerChanged',arg0='org.freedesktop.nm_dispatcher' successfully installed."}
- {"dt": "2022-06-03T05:44:18.190775", "lvl": "target", "msg": "<31>[   84.990631] systemd[1]: systemd-journald.service: Received EPOLLHUP on stored fd 59 (stored), closing."}
- {"dt": "2022-06-03T05:44:18.190937", "lvl": "target", "msg": "<31>[   85.033618] systemd[1]: getty@tty1.service: ConditionPathExists=/dev/tty0 succeeded."}
- {"dt": "2022-06-03T05:44:18.191097", "lvl": "target", "msg": "<31>[   85.238862] systemd[1]: getty@tty1.service: Forked /sbin/agetty as 294"}
- {"dt": "2022-06-03T05:44:18.191258", "lvl": "target", "msg": "[[0;32m  OK  [0m] Started Getty on tty1."}
- {"dt": "2022-06-03T05:44:39.469250", "lvl": "target", "msg": "<31>[   85.372622] systemd[1]: Sent message type=signal sender=n/a destination=n/a path=/org/freedesktop/systemd1 interface=org.freedesktop.systemd1.Manager member=JobRemoved cookie=64 reply_cookie=0 signature=uoss error-name=n/a error-message=n/a"}
- {"dt": "2022-06-03T05:44:39.469539", "lvl": "target", "msg": "         Starting Network Manager Script Dispatcher Service..."}
- {"dt": "2022-06-03T05:44:39.470269", "lvl": "target", "msg": "<47>[   85.656835] systemd-journald[223]: Successfully sent stream file descriptor to service manager."}
- {"dt": "2022-06-03T05:44:39.470448", "lvl": "target", "msg": "[[0;32m  OK  [0m] Started DNS forwarder and DHCP server."}
- {"dt": "2022-06-03T05:44:39.470616", "lvl": "target", "msg": "[[0;32m  OK  [0m] Started Network Manager Script Dispatcher Service."}
- {"dt": "2022-06-03T05:44:39.470781", "lvl": "target", "msg": "         Starting Authorization Manager..."}
- {"dt": "2022-06-03T05:44:39.470952", "lvl": "target", "msg": "<47>[   90.717466] systemd-journald[223]: Successfully sent stream file descriptor to service manager."}
- {"dt": "2022-06-03T05:44:39.471116", "lvl": "target", "msg": "[[0;32m  OK  [0m] Found device /dev/ttyS2."}
- {"dt": "2022-06-03T05:44:39.471277", "lvl": "target", "msg": "<47>[   91.516461] systemd-journald[223]: Successfully sent stream file descriptor to service manager."}
- {"dt": "2022-06-03T05:44:39.471446", "lvl": "target", "msg": "[[0;32m  OK  [0m] Found device /dev/ttyS1."}
- {"dt": "2022-06-03T05:44:39.471606", "lvl": "target", "msg": "[[0;32m  OK  [0m] Found device /dev/ttyS0."}
- {"dt": "2022-06-03T05:44:39.471801", "lvl": "target", "msg": "[[0;32m  OK  [0m] Started Serial Getty on ttyS0."}
- {"dt": "2022-06-03T05:44:39.471960", "lvl": "target", "msg": "[[0;32m  OK  [0m] Started Serial Getty on ttyS1."}
- {"dt": "2022-06-03T05:44:39.472118", "lvl": "target", "msg": "[[0;32m  OK  [0m] Started Serial Getty on ttyS2."}
- {"dt": "2022-06-03T05:44:39.472280", "lvl": "target", "msg": "[[0;32m  OK  [0m] Reached target Login Prompts."}
- {"dt": "2022-06-03T05:44:39.472446", "lvl": "target", "msg": "[[0;32m  OK  [0m] Reached target Multi-User System."}
