- {"dt": "2023-12-05T11:20:53.346166", "lvl": "target", "msg": "early console in setup codc[?7l[2J<5>[    0.000000] Linux version 6.7.0-rc2-next-20231123 (tuxmake@tuxmake) (x86_64-linux-gnu-gcc (Debian 13.2.0-5) 13.2.0, GNU ld (GNU Binutils for Debian) 2.41) #1 SMP PREEMPT_DYNAMIC @1700709520"}
- {"dt": "2023-12-05T11:20:53.347586", "lvl": "target", "msg": "<6>[    0.000000] Command line: console=ttyS0,115200 rootwait root=/dev/sda debug verbose console_msg_format=syslog systemd.log_level=warning rw systemd.unified_cgroup_hierarchy=0 earlycon"}
- {"dt": "2023-12-05T11:20:53.347978", "lvl": "target", "msg": "<6>[    0.000000] BIOS-provided physical RAM map:"}
- {"dt": "2023-12-05T11:20:53.348571", "lvl": "target", "msg": "<6>[    0.000000] BIOS-e820: [mem 0x0000000000000000-0x000000000009fbff] usable"}
- {"dt": "2023-12-05T11:20:53.349196", "lvl": "target", "msg": "<6>[    0.000000] BIOS-e820: [mem 0x000000000009fc00-0x000000000009ffff] reserved"}
- {"dt": "2023-12-05T11:20:53.349819", "lvl": "target", "msg": "<6>[    0.000000] BIOS-e820: [mem 0x00000000000f0000-0x00000000000fffff] reserved"}
- {"dt": "2023-12-05T11:20:53.350425", "lvl": "target", "msg": "<6>[    0.000000] BIOS-e820: [mem 0x0000000000100000-0x000000007ffdefff] usable"}
- {"dt": "2023-12-05T11:20:53.351054", "lvl": "target", "msg": "<6>[    0.000000] BIOS-e820: [mem 0x000000007ffdf000-0x000000007fffffff] reserved"}
- {"dt": "2023-12-05T11:20:53.351698", "lvl": "target", "msg": "<6>[    0.000000] BIOS-e820: [mem 0x00000000b0000000-0x00000000bfffffff] reserved"}
- {"dt": "2023-12-05T11:20:53.352460", "lvl": "debug", "msg": "start: 2.2.1 login-action (timeout 00:15:00) [common]"}
- {"dt": "2023-12-05T11:20:53.352641", "lvl": "debug", "msg": "Setting prompt string to ['-\\\\[ cut here \\\\]', 'Unhandled fault', 'BUG: KCSAN:', 'BUG: KASAN:', 'BUG: KFENCE:', 'Oops(?: -|:)', 'WARNING:', '(kernel BUG at|BUG:)', 'invalid opcode:', 'Kernel panic - not syncing']"}
- {"dt": "2023-12-05T11:20:53.352825", "lvl": "debug", "msg": "Using line separator: #'\\n'#"}
- {"dt": "2023-12-05T11:20:53.352977", "lvl": "info", "msg": "Waiting for the login prompt"}
- {"dt": "2023-12-05T11:20:53.353133", "lvl": "info", "msg": "Parsing kernel messages"}
- {"dt": "2023-12-05T11:20:53.353283", "lvl": "debug", "msg": ["-\\[ cut here \\]", "Unhandled fault", "BUG: KCSAN:", "BUG: KASAN:", "BUG: KFENCE:", "Oops(?: -|:)", "WARNING:", "(kernel BUG at|BUG:)", "invalid opcode:", "Kernel panic - not syncing", "root@(.*):[/~]#", "login:", "Login incorrect"]}
- {"dt": "2023-12-05T11:20:53.353527", "lvl": "debug", "msg": "[login-action] Waiting for messages, (timeout 00:15:00)"}
- {"dt": "2023-12-05T11:20:53.354706", "lvl": "target", "msg": "<6>[    0.000000] BIOS-e820: [mem 0x00000000fed1c000-0x00000000fed1ffff] reserved"}
- {"dt": "2023-12-05T11:20:53.354833", "lvl": "target", "msg": "<6>[    0.000000] BIOS-e820: [mem 0x00000000feffc000-0x00000000feffffff] reserved"}
- {"dt": "2023-12-05T11:20:53.354981", "lvl": "target", "msg": "<6>[    0.000000] BIOS-e820: [mem 0x00000000fffc0000-0x00000000ffffffff] reserved"}
- {"dt": "2023-12-05T11:20:53.355145", "lvl": "target", "msg": "<6>[    0.000000] BIOS-e820: [mem 0x0000000100000000-0x000000017fffffff] usable"}
- {"dt": "2023-12-05T11:20:53.355329", "lvl": "target", "msg": "<6>[    0.000000] BIOS-e820: [mem 0x000000fd00000000-0x000000ffffffffff] reserved"}
- {"dt": "2023-12-05T11:20:53.355504", "lvl": "target", "msg": "<6>[    0.000000] NX (Execute Disable) protection: active"}
- {"dt": "2023-12-05T11:20:53.355821", "lvl": "target", "msg": "<6>[    0.000000] APIC: Static calls initialized"}
- {"dt": "2023-12-05T11:20:53.356118", "lvl": "target", "msg": "<6>[    0.000000] SMBIOS 2.8 present."}
- {"dt": "2023-12-05T11:20:53.356768", "lvl": "target", "msg": "<6>[    0.000000] DMI: QEMU Standard PC (Q35 + ICH9, 2009), BIOS 1.14.0-2 04/01/2014"}
- {"dt": "2023-12-05T11:20:53.357129", "lvl": "target", "msg": "<6>[    0.000000] Hypervisor detected: KVM"}
- {"dt": "2023-12-05T11:20:53.357793", "lvl": "target", "msg": "<6>[    0.000000] kvm-clock: Using msrs 4b564d01 and 4b564d00"}
- {"dt": "2023-12-05T11:20:53.358234", "lvl": "target", "msg": "<6>[    0.000000] kvm-clock: using sched offset of 230481012 cycles"}
- {"dt": "2023-12-05T11:20:53.359165", "lvl": "target", "msg": "<6>[    0.000002] clocksource: kvm-clock: mask: 0xffffffffffffffff max_cycles: 0x1cd42e4dffb, max_idle_ns: 881590591483 ns"}
- {"dt": "2023-12-05T11:20:53.359607", "lvl": "target", "msg": "<6>[    0.000005] tsc: Detected 3593.246 MHz processor"}
- {"dt": "2023-12-05T11:20:53.360211", "lvl": "target", "msg": "<7>[    0.000911] e820: update [mem 0x00000000-0x00000fff] usable ==> reserved"}
- {"dt": "2023-12-05T11:20:53.360716", "lvl": "target", "msg": "<7>[    0.000914] e820: remove [mem 0x000a0000-0x000fffff] usable"}
- {"dt": "2023-12-05T11:20:53.361204", "lvl": "target", "msg": "<6>[    0.000918] last_pfn = 0x180000 max_arch_pfn = 0x400000000"}
- {"dt": "2023-12-05T11:20:53.361917", "lvl": "target", "msg": "<6>[    0.000942] MTRR map: 4 entries (3 fixed + 1 variable; max 19), built from 8 variable MTRRs"}
- {"dt": "2023-12-05T11:20:53.362519", "lvl": "target", "msg": "<6>[    0.000944] x86/PAT: Configuration [0-7]: WB  WC  UC- UC  WB  WP  UC- WT  "}
- {"dt": "2023-12-05T11:20:53.363021", "lvl": "target", "msg": "<6>[    0.000977] last_pfn = 0x7ffdf max_arch_pfn = 0x400000000"}
- {"dt": "2023-12-05T11:20:53.363550", "lvl": "target", "msg": "<6>[    0.002955] found SMP MP-table at [mem 0x000f5ce0-0x000f5cef]"}
- {"dt": "2023-12-05T11:20:53.363953", "lvl": "target", "msg": "<6>[    0.002970] Using GB pages for direct mapping"}
- {"dt": "2023-12-05T11:20:53.364463", "lvl": "target", "msg": "<6>[    0.003360] ACPI: Early table checksum verification disabled"}
- {"dt": "2023-12-05T11:20:53.364981", "lvl": "target", "msg": "<6>[    0.003365] ACPI: RSDP 0x00000000000F5B10 000014 (v00 BOCHS )"}
- {"dt": "2023-12-05T11:20:53.365725", "lvl": "target", "msg": "<6>[    0.003368] ACPI: RSDT 0x000000007FFE2319 000038 (v01 BOCHS  BXPC     00000001 BXPC 00000001)"}
- {"dt": "2023-12-05T11:20:53.366467", "lvl": "target", "msg": "<6>[    0.003382] ACPI: FACP 0x000000007FFE2109 0000F4 (v03 BOCHS  BXPC     00000001 BXPC 00000001)"}
- {"dt": "2023-12-05T11:20:53.367235", "lvl": "target", "msg": "<6>[    0.003386] ACPI: DSDT 0x000000007FFE0040 0020C9 (v01 BOCHS  BXPC     00000001 BXPC 00000001)"}
- {"dt": "2023-12-05T11:20:53.367656", "lvl": "target", "msg": "<6>[    0.003389] ACPI: FACS 0x000000007FFE0000 000040"}
- {"dt": "2023-12-05T11:20:53.368396", "lvl": "target", "msg": "<6>[    0.003391] ACPI: APIC 0x000000007FFE21FD 000080 (v01 BOCHS  BXPC     00000001 BXPC 00000001)"}
- {"dt": "2023-12-05T11:20:53.369130", "lvl": "target", "msg": "<6>[    0.003393] ACPI: HPET 0x000000007FFE227D 000038 (v01 BOCHS  BXPC     00000001 BXPC 00000001)"}
- {"dt": "2023-12-05T11:20:53.369901", "lvl": "target", "msg": "<6>[    0.003395] ACPI: MCFG 0x000000007FFE22B5 00003C (v01 BOCHS  BXPC     00000001 BXPC 00000001)"}
- {"dt": "2023-12-05T11:20:53.370661", "lvl": "target", "msg": "<6>[    0.003397] ACPI: WAET 0x000000007FFE22F1 000028 (v01 BOCHS  BXPC     00000001 BXPC 00000001)"}
- {"dt": "2023-12-05T11:20:53.371312", "lvl": "target", "msg": "<6>[    0.003398] ACPI: Reserving FACP table memory at [mem 0x7ffe2109-0x7ffe21fc]"}
- {"dt": "2023-12-05T11:20:53.371953", "lvl": "target", "msg": "<6>[    0.003399] ACPI: Reserving DSDT table memory at [mem 0x7ffe0040-0x7ffe2108]"}
- {"dt": "2023-12-05T11:20:53.372694", "lvl": "target", "msg": "<6>[    0.003400] ACPI: Reserving FACS table memory at [mem 0x7ffe0000-0x7ffe003f]"}
- {"dt": "2023-12-05T11:20:53.373434", "lvl": "target", "msg": "<6>[    0.003401] ACPI: Reserving APIC table memory at [mem 0x7ffe21fd-0x7ffe227c]"}
- {"dt": "2023-12-05T11:20:53.374059", "lvl": "target", "msg": "<6>[    0.003401] ACPI: Reserving HPET table memory at [mem 0x7ffe227d-0x7ffe22b4]"}
- {"dt": "2023-12-05T11:20:53.374687", "lvl": "target", "msg": "<6>[    0.003402] ACPI: Reserving MCFG table memory at [mem 0x7ffe22b5-0x7ffe22f0]"}
- {"dt": "2023-12-05T11:20:53.375334", "lvl": "target", "msg": "<6>[    0.003402] ACPI: Reserving WAET table memory at [mem 0x7ffe22f1-0x7ffe2318]"}
- {"dt": "2023-12-05T11:20:53.375694", "lvl": "target", "msg": "<6>[    0.003579] No NUMA configuration found"}
- {"dt": "2023-12-05T11:20:53.376284", "lvl": "target", "msg": "<6>[    0.003580] Faking a node at [mem 0x0000000000000000-0x000000017fffffff]"}
- {"dt": "2023-12-05T11:20:53.376820", "lvl": "target", "msg": "<6>[    0.003582] NODE_DATA(0) allocated [mem 0x17fffa000-0x17fffdfff]"}
- {"dt": "2023-12-05T11:20:53.377057", "lvl": "target", "msg": "<6>[    0.003594] Zone ranges:"}
- {"dt": "2023-12-05T11:20:53.377611", "lvl": "target", "msg": "<6>[    0.003595]   DMA      [mem 0x0000000000001000-0x0000000000ffffff]"}
- {"dt": "2023-12-05T11:20:53.378164", "lvl": "target", "msg": "<6>[    0.003597]   DMA32    [mem 0x0000000001000000-0x00000000ffffffff]"}
- {"dt": "2023-12-05T11:20:53.378728", "lvl": "target", "msg": "<6>[    0.003598]   Normal   [mem 0x0000000100000000-0x000000017fffffff]"}
- {"dt": "2023-12-05T11:20:53.379137", "lvl": "target", "msg": "<6>[    0.003599] Movable zone start for each node"}
- {"dt": "2023-12-05T11:20:53.379469", "lvl": "target", "msg": "<6>[    0.003600] Early memory node ranges"}
- {"dt": "2023-12-05T11:20:53.380033", "lvl": "target", "msg": "<6>[    0.003600]   node   0: [mem 0x0000000000001000-0x000000000009efff]"}
- {"dt": "2023-12-05T11:20:53.380602", "lvl": "target", "msg": "<6>[    0.003601]   node   0: [mem 0x0000000000100000-0x000000007ffdefff]"}
- {"dt": "2023-12-05T11:20:53.381162", "lvl": "target", "msg": "<6>[    0.003602]   node   0: [mem 0x0000000100000000-0x000000017fffffff]"}
- {"dt": "2023-12-05T11:20:53.381772", "lvl": "target", "msg": "<6>[    0.003603] Initmem setup node 0 [mem 0x0000000000001000-0x000000017fffffff]"}
- {"dt": "2023-12-05T11:20:53.382291", "lvl": "target", "msg": "<6>[    0.003799] On node 0, zone DMA: 1 pages in unavailable ranges"}
- {"dt": "2023-12-05T11:20:53.382813", "lvl": "target", "msg": "<6>[    0.003810] On node 0, zone DMA: 97 pages in unavailable ranges"}
- {"dt": "2023-12-05T11:20:53.383371", "lvl": "target", "msg": "<6>[    0.012649] On node 0, zone Normal: 33 pages in unavailable ranges"}
- {"dt": "2023-12-05T11:20:53.383734", "lvl": "target", "msg": "<6>[    0.012834] ACPI: PM-Timer IO Port: 0x608"}
- {"dt": "2023-12-05T11:20:53.384253", "lvl": "target", "msg": "<6>[    0.012839] ACPI: LAPIC_NMI (acpi_id[0xff] dfl dfl lint[0x1])"}
- {"dt": "2023-12-05T11:20:53.384878", "lvl": "target", "msg": "<6>[    0.012862] IOAPIC[0]: apic_id 0, version 17, address 0xfec00000, GSI 0-23"}
- {"dt": "2023-12-05T11:20:53.385448", "lvl": "target", "msg": "<6>[    0.012864] ACPI: INT_SRC_OVR (bus 0 bus_irq 0 global_irq 2 dfl dfl)"}
- {"dt": "2023-12-05T11:20:53.386027", "lvl": "target", "msg": "<6>[    0.012866] ACPI: INT_SRC_OVR (bus 0 bus_irq 5 global_irq 5 high level)"}
- {"dt": "2023-12-05T11:20:53.386600", "lvl": "target", "msg": "<6>[    0.012867] ACPI: INT_SRC_OVR (bus 0 bus_irq 9 global_irq 9 high level)"}
- {"dt": "2023-12-05T11:20:53.387226", "lvl": "target", "msg": "<6>[    0.012868] ACPI: INT_SRC_OVR (bus 0 bus_irq 10 global_irq 10 high level)"}
- {"dt": "2023-12-05T11:20:53.387824", "lvl": "target", "msg": "<6>[    0.012868] ACPI: INT_SRC_OVR (bus 0 bus_irq 11 global_irq 11 high level)"}
- {"dt": "2023-12-05T11:20:53.388420", "lvl": "target", "msg": "<6>[    0.012871] ACPI: Using ACPI (MADT) for SMP configuration information"}
- {"dt": "2023-12-05T11:20:53.388883", "lvl": "target", "msg": "<6>[    0.012872] ACPI: HPET id: 0x8086a201 base: 0xfed00000"}
- {"dt": "2023-12-05T11:20:53.389245", "lvl": "target", "msg": "<6>[    0.012876] TSC deadline timer available"}
- {"dt": "2023-12-05T11:20:53.389690", "lvl": "target", "msg": "<6>[    0.012877] smpboot: Allowing 2 CPUs, 0 hotplug CPUs"}
- {"dt": "2023-12-05T11:20:53.390328", "lvl": "target", "msg": "<6>[    0.012891] kvm-guest: APIC: eoi() replaced with kvm_guest_apic_eoi_write()"}
- {"dt": "2023-12-05T11:20:53.390777", "lvl": "target", "msg": "<6>[    0.012903] kvm-guest: KVM setup pv remote TLB flush"}
- {"dt": "2023-12-05T11:20:53.391185", "lvl": "target", "msg": "<6>[    0.012905] kvm-guest: setup PV sched yield"}
- {"dt": "2023-12-05T11:20:53.391854", "lvl": "target", "msg": "<6>[    0.012915] PM: hibernation: Registered nosave memory: [mem 0x00000000-0x00000fff]"}
- {"dt": "2023-12-05T11:20:53.392524", "lvl": "target", "msg": "<6>[    0.012917] PM: hibernation: Registered nosave memory: [mem 0x0009f000-0x0009ffff]"}
- {"dt": "2023-12-05T11:20:53.393206", "lvl": "target", "msg": "<6>[    0.012917] PM: hibernation: Registered nosave memory: [mem 0x000a0000-0x000effff]"}
- {"dt": "2023-12-05T11:20:53.393869", "lvl": "target", "msg": "<6>[    0.012918] PM: hibernation: Registered nosave memory: [mem 0x000f0000-0x000fffff]"}
- {"dt": "2023-12-05T11:20:53.394534", "lvl": "target", "msg": "<6>[    0.012919] PM: hibernation: Registered nosave memory: [mem 0x7ffdf000-0x7fffffff]"}
- {"dt": "2023-12-05T11:20:53.395208", "lvl": "target", "msg": "<6>[    0.012920] PM: hibernation: Registered nosave memory: [mem 0x80000000-0xafffffff]"}
- {"dt": "2023-12-05T11:20:53.395877", "lvl": "target", "msg": "<6>[    0.012920] PM: hibernation: Registered nosave memory: [mem 0xb0000000-0xbfffffff]"}
- {"dt": "2023-12-05T11:20:53.396554", "lvl": "target", "msg": "<6>[    0.012921] PM: hibernation: Registered nosave memory: [mem 0xc0000000-0xfed1bfff]"}
- {"dt": "2023-12-05T11:20:53.397227", "lvl": "target", "msg": "<6>[    0.012921] PM: hibernation: Registered nosave memory: [mem 0xfed1c000-0xfed1ffff]"}
- {"dt": "2023-12-05T11:20:53.397923", "lvl": "target", "msg": "<6>[    0.012922] PM: hibernation: Registered nosave memory: [mem 0xfed20000-0xfeffbfff]"}
- {"dt": "2023-12-05T11:20:53.398605", "lvl": "target", "msg": "<6>[    0.012922] PM: hibernation: Registered nosave memory: [mem 0xfeffc000-0xfeffffff]"}
- {"dt": "2023-12-05T11:20:53.399302", "lvl": "target", "msg": "<6>[    0.012923] PM: hibernation: Registered nosave memory: [mem 0xff000000-0xfffbffff]"}
- {"dt": "2023-12-05T11:20:53.399995", "lvl": "target", "msg": "<6>[    0.012923] PM: hibernation: Registered nosave memory: [mem 0xfffc0000-0xffffffff]"}
- {"dt": "2023-12-05T11:20:53.400543", "lvl": "target", "msg": "<6>[    0.012925] [mem 0xc0000000-0xfed1bfff] available for PCI devices"}
- {"dt": "2023-12-05T11:20:53.400966", "lvl": "target", "msg": "<6>[    0.012926] Booting paravirtualized kernel on KVM"}
- {"dt": "2023-12-05T11:20:53.401883", "lvl": "target", "msg": "<6>[    0.012928] clocksource: refined-jiffies: mask: 0xffffffff max_cycles: 0xffffffff, max_idle_ns: 1910969940391419 ns"}
- {"dt": "2023-12-05T11:20:53.402556", "lvl": "target", "msg": "<6>[    0.012932] setup_percpu: NR_CPUS:64 nr_cpumask_bits:2 nr_cpu_ids:2 nr_node_ids:1"}
- {"dt": "2023-12-05T11:20:53.403174", "lvl": "target", "msg": "<6>[    0.013251] percpu: Embedded 55 pages/cpu s184680 r8192 d32408 u1048576"}
- {"dt": "2023-12-05T11:20:53.403858", "lvl": "target", "msg": "<7>[    0.013255] pcpu-alloc: s184680 r8192 d32408 u1048576 alloc=1*2097152"}
- {"dt": "2023-12-05T11:20:53.404244", "lvl": "target", "msg": "<7>[    0.013257] pcpu-alloc: [0] 0 1 "}
- {"dt": "2023-12-05T11:20:53.405749", "lvl": "target", "msg": "<5>[    0.013287] Kernel command line: console=ttyS0,115200 rootwait root=/dev/sda debug verbose console_msg_format=syslog systemd.log_level=warning rw systemd.unified_cgroup_hierarchy=0 earlycon"}
- {"dt": "2023-12-05T11:20:53.406516", "lvl": "target", "msg": "<5>[    0.013352] Unknown kernel command line parameters \\\"verbose\\\", will be passed to user space."}
- {"dt": "2023-12-05T11:20:53.406851", "lvl": "target", "msg": "<5>[    0.013378] random: crng init done"}
- {"dt": "2023-12-05T11:20:53.407569", "lvl": "target", "msg": "<6>[    0.013981] Dentry cache hash table entries: 524288 (order: 10, 4194304 bytes, linear)"}
- {"dt": "2023-12-05T11:20:53.408271", "lvl": "target", "msg": "<6>[    0.014281] Inode-cache hash table entries: 262144 (order: 9, 2097152 bytes, linear)"}
- {"dt": "2023-12-05T11:20:53.408665", "lvl": "target", "msg": "<6>[    0.014302] Fallback order for Node 0: 0 "}
- {"dt": "2023-12-05T11:20:53.409475", "lvl": "target", "msg": "<6>[    0.014304] Built 1 zonelists, mobility grouping on.  Total pages: 1031903"}
- {"dt": "2023-12-05T11:20:53.409841", "lvl": "target", "msg": "<6>[    0.014305] Policy zone: Normal"}
- {"dt": "2023-12-05T11:20:53.410478", "lvl": "target", "msg": "<6>[    0.014621] mem auto-init: stack:all(zero), heap alloc:off, heap free:off"}
- {"dt": "2023-12-05T11:20:53.411131", "lvl": "target", "msg": "<6>[    0.014622] stackdepot: allocating hash table via alloc_large_system_hash"}
- {"dt": "2023-12-05T11:20:53.411853", "lvl": "target", "msg": "<6>[    0.014624] stackdepot hash table entries: 262144 (order: 10, 4194304 bytes, linear)"}
- {"dt": "2023-12-05T11:20:53.412244", "lvl": "target", "msg": "<6>[    0.015186] software IO TLB: area num 2."}
- {"dt": "2023-12-05T11:20:53.413459", "lvl": "target", "msg": "<6>[    0.038740] Memory: 4002816K/4193780K available (22528K kernel code, 3237K rwdata, 8248K rodata, 3840K init, 5012K bss, 190704K reserved, 0K cma-reserved)"}
- {"dt": "2023-12-05T11:20:53.414063", "lvl": "target", "msg": "<6>[    0.038799] SLUB: HWalign=64, Order=0-3, MinObjects=0, CPUs=2, Nodes=1"}
- {"dt": "2023-12-05T11:20:53.414674", "lvl": "target", "msg": "<6>[    0.038838] ftrace: allocating 60718 entries in 238 pages"}
- {"dt": "2023-12-05T11:20:53.415157", "lvl": "target", "msg": "<6>[    0.047689] ftrace: allocated 238 pages with 6 groups"}
- {"dt": "2023-12-05T11:20:53.415502", "lvl": "target", "msg": "<6>[    0.048622] Dynamic Preempt: voluntary"}
- {"dt": "2023-12-05T11:20:53.416027", "lvl": "target", "msg": "<6>[    0.048906] rcu: Preemptible hierarchical RCU implementation."}
- {"dt": "2023-12-05T11:20:53.416456", "lvl": "target", "msg": "<6>[    0.048907] rcu: \tRCU event tracing is enabled."}
- {"dt": "2023-12-05T11:20:53.417060", "lvl": "target", "msg": "<6>[    0.048907] rcu: \tRCU restricting CPUs from NR_CPUS=64 to nr_cpu_ids=2."}
- {"dt": "2023-12-05T11:20:53.417545", "lvl": "target", "msg": "<6>[    0.048908] \tTrampoline variant of Tasks RCU enabled."}
- {"dt": "2023-12-05T11:20:53.417959", "lvl": "target", "msg": "<6>[    0.048908] \tRude variant of Tasks RCU enabled."}
- {"dt": "2023-12-05T11:20:53.418650", "lvl": "target", "msg": "<6>[    0.048909] rcu: RCU calculated value of scheduler-enlistment delay is 100 jiffies."}
- {"dt": "2023-12-05T11:20:53.419292", "lvl": "target", "msg": "<6>[    0.048910] rcu: Adjusting geometry for rcu_fanout_leaf=16, nr_cpu_ids=2"}
- {"dt": "2023-12-05T11:20:53.419817", "lvl": "target", "msg": "<6>[    0.056387] NR_IRQS: 4352, nr_irqs: 440, preallocated irqs: 16"}
- {"dt": "2023-12-05T11:20:53.420418", "lvl": "target", "msg": "<6>[    0.056645] rcu: srcu_init: Setting srcu_struct sizes based on contention."}
- {"dt": "2023-12-05T11:20:53.421319", "lvl": "target", "msg": "<6>[    0.056721] kfence: initialized - using 2097152 bytes for 255 objects at 0x(____ptrval____)-0x(____ptrval____)"}
- {"dt": "2023-12-05T11:20:53.421664", "lvl": "target", "msg": "<6>[    0.060962] Console: colour VGA+ 80x25"}
- {"dt": "2023-12-05T11:20:53.422101", "lvl": "target", "msg": "<6>[    0.060993] printk: legacy console [ttyS0] enabled"}
- {"dt": "2023-12-05T11:20:53.422523", "lvl": "target", "msg": "<6>[    0.138399] ACPI: Core revision 20230628"}
- {"dt": "2023-12-05T11:20:53.423500", "lvl": "target", "msg": "<6>[    0.138916] clocksource: hpet: mask: 0xffffffff max_cycles: 0xffffffff, max_idle_ns: 19112604467 ns"}
- {"dt": "2023-12-05T11:20:53.424043", "lvl": "target", "msg": "<6>[    0.139818] APIC: Switch to symmetric I/O mode setup"}
- {"dt": "2023-12-05T11:20:53.424816", "lvl": "target", "msg": "<6>[    0.140284] kvm-guest: APIC: send_IPI_mask() replaced with kvm_send_ipi_mask()"}
- {"dt": "2023-12-05T11:20:53.425547", "lvl": "target", "msg": "<6>[    0.140963] kvm-guest: APIC: send_IPI_mask_allbutself() replaced with kvm_send_ipi_mask_allbutself()"}
- {"dt": "2023-12-05T11:20:53.425880", "lvl": "target", "msg": "<6>[    0.141788] kvm-guest: setup PV IPIs"}
- {"dt": "2023-12-05T11:20:53.427362", "lvl": "target", "msg": "<6>[    0.143052] ..TIMER: vector=0x30 apic1=0 pin1=2 apic2=-1 pin2=-1"}
- {"dt": "2023-12-05T11:20:53.427924", "lvl": "target", "msg": "<6>[    0.143614] tsc: Marking TSC unstable due to TSCs unsynchronized"}
- {"dt": "2023-12-05T11:20:53.428819", "lvl": "target", "msg": "<6>[    0.144176] Calibrating delay loop (skipped) preset value.. 7186.49 BogoMIPS (lpj=3593246)"}
- {"dt": "2023-12-05T11:20:53.429324", "lvl": "target", "msg": "<6>[    0.145227] x86/cpu: User Mode Instruction Prevention (UMIP) activated"}
- {"dt": "2023-12-05T11:20:53.429941", "lvl": "target", "msg": "<6>[    0.145871] Last level iTLB entries: 4KB 512, 2MB 255, 4MB 127"}
- {"dt": "2023-12-05T11:20:53.430490", "lvl": "target", "msg": "<6>[    0.146173] Last level dTLB entries: 4KB 512, 2MB 255, 4MB 127, 1GB 0"}
- {"dt": "2023-12-05T11:20:53.431381", "lvl": "target", "msg": "<6>[    0.146724] Spectre V1 : Mitigation: usercopy/swapgs barriers and __user pointer sanitization"}
- {"dt": "2023-12-05T11:20:53.431799", "lvl": "target", "msg": "<6>[    0.147174] Spectre V2 : Mitigation: Retpolines"}
- {"dt": "2023-12-05T11:20:53.432426", "lvl": "target", "msg": "<6>[    0.148173] Spectre V2 : Spectre v2 / SpectreRSB mitigation: Filling RSB on context switch"}
- {"dt": "2023-12-05T11:20:53.433021", "lvl": "target", "msg": "<6>[    0.148889] Spectre V2 : Spectre v2 / SpectreRSB : Filling RSB on VMEXIT"}
- {"dt": "2023-12-05T11:20:53.433804", "lvl": "target", "msg": "<6>[    0.149173] Spectre V2 : Enabling Speculation Barrier for firmware calls"}
- {"dt": "2023-12-05T11:20:53.434130", "lvl": "target", "msg": "<6>[    0.150173] RETBleed: Mitigation: untrained return thunk"}
- {"dt": "2023-12-05T11:20:53.434867", "lvl": "target", "msg": "<6>[    0.150655] Spectre V2 : mitigation: Enabling conditional Indirect Branch Prediction Barrier"}
- {"dt": "2023-12-05T11:20:53.435830", "lvl": "target", "msg": "<6>[    0.151174] Speculative Store Bypass: Mitigation: Speculative Store Bypass disabled via prctl"}
- {"dt": "2023-12-05T11:20:53.436294", "lvl": "target", "msg": "<4>[    0.152173] Speculative Return Stack Overflow: IBPB-extending microcode not applied!"}
- {"dt": "2023-12-05T11:20:53.437442", "lvl": "target", "msg": "<4>[    0.152830] Speculative Return Stack Overflow: WARNING: See https://kernel.org/doc/html/latest/admin-guide/hw-vuln/srso.html for mitigation options."}
- {"dt": "2023-12-05T11:20:53.437829", "lvl": "debug", "msg": "Matched prompt #6: WARNING:"}
- {"dt": "2023-12-05T11:20:53.437950", "lvl": "debug", "msg": "Setting prompt string to ['end trace[^\\\\r]*\\\\r', 'root@(.*):[/~]#', 'login:', 'Login incorrect']"}
- {"dt": "2023-12-05T11:20:53.438261", "lvl": "target", "msg": "<6>[    0.152831] Speculative Return Stack Overflow: Vulnerable: Safe RET, no microcode"}
- {"dt": "2023-12-05T11:20:53.438813", "lvl": "target", "msg": "<6>[    0.154183] x86/fpu: Supporting XSAVE feature 0x001: 'x87 floating point registers'"}
- {"dt": "2023-12-05T11:20:53.439392", "lvl": "target", "msg": "<6>[    0.155173] x86/fpu: Supporting XSAVE feature 0x002: 'SSE registers'"}
- {"dt": "2023-12-05T11:20:53.439954", "lvl": "target", "msg": "<6>[    0.155751] x86/fpu: Supporting XSAVE feature 0x004: 'AVX registers'"}
- {"dt": "2023-12-05T11:20:53.440499", "lvl": "target", "msg": "<6>[    0.156173] x86/fpu: xstate_offset[2]:  576, xstate_sizes[2]:  256"}
- {"dt": "2023-12-05T11:20:53.441341", "lvl": "target", "msg": "<6>[    0.156712] x86/fpu: Enabled xstate features 0x7, context size is 832 bytes, using 'compacted' format."}
- {"dt": "2023-12-05T11:20:53.470119", "lvl": "target", "msg": "<6>[    0.186028] Freeing SMP alternatives memory: 52K"}
- {"dt": "2023-12-05T11:20:53.470504", "lvl": "target", "msg": "<6>[    0.186175] pid_max: default: 32768 minimum: 301"}
- {"dt": "2023-12-05T11:20:53.471324", "lvl": "target", "msg": "<6>[    0.187290] LSM: initializing lsm=capability,selinux,integrity"}
- {"dt": "2023-12-05T11:20:53.471892", "lvl": "target", "msg": "<6>[    0.187961] SELinux:  Initializing."}
- {"dt": "2023-12-05T11:20:53.472872", "lvl": "target", "msg": "<6>[    0.188383] Mount-cache hash table entries: 8192 (order: 4, 65536 bytes, linear)"}
- {"dt": "2023-12-05T11:20:53.473811", "lvl": "target", "msg": "<6>[    0.189184] Mountpoint-cache hash table entries: 8192 (order: 4, 65536 bytes, linear)"}
- {"dt": "2023-12-05T11:20:53.475845", "lvl": "target", "msg": "<6>[    0.191516] smpboot: CPU0: AMD Ryzen 7 3700X 8-Core Processor (family: 0x17, model: 0x71, stepping: 0x0)"}
- {"dt": "2023-12-05T11:20:53.477020", "lvl": "target", "msg": "<6>[    0.192640] RCU Tasks: Setting shift to 1 and lim to 1 rcu_task_cb_adjust=1."}
- {"dt": "2023-12-05T11:20:53.477754", "lvl": "target", "msg": "<6>[    0.193260] RCU Tasks Rude: Setting shift to 1 and lim to 1 rcu_task_cb_adjust=1."}
- {"dt": "2023-12-05T11:20:53.478431", "lvl": "target", "msg": "<6>[    0.193960] Performance Events: Fam17h+ core perfctr, AMD PMU driver."}
- {"dt": "2023-12-05T11:20:53.478802", "lvl": "target", "msg": "<6>[    0.194178] ... version:                0"}
- {"dt": "2023-12-05T11:20:53.479183", "lvl": "target", "msg": "<6>[    0.194540] ... bit width:              48"}
- {"dt": "2023-12-05T11:20:53.479557", "lvl": "target", "msg": "<6>[    0.194914] ... generic registers:      6"}
- {"dt": "2023-12-05T11:20:53.480041", "lvl": "target", "msg": "<6>[    0.195175] ... value mask:             0000ffffffffffff"}
- {"dt": "2023-12-05T11:20:53.480533", "lvl": "target", "msg": "<6>[    0.195654] ... max period:             00007fffffffffff"}
- {"dt": "2023-12-05T11:20:53.480898", "lvl": "target", "msg": "<6>[    0.196145] ... fixed-purpose events:   0"}
- {"dt": "2023-12-05T11:20:53.481439", "lvl": "target", "msg": "<6>[    0.196174] ... event mask:             000000000000003f"}
- {"dt": "2023-12-05T11:20:53.482094", "lvl": "target", "msg": "<6>[    0.196817] signal: max sigframe size: 1776"}
- {"dt": "2023-12-05T11:20:53.482410", "lvl": "target", "msg": "<6>[    0.197252] rcu: Hierarchical SRCU implementation."}
- {"dt": "2023-12-05T11:20:53.482867", "lvl": "target", "msg": "<6>[    0.197661] rcu: \tMax phase no-delay instances is 400."}
- {"dt": "2023-12-05T11:20:53.491533", "lvl": "target", "msg": "<6>[    0.206343] smp: Bringing up secondary CPUs ..."}
- {"dt": "2023-12-05T11:20:53.492297", "lvl": "target", "msg": "<6>[    0.207067] smpboot: x86: Booting SMP configuration:"}
- {"dt": "2023-12-05T11:20:53.493254", "lvl": "target", "msg": "<6>[    0.207176] .... node  #0, CPUs:      #1"}
- {"dt": "2023-12-05T11:20:53.493620", "lvl": "target", "msg": "<6>[    0.207279] smp: Brought up 1 node, 2 CPUs"}
- {"dt": "2023-12-05T11:20:53.494009", "lvl": "target", "msg": "<6>[    0.208176] smpboot: Max logical packages: 1"}
- {"dt": "2023-12-05T11:20:53.494606", "lvl": "target", "msg": "<6>[    0.208558] smpboot: Total of 2 processors activated (14372.98 BogoMIPS)"}
- {"dt": "2023-12-05T11:20:53.496103", "lvl": "target", "msg": "<6>[    0.210189] devtmpfs: initialized"}
- {"dt": "2023-12-05T11:20:53.498317", "lvl": "target", "msg": "<6>[    0.211743] clocksource: jiffies: mask: 0xffffffff max_cycles: 0xffffffff, max_idle_ns: 1911260446275000 ns"}
- {"dt": "2023-12-05T11:20:53.498932", "lvl": "target", "msg": "<6>[    0.212191] futex hash table entries: 512 (order: 3, 32768 bytes, linear)"}
- {"dt": "2023-12-05T11:20:53.499668", "lvl": "target", "msg": "<6>[    0.213057] PM: RTC time: 11:20:53, date: 2023-12-05"}
- {"dt": "2023-12-05T11:20:53.500529", "lvl": "target", "msg": "<6>[    0.213500] NET: Registered PF_NETLINK/PF_ROUTE protocol family"}
- {"dt": "2023-12-05T11:20:53.501671", "lvl": "target", "msg": "<6>[    0.214674] audit: initializing netlink subsys (disabled)"}
- {"dt": "2023-12-05T11:20:53.503386", "lvl": "target", "msg": "<5>[    0.215239] audit: type=2000 audit(1701775253.415:1): state=initialized audit_enabled=0 res=1"}
- {"dt": "2023-12-05T11:20:53.503895", "lvl": "target", "msg": "<6>[    0.215624] thermal_sys: Registered thermal governor 'step_wise'"}
- {"dt": "2023-12-05T11:20:53.504465", "lvl": "target", "msg": "<6>[    0.216178] thermal_sys: Registered thermal governor 'user_space'"}
- {"dt": "2023-12-05T11:20:53.504829", "lvl": "target", "msg": "<6>[    0.216717] cpuidle: using governor menu"}
- {"dt": "2023-12-05T11:20:53.506508", "lvl": "target", "msg": "<6>[    0.218387] PCI: MMCONFIG for domain 0000 [bus 00-ff] at [mem 0xb0000000-0xbfffffff] (base 0xb0000000)"}
- {"dt": "2023-12-05T11:20:53.507205", "lvl": "target", "msg": "<6>[    0.219182] PCI: MMCONFIG at [mem 0xb0000000-0xbfffffff] reserved as E820 entry"}
- {"dt": "2023-12-05T11:20:53.507635", "lvl": "target", "msg": "<6>[    0.219835] PCI: Using configuration type 1 for base access"}
- {"dt": "2023-12-05T11:20:53.508736", "lvl": "target", "msg": "<6>[    0.220546] kprobes: kprobe jump-optimization is enabled. All kprobes are optimized if possible."}
- {"dt": "2023-12-05T11:20:53.534121", "lvl": "target", "msg": "<6>[    0.245908] HugeTLB: registered 2.00 MiB page size, pre-allocated 0 pages"}
- {"dt": "2023-12-05T11:20:53.534654", "lvl": "target", "msg": "<6>[    0.246176] HugeTLB: 28 KiB vmemmap can be freed for a 2.00 MiB page"}
- {"dt": "2023-12-05T11:20:53.535946", "lvl": "target", "msg": "<6>[    0.247592] cryptd: max_cpu_qlen set to 1000"}
- {"dt": "2023-12-05T11:20:53.536966", "lvl": "target", "msg": "<6>[    0.248640] ACPI: Added _OSI(Module Device)"}
- {"dt": "2023-12-05T11:20:53.537357", "lvl": "target", "msg": "<6>[    0.249002] ACPI: Added _OSI(Processor Device)"}
- {"dt": "2023-12-05T11:20:53.537778", "lvl": "target", "msg": "<6>[    0.249178] ACPI: Added _OSI(3.0 _SCP Extensions)"}
- {"dt": "2023-12-05T11:20:53.538244", "lvl": "target", "msg": "<6>[    0.249591] ACPI: Added _OSI(Processor Aggregator Device)"}
- {"dt": "2023-12-05T11:20:53.557869", "lvl": "target", "msg": "<6>[    0.269093] ACPI: 1 ACPI AML tables successfully acquired and loaded"}
- {"dt": "2023-12-05T11:20:53.563999", "lvl": "target", "msg": "<6>[    0.274368] ACPI: _OSC evaluation for CPUs failed, trying _PDC"}
- {"dt": "2023-12-05T11:20:53.565674", "lvl": "target", "msg": "<6>[    0.276531] ACPI: Interpreter enabled"}
- {"dt": "2023-12-05T11:20:53.566111", "lvl": "target", "msg": "<6>[    0.276903] ACPI: PM: (supports S0 S3 S4 S5)"}
- {"dt": "2023-12-05T11:20:53.566546", "lvl": "target", "msg": "<6>[    0.277176] ACPI: Using IOAPIC for interrupt routing"}
- {"dt": "2023-12-05T11:20:53.567410", "lvl": "target", "msg": "<6>[    0.277722] PCI: Using host bridge windows from ACPI; if necessary, use \\\"pci=nocrs\\\" and report a bug"}
- {"dt": "2023-12-05T11:20:53.567931", "lvl": "target", "msg": "<6>[    0.278175] PCI: Using E820 reservations for host bridge windows"}
- {"dt": "2023-12-05T11:20:53.569124", "lvl": "target", "msg": "<6>[    0.279432] ACPI: Enabled 2 GPEs in block 00 to 3F"}
- {"dt": "2023-12-05T11:20:53.588508", "lvl": "target", "msg": "<6>[    0.298430] ACPI: PCI Root Bridge [PCI0] (domain 0000 [bus 00-ff])"}
- {"dt": "2023-12-05T11:20:53.589525", "lvl": "target", "msg": "<6>[    0.299152] acpi PNP0A08:00: _OSC: OS supports [ExtendedConfig ASPM ClockPM Segments MSI HPX-Type3]"}
- {"dt": "2023-12-05T11:20:53.590952", "lvl": "target", "msg": "<6>[    0.299884] acpi PNP0A08:00: _OSC: platform does not support [LTR]"}
- {"dt": "2023-12-05T11:20:53.593052", "lvl": "target", "msg": "<6>[    0.301378] acpi PNP0A08:00: _OSC: OS now controls [PME PCIeCapability]"}
- {"dt": "2023-12-05T11:20:53.593855", "lvl": "target", "msg": "<6>[    0.302581] PCI host bridge to bus 0000:00"}
- {"dt": "2023-12-05T11:20:53.594756", "lvl": "target", "msg": "<6>[    0.303072] pci_bus 0000:00: root bus resource [io  0x0000-0x0cf7 window]"}
- {"dt": "2023-12-05T11:20:53.595504", "lvl": "target", "msg": "<6>[    0.303247] pci_bus 0000:00: root bus resource [io  0x0d00-0xffff window]"}
- {"dt": "2023-12-05T11:20:53.596396", "lvl": "target", "msg": "<6>[    0.304046] pci_bus 0000:00: root bus resource [mem 0x000a0000-0x000bffff window]"}
- {"dt": "2023-12-05T11:20:53.597329", "lvl": "target", "msg": "<6>[    0.304233] pci_bus 0000:00: root bus resource [mem 0x80000000-0xafffffff window]"}
- {"dt": "2023-12-05T11:20:53.598237", "lvl": "target", "msg": "<6>[    0.305112] pci_bus 0000:00: root bus resource [mem 0xc0000000-0xfebfffff window]"}
- {"dt": "2023-12-05T11:20:53.599136", "lvl": "target", "msg": "<6>[    0.305180] pci_bus 0000:00: root bus resource [mem 0x180000000-0x97fffffff window]"}
- {"dt": "2023-12-05T11:20:53.599880", "lvl": "target", "msg": "<6>[    0.306102] pci_bus 0000:00: root bus resource [bus 00-ff]"}
- {"dt": "2023-12-05T11:20:53.600849", "lvl": "target", "msg": "<6>[    0.306408] pci 0000:00:00.0: [8086:29c0] type 00 class 0x060000"}
- {"dt": "2023-12-05T11:20:53.602357", "lvl": "target", "msg": "<6>[    0.308005] pci 0000:00:01.0: [1234:1111] type 00 class 0x030000"}
- {"dt": "2023-12-05T11:20:53.604327", "lvl": "target", "msg": "<6>[    0.309179] pci 0000:00:01.0: reg 0x10: [mem 0xfd000000-0xfdffffff pref]"}
- {"dt": "2023-12-05T11:20:53.606922", "lvl": "target", "msg": "<6>[    0.311179] pci 0000:00:01.0: reg 0x18: [mem 0xfebf0000-0xfebf0fff]"}
- {"dt": "2023-12-05T11:20:53.611411", "lvl": "target", "msg": "<6>[    0.314462] pci 0000:00:01.0: reg 0x30: [mem 0xfebe0000-0xfebeffff pref]"}
- {"dt": "2023-12-05T11:20:53.612103", "lvl": "target", "msg": "<6>[    0.315233] pci 0000:00:01.0: Video device with shadowed ROM at [mem 0x000c0000-0x000dffff]"}
- {"dt": "2023-12-05T11:20:53.613325", "lvl": "target", "msg": "<6>[    0.316664] pci 0000:00:1f.0: [8086:2918] type 00 class 0x060100"}
- {"dt": "2023-12-05T11:20:53.614315", "lvl": "target", "msg": "<6>[    0.317450] pci 0000:00:1f.0: quirk: [io  0x0600-0x067f] claimed by ICH6 ACPI/GPIO/TCO"}
- {"dt": "2023-12-05T11:20:53.615448", "lvl": "target", "msg": "<6>[    0.318703] pci 0000:00:1f.2: [8086:2922] type 00 class 0x010601"}
- {"dt": "2023-12-05T11:20:53.617577", "lvl": "target", "msg": "<6>[    0.320677] pci 0000:00:1f.2: reg 0x20: [io  0xc040-0xc05f]"}
- {"dt": "2023-12-05T11:20:53.618673", "lvl": "target", "msg": "<6>[    0.321524] pci 0000:00:1f.2: reg 0x24: [mem 0xfebf1000-0xfebf1fff]"}
- {"dt": "2023-12-05T11:20:53.620293", "lvl": "target", "msg": "<6>[    0.323227] pci 0000:00:1f.3: [8086:2930] type 00 class 0x0c0500"}
- {"dt": "2023-12-05T11:20:53.622651", "lvl": "target", "msg": "<6>[    0.325445] pci 0000:00:1f.3: reg 0x20: [io  0x0700-0x073f]"}
- {"dt": "2023-12-05T11:20:53.625436", "lvl": "target", "msg": "<6>[    0.328076] ACPI: PCI: Interrupt link LNKA configured for IRQ 10"}
- {"dt": "2023-12-05T11:20:53.626620", "lvl": "target", "msg": "<6>[    0.328785] ACPI: PCI: Interrupt link LNKB configured for IRQ 10"}
- {"dt": "2023-12-05T11:20:53.627762", "lvl": "target", "msg": "<6>[    0.329766] ACPI: PCI: Interrupt link LNKC configured for IRQ 11"}
- {"dt": "2023-12-05T11:20:53.629089", "lvl": "target", "msg": "<6>[    0.330729] ACPI: PCI: Interrupt link LNKD configured for IRQ 11"}
- {"dt": "2023-12-05T11:20:53.630112", "lvl": "target", "msg": "<6>[    0.331728] ACPI: PCI: Interrupt link LNKE configured for IRQ 10"}
- {"dt": "2023-12-05T11:20:53.631306", "lvl": "target", "msg": "<6>[    0.332734] ACPI: PCI: Interrupt link LNKF configured for IRQ 10"}
- {"dt": "2023-12-05T11:20:53.632564", "lvl": "target", "msg": "<6>[    0.333729] ACPI: PCI: Interrupt link LNKG configured for IRQ 11"}
- {"dt": "2023-12-05T11:20:53.633556", "lvl": "target", "msg": "<6>[    0.334724] ACPI: PCI: Interrupt link LNKH configured for IRQ 11"}
- {"dt": "2023-12-05T11:20:53.634465", "lvl": "target", "msg": "<6>[    0.335340] ACPI: PCI: Interrupt link GSIA configured for IRQ 16"}
- {"dt": "2023-12-05T11:20:53.635166", "lvl": "target", "msg": "<6>[    0.336052] ACPI: PCI: Interrupt link GSIB configured for IRQ 17"}
- {"dt": "2023-12-05T11:20:53.635904", "lvl": "target", "msg": "<6>[    0.336272] ACPI: PCI: Interrupt link GSIC configured for IRQ 18"}
- {"dt": "2023-12-05T11:20:53.636713", "lvl": "target", "msg": "<6>[    0.337020] ACPI: PCI: Interrupt link GSID configured for IRQ 19"}
- {"dt": "2023-12-05T11:20:53.637301", "lvl": "target", "msg": "<6>[    0.337255] ACPI: PCI: Interrupt link GSIE configured for IRQ 20"}
- {"dt": "2023-12-05T11:20:53.637970", "lvl": "target", "msg": "<6>[    0.337966] ACPI: PCI: Interrupt link GSIF configured for IRQ 21"}
- {"dt": "2023-12-05T11:20:53.638820", "lvl": "target", "msg": "<6>[    0.338276] ACPI: PCI: Interrupt link GSIG configured for IRQ 22"}
- {"dt": "2023-12-05T11:20:53.639479", "lvl": "target", "msg": "<6>[    0.338985] ACPI: PCI: Interrupt link GSIH configured for IRQ 23"}
- {"dt": "2023-12-05T11:20:53.641542", "lvl": "target", "msg": "<6>[    0.340781] iommu: Default domain type: Translated"}
- {"dt": "2023-12-05T11:20:53.642245", "lvl": "target", "msg": "<6>[    0.341195] iommu: DMA domain TLB invalidation policy: lazy mode"}
- {"dt": "2023-12-05T11:20:53.643242", "lvl": "target", "msg": "<5>[    0.342178] SCSI subsystem initialized"}
- {"dt": "2023-12-05T11:20:53.644025", "lvl": "target", "msg": "<7>[    0.342577] libata version 3.00 loaded."}
- {"dt": "2023-12-05T11:20:53.644617", "lvl": "target", "msg": "<6>[    0.343396] ACPI: bus type USB registered"}
- {"dt": "2023-12-05T11:20:53.645315", "lvl": "target", "msg": "<6>[    0.343928] usbcore: registered new interface driver usbfs"}
- {"dt": "2023-12-05T11:20:53.645980", "lvl": "target", "msg": "<6>[    0.344221] usbcore: registered new interface driver hub"}
- {"dt": "2023-12-05T11:20:53.646546", "lvl": "target", "msg": "<6>[    0.344856] usbcore: registered new device driver usb"}
- {"dt": "2023-12-05T11:20:53.647167", "lvl": "target", "msg": "<6>[    0.345265] mc: Linux media interface: v0.10"}
- {"dt": "2023-12-05T11:20:53.647799", "lvl": "target", "msg": "<6>[    0.345807] videodev: Linux video capture interface: v2.00"}
- {"dt": "2023-12-05T11:20:53.648367", "lvl": "target", "msg": "<6>[    0.346218] pps_core: LinuxPPS API ver. 1 registered"}
- {"dt": "2023-12-05T11:20:53.649225", "lvl": "target", "msg": "<6>[    0.346743] pps_core: Software ver. 5.3.6 - Copyright 2005-2007 Rodolfo Giometti <giometti@linux.it>"}
- {"dt": "2023-12-05T11:20:53.649799", "lvl": "target", "msg": "<6>[    0.347208] PTP clock support registered"}
- {"dt": "2023-12-05T11:20:53.650676", "lvl": "target", "msg": "<6>[    0.347750] Advanced Linux Sound Architecture Driver Initialized."}
- {"dt": "2023-12-05T11:20:53.651960", "lvl": "target", "msg": "<6>[    0.349050] NetLabel: Initializing"}
- {"dt": "2023-12-05T11:20:53.652349", "lvl": "target", "msg": "<6>[    0.349178] NetLabel:  domain hash size = 128"}
- {"dt": "2023-12-05T11:20:53.652828", "lvl": "target", "msg": "<6>[    0.349583] NetLabel:  protocols = UNLABELED CIPSOv4 CALIPSO"}
- {"dt": "2023-12-05T11:20:53.653452", "lvl": "target", "msg": "<6>[    0.350204] NetLabel:  unlabeled traffic allowed by default"}
- {"dt": "2023-12-05T11:20:53.654092", "lvl": "target", "msg": "<6>[    0.350835] PCI: Using ACPI for IRQ routing"}
- {"dt": "2023-12-05T11:20:53.687713", "lvl": "target", "msg": "<7>[    0.383833] PCI: pci_cache_line_size set to 64 bytes"}
- {"dt": "2023-12-05T11:20:53.688272", "lvl": "target", "msg": "<7>[    0.384226] e820: reserve RAM buffer [mem 0x0009fc00-0x0009ffff]"}
- {"dt": "2023-12-05T11:20:53.688837", "lvl": "target", "msg": "<7>[    0.384810] e820: reserve RAM buffer [mem 0x7ffdf000-0x7fffffff]"}
- {"dt": "2023-12-05T11:20:53.689625", "lvl": "target", "msg": "<6>[    0.385268] pci 0000:00:01.0: vgaarb: setting as boot VGA device"}
- {"dt": "2023-12-05T11:20:53.690157", "lvl": "target", "msg": "<6>[    0.385757] pci 0000:00:01.0: vgaarb: bridge control possible"}
- {"dt": "2023-12-05T11:20:53.690919", "lvl": "target", "msg": "<6>[    0.386172] pci 0000:00:01.0: vgaarb: VGA device added: decodes=io+mem,owns=io+mem,locks=none"}
- {"dt": "2023-12-05T11:20:53.691224", "lvl": "target", "msg": "<6>[    0.386182] vgaarb: loaded"}
- {"dt": "2023-12-05T11:20:53.691848", "lvl": "target", "msg": "<6>[    0.386622] hpet0: at MMIO 0xfed00000, IRQs 2, 8, 0"}
- {"dt": "2023-12-05T11:20:53.692413", "lvl": "target", "msg": "<6>[    0.387094] hpet0: 3 comparators, 64-bit 100.000000 MHz counter"}
- {"dt": "2023-12-05T11:20:53.698169", "lvl": "target", "msg": "<6>[    0.392286] clocksource: Switched to clocksource kvm-clock"}
- {"dt": "2023-12-05T11:20:53.716182", "lvl": "target", "msg": "<5>[    0.410260] VFS: Disk quotas dquot_6.6.0"}
- {"dt": "2023-12-05T11:20:53.716859", "lvl": "target", "msg": "<6>[    0.410729] VFS: Dquot-cache hash table entries: 512 (order 0, 4096 bytes)"}
- {"dt": "2023-12-05T11:20:53.717496", "lvl": "target", "msg": "<6>[    0.411713] pnp: PnP ACPI init"}
- {"dt": "2023-12-05T11:20:53.719212", "lvl": "target", "msg": "<6>[    0.413054] system 00:05: [mem 0xb0000000-0xbfffffff window] has been reserved"}
- {"dt": "2023-12-05T11:20:53.721298", "lvl": "target", "msg": "<6>[    0.415430] pnp: PnP ACPI: found 6 devices"}
- {"dt": "2023-12-05T11:20:53.736320", "lvl": "target", "msg": "<6>[    0.430023] clocksource: acpi_pm: mask: 0xffffff max_cycles: 0xffffff, max_idle_ns: 2085701024 ns"}
- {"dt": "2023-12-05T11:20:53.736896", "lvl": "target", "msg": "<6>[    0.430930] NET: Registered PF_INET protocol family"}
- {"dt": "2023-12-05T11:20:53.737677", "lvl": "target", "msg": "<6>[    0.431512] IP idents hash table entries: 65536 (order: 7, 524288 bytes, linear)"}
- {"dt": "2023-12-05T11:20:53.739501", "lvl": "target", "msg": "<6>[    0.433230] tcp_listen_portaddr_hash hash table entries: 2048 (order: 3, 32768 bytes, linear)"}
- {"dt": "2023-12-05T11:20:53.740241", "lvl": "target", "msg": "<6>[    0.434038] Table-perturb hash table entries: 65536 (order: 6, 262144 bytes, linear)"}
- {"dt": "2023-12-05T11:20:53.740971", "lvl": "target", "msg": "<6>[    0.434775] TCP established hash table entries: 32768 (order: 6, 262144 bytes, linear)"}
- {"dt": "2023-12-05T11:20:53.741882", "lvl": "target", "msg": "<6>[    0.435731] TCP bind hash table entries: 32768 (order: 8, 1048576 bytes, linear)"}
- {"dt": "2023-12-05T11:20:53.742514", "lvl": "target", "msg": "<6>[    0.436434] TCP: Hash tables configured (established 32768 bind 32768)"}
- {"dt": "2023-12-05T11:20:53.743339", "lvl": "target", "msg": "<6>[    0.437177] MPTCP token hash table entries: 4096 (order: 4, 98304 bytes, linear)"}
- {"dt": "2023-12-05T11:20:53.744007", "lvl": "target", "msg": "<6>[    0.437904] UDP hash table entries: 2048 (order: 4, 65536 bytes, linear)"}
- {"dt": "2023-12-05T11:20:53.744679", "lvl": "target", "msg": "<6>[    0.438540] UDP-Lite hash table entries: 2048 (order: 4, 65536 bytes, linear)"}
- {"dt": "2023-12-05T11:20:53.745347", "lvl": "target", "msg": "<6>[    0.439338] NET: Registered PF_UNIX/PF_LOCAL protocol family"}
- {"dt": "2023-12-05T11:20:53.746344", "lvl": "target", "msg": "<6>[    0.440322] RPC: Registered named UNIX socket transport module."}
- {"dt": "2023-12-05T11:20:53.746788", "lvl": "target", "msg": "<6>[    0.440865] RPC: Registered udp transport module."}
- {"dt": "2023-12-05T11:20:53.747248", "lvl": "target", "msg": "<6>[    0.441308] RPC: Registered tcp transport module."}
- {"dt": "2023-12-05T11:20:53.747755", "lvl": "target", "msg": "<6>[    0.441765] RPC: Registered tcp-with-tls transport module."}
- {"dt": "2023-12-05T11:20:53.748335", "lvl": "target", "msg": "<6>[    0.442271] RPC: Registered tcp NFSv4.1 backchannel transport module."}
- {"dt": "2023-12-05T11:20:53.749573", "lvl": "target", "msg": "<6>[    0.443537] pci_bus 0000:00: resource 4 [io  0x0000-0x0cf7 window]"}
- {"dt": "2023-12-05T11:20:53.750147", "lvl": "target", "msg": "<6>[    0.444092] pci_bus 0000:00: resource 5 [io  0x0d00-0xffff window]"}
- {"dt": "2023-12-05T11:20:53.750767", "lvl": "target", "msg": "<6>[    0.444667] pci_bus 0000:00: resource 6 [mem 0x000a0000-0x000bffff window]"}
- {"dt": "2023-12-05T11:20:53.751414", "lvl": "target", "msg": "<6>[    0.445287] pci_bus 0000:00: resource 7 [mem 0x80000000-0xafffffff window]"}
- {"dt": "2023-12-05T11:20:53.752046", "lvl": "target", "msg": "<6>[    0.445936] pci_bus 0000:00: resource 8 [mem 0xc0000000-0xfebfffff window]"}
- {"dt": "2023-12-05T11:20:53.752687", "lvl": "target", "msg": "<6>[    0.446567] pci_bus 0000:00: resource 9 [mem 0x180000000-0x97fffffff window]"}
- {"dt": "2023-12-05T11:20:53.753169", "lvl": "target", "msg": "<6>[    0.447308] PCI: CLS 0 bytes, default 64"}
- {"dt": "2023-12-05T11:20:53.753782", "lvl": "target", "msg": "<6>[    0.447712] PCI-DMA: Using software bounce buffering for IO (SWIOTLB)"}
- {"dt": "2023-12-05T11:20:53.754532", "lvl": "target", "msg": "<6>[    0.448293] software IO TLB: mapped [mem 0x000000007bfdf000-0x000000007ffdf000] (64MB)"}
- {"dt": "2023-12-05T11:20:53.755045", "lvl": "target", "msg": "<3>[    0.449097] kvm_intel: VMX not supported by CPU 0"}
- {"dt": "2023-12-05T11:20:53.755497", "lvl": "target", "msg": "<6>[    0.449615] kvm_amd: TSC scaling supported"}
- {"dt": "2023-12-05T11:20:53.755945", "lvl": "target", "msg": "<6>[    0.450015] kvm_amd: Nested Virtualization enabled"}
- {"dt": "2023-12-05T11:20:53.756337", "lvl": "target", "msg": "<6>[    0.450462] kvm_amd: Nested Paging enabled"}
- {"dt": "2023-12-05T11:20:53.756806", "lvl": "target", "msg": "<6>[    0.450860] kvm_amd: Virtual VMLOAD VMSAVE supported"}
- {"dt": "2023-12-05T11:20:53.757200", "lvl": "target", "msg": "<6>[    0.451324] kvm_amd: Virtual GIF supported"}
- {"dt": "2023-12-05T11:20:53.757640", "lvl": "target", "msg": "<6>[    0.451721] kvm_amd: LBR virtualization supported"}
- {"dt": "2023-12-05T11:20:53.767857", "lvl": "target", "msg": "<5>[    0.461953] Initialise system trusted keyrings"}
- {"dt": "2023-12-05T11:20:53.768582", "lvl": "target", "msg": "<6>[    0.462497] workingset: timestamp_bits=40 max_order=20 bucket_order=0"}
- {"dt": "2023-12-05T11:20:53.769966", "lvl": "target", "msg": "<5>[    0.464008] NFS: Registering the id_resolver key type"}
- {"dt": "2023-12-05T11:20:53.770377", "lvl": "target", "msg": "<5>[    0.464493] Key type id_resolver registered"}
- {"dt": "2023-12-05T11:20:53.770780", "lvl": "target", "msg": "<5>[    0.464910] Key type id_legacy registered"}
- {"dt": "2023-12-05T11:20:53.771441", "lvl": "target", "msg": "<6>[    0.465429] 9p: Installing v9fs 9p2000 file system support"}
- {"dt": "2023-12-05T11:20:53.783934", "lvl": "target", "msg": "<6>[    0.477950] NET: Registered PF_ALG protocol family"}
- {"dt": "2023-12-05T11:20:53.784336", "lvl": "target", "msg": "<5>[    0.478448] Key type asymmetric registered"}
- {"dt": "2023-12-05T11:20:53.784827", "lvl": "target", "msg": "<5>[    0.478861] Asymmetric key parser 'x509' registered"}
- {"dt": "2023-12-05T11:20:53.785570", "lvl": "target", "msg": "<6>[    0.479417] Block layer SCSI generic (bsg) driver version 0.4 loaded (major 250)"}
- {"dt": "2023-12-05T11:20:53.786048", "lvl": "target", "msg": "<6>[    0.480126] io scheduler mq-deadline registered"}
- {"dt": "2023-12-05T11:20:53.786438", "lvl": "target", "msg": "<6>[    0.480570] io scheduler kyber registered"}
- {"dt": "2023-12-05T11:20:53.787694", "lvl": "target", "msg": "<6>[    0.481538] input: Power Button as /devices/LNXSYSTM:00/LNXPWRBN:00/input/input0"}
- {"dt": "2023-12-05T11:20:53.788266", "lvl": "target", "msg": "<6>[    0.482360] ACPI: button: Power Button [PWRF]"}
- {"dt": "2023-12-05T11:20:53.789710", "lvl": "target", "msg": "<6>[    0.483660] Serial: 8250/16550 driver, 4 ports, IRQ sharing enabled"}
- {"dt": "2023-12-05T11:20:53.790699", "lvl": "target", "msg": "<6>[    0.484548] 00:03: ttyS0 at I/O 0x3f8 (irq = 4, base_baud = 115200) is a 16550A"}
- {"dt": "2023-12-05T11:20:53.793024", "lvl": "target", "msg": "<6>[    0.487144] Non-volatile memory driver v1.3"}
- {"dt": "2023-12-05T11:20:53.793429", "lvl": "target", "msg": "<6>[    0.487545] Linux agpgart interface v0.103"}
- {"dt": "2023-12-05T11:20:53.794075", "lvl": "target", "msg": "<6>[    0.488134] ACPI: bus type drm_connector registered"}
- {"dt": "2023-12-05T11:20:53.802726", "lvl": "target", "msg": "<6>[    0.496849] loop: module loaded"}
- {"dt": "2023-12-05T11:20:53.803647", "lvl": "target", "msg": "<7>[    0.497687] ahci 0000:00:1f.2: version 3.0"}
- {"dt": "2023-12-05T11:20:53.807473", "lvl": "target", "msg": "<6>[    0.501562] ACPI: \\_SB_.GSIA: Enabled at IRQ 16"}
- {"dt": "2023-12-05T11:20:53.808793", "lvl": "target", "msg": "<6>[    0.502583] ahci 0000:00:1f.2: AHCI 0001.0000 32 slots 6 ports 1.5 Gbps 0x3f impl SATA mode"}
- {"dt": "2023-12-05T11:20:53.809286", "lvl": "target", "msg": "<6>[    0.503313] ahci 0000:00:1f.2: flags: 64bit ncq only "}
- {"dt": "2023-12-05T11:20:53.812540", "lvl": "target", "msg": "<6>[    0.506778] scsi host0: ahci"}
- {"dt": "2023-12-05T11:20:53.813428", "lvl": "target", "msg": "<6>[    0.507664] scsi host1: ahci"}
- {"dt": "2023-12-05T11:20:53.814250", "lvl": "target", "msg": "<6>[    0.508489] scsi host2: ahci"}
- {"dt": "2023-12-05T11:20:53.815154", "lvl": "target", "msg": "<6>[    0.509385] scsi host3: ahci"}
- {"dt": "2023-12-05T11:20:53.816008", "lvl": "target", "msg": "<6>[    0.510246] scsi host4: ahci"}
- {"dt": "2023-12-05T11:20:53.816852", "lvl": "target", "msg": "<6>[    0.511091] scsi host5: ahci"}
- {"dt": "2023-12-05T11:20:53.818088", "lvl": "target", "msg": "<6>[    0.511868] ata1: SATA max UDMA/133 abar m4096@0xfebf1000 port 0xfebf1100 irq 24 lpm-pol 0"}
- {"dt": "2023-12-05T11:20:53.818832", "lvl": "target", "msg": "<6>[    0.512613] ata2: SATA max UDMA/133 abar m4096@0xfebf1000 port 0xfebf1180 irq 24 lpm-pol 0"}
- {"dt": "2023-12-05T11:20:53.819593", "lvl": "target", "msg": "<6>[    0.513355] ata3: SATA max UDMA/133 abar m4096@0xfebf1000 port 0xfebf1200 irq 24 lpm-pol 0"}
- {"dt": "2023-12-05T11:20:53.820404", "lvl": "target", "msg": "<6>[    0.514123] ata4: SATA max UDMA/133 abar m4096@0xfebf1000 port 0xfebf1280 irq 24 lpm-pol 0"}
- {"dt": "2023-12-05T11:20:53.821102", "lvl": "target", "msg": "<6>[    0.514877] ata5: SATA max UDMA/133 abar m4096@0xfebf1000 port 0xfebf1300 irq 24 lpm-pol 0"}
- {"dt": "2023-12-05T11:20:53.821849", "lvl": "target", "msg": "<6>[    0.515628] ata6: SATA max UDMA/133 abar m4096@0xfebf1000 port 0xfebf1380 irq 24 lpm-pol 0"}
- {"dt": "2023-12-05T11:20:53.824366", "lvl": "target", "msg": "<6>[    0.518453] e100: Intel(R) PRO/100 Network Driver"}
- {"dt": "2023-12-05T11:20:53.824880", "lvl": "target", "msg": "<6>[    0.518896] e100: Copyright(c) 1999-2006 Intel Corporation"}
- {"dt": "2023-12-05T11:20:53.825386", "lvl": "target", "msg": "<6>[    0.519439] e1000: Intel(R) PRO/1000 Network Driver"}
- {"dt": "2023-12-05T11:20:53.826065", "lvl": "target", "msg": "<6>[    0.519912] e1000: Copyright (c) 1999-2006 Intel Corporation."}
- {"dt": "2023-12-05T11:20:53.826428", "lvl": "target", "msg": "<6>[    0.520485] e1000e: Intel(R) PRO/1000 Network Driver"}
- {"dt": "2023-12-05T11:20:53.826976", "lvl": "target", "msg": "<6>[    0.520954] e1000e: Copyright(c) 1999 - 2015 Intel Corporation."}
- {"dt": "2023-12-05T11:20:53.827700", "lvl": "target", "msg": "<6>[    0.521545] igb: Intel(R) Gigabit Ethernet Network Driver"}
- {"dt": "2023-12-05T11:20:53.828039", "lvl": "target", "msg": "<6>[    0.522043] igb: Copyright (c) 2007-2014 Intel Corporation."}
- {"dt": "2023-12-05T11:20:53.828442", "lvl": "target", "msg": "<6>[    0.522610] sky2: driver version 1.30"}
- {"dt": "2023-12-05T11:20:53.828954", "lvl": "target", "msg": "<6>[    0.523035] QLogic FastLinQ 4xxxx Core Module qed"}
- {"dt": "2023-12-05T11:20:53.829524", "lvl": "target", "msg": "<6>[    0.523477] qede init: QLogic FastLinQ 4xxxx Ethernet Driver qede"}
- {"dt": "2023-12-05T11:20:53.830173", "lvl": "target", "msg": "<6>[    0.524203] usbcore: registered new interface driver asix"}
- {"dt": "2023-12-05T11:20:53.830769", "lvl": "target", "msg": "<6>[    0.524733] usbcore: registered new interface driver ax88179_178a"}
- {"dt": "2023-12-05T11:20:53.831355", "lvl": "target", "msg": "<6>[    0.525325] usbcore: registered new interface driver cdc_ether"}
- {"dt": "2023-12-05T11:20:53.831920", "lvl": "target", "msg": "<6>[    0.525918] usbcore: registered new interface driver net1080"}
- {"dt": "2023-12-05T11:20:53.832501", "lvl": "target", "msg": "<6>[    0.526474] usbcore: registered new interface driver cdc_subset"}
- {"dt": "2023-12-05T11:20:53.833076", "lvl": "target", "msg": "<6>[    0.527067] usbcore: registered new interface driver zaurus"}
- {"dt": "2023-12-05T11:20:53.833640", "lvl": "target", "msg": "<6>[    0.527629] usbcore: registered new interface driver cdc_ncm"}
- {"dt": "2023-12-05T11:20:53.834221", "lvl": "target", "msg": "<6>[    0.528192] usbcore: registered new interface driver r8153_ecm"}
- {"dt": "2023-12-05T11:20:53.835224", "lvl": "target", "msg": "<6>[    0.529232] usbcore: registered new interface driver usblp"}
- {"dt": "2023-12-05T11:20:53.835822", "lvl": "target", "msg": "<6>[    0.529783] usbcore: registered new interface driver usb-storage"}
- {"dt": "2023-12-05T11:20:53.836652", "lvl": "target", "msg": "<6>[    0.530439] i8042: PNP: PS/2 Controller [PNP0303:KBD,PNP0f13:MOU] at 0x60,0x64 irq 1,12"}
- {"dt": "2023-12-05T11:20:53.837730", "lvl": "target", "msg": "<6>[    0.531790] serio: i8042 KBD port at 0x60,0x64 irq 1"}
- {"dt": "2023-12-05T11:20:53.838210", "lvl": "target", "msg": "<6>[    0.532249] serio: i8042 AUX port at 0x60,0x64 irq 12"}
- {"dt": "2023-12-05T11:20:53.839864", "lvl": "target", "msg": "<6>[    0.533605] input: AT Translated Set 2 keyboard as /devices/platform/i8042/serio0/input/input1"}
- {"dt": "2023-12-05T11:20:53.840858", "lvl": "target", "msg": "<6>[    0.534950] rtc_cmos 00:04: RTC can wake from S4"}
- {"dt": "2023-12-05T11:20:53.842533", "lvl": "target", "msg": "<6>[    0.536631] rtc_cmos 00:04: registered as rtc0"}
- {"dt": "2023-12-05T11:20:53.843351", "lvl": "target", "msg": "<6>[    0.537162] rtc_cmos 00:04: alarms up to one day, y3k, 242 bytes nvram, hpet irqs"}
- {"dt": "2023-12-05T11:20:53.844591", "lvl": "target", "msg": "<6>[    0.538359] device-mapper: ioctl: 4.48.0-ioctl (2023-03-01) initialised: dm-devel@redhat.com"}
- {"dt": "2023-12-05T11:20:53.846327", "lvl": "target", "msg": "<6>[    0.540226] kworker/u4:7 (72) used greatest stack depth: 14168 bytes left"}
- {"dt": "2023-12-05T11:20:53.847708", "lvl": "target", "msg": "<6>[    0.541749] hid: raw HID events driver (C) Jiri Kosina"}
- {"dt": "2023-12-05T11:20:53.849036", "lvl": "target", "msg": "<6>[    0.543034] usbcore: registered new interface driver usbhid"}
- {"dt": "2023-12-05T11:20:53.849413", "lvl": "target", "msg": "<6>[    0.543552] usbhid: USB HID core driver"}
- {"dt": "2023-12-05T11:20:53.850813", "lvl": "target", "msg": "<6>[    0.544928] Initializing XFRM netlink socket"}
- {"dt": "2023-12-05T11:20:53.851533", "lvl": "target", "msg": "<6>[    0.545403] NET: Registered PF_INET6 protocol family"}
- {"dt": "2023-12-05T11:20:53.852554", "lvl": "target", "msg": "<6>[    0.545959] i801_smbus 0000:00:1f.3: SMBus using PCI interrupt"}
- {"dt": "2023-12-05T11:20:53.852809", "lvl": "target", "msg": "<6>[    0.546686] Segment Routing with IPv6"}
- {"dt": "2023-12-05T11:20:53.853211", "lvl": "target", "msg": "<6>[    0.547345] In-situ OAM (IOAM) with IPv6"}
- {"dt": "2023-12-05T11:20:53.854399", "lvl": "target", "msg": "<6>[    0.547370] i2c i2c-0: 1/1 memory slots populated (from DMI)"}
- {"dt": "2023-12-05T11:20:53.854743", "lvl": "target", "msg": "<6>[    0.547827] sit: IPv6, IPv4 and MPLS over IPv4 tunneling driver"}
- {"dt": "2023-12-05T11:20:53.856209", "lvl": "target", "msg": "<6>[    0.548716] i2c i2c-0: Memory type 0x07 not supported yet, not instantiating SPD"}
- {"dt": "2023-12-05T11:20:53.856491", "lvl": "target", "msg": "<6>[    0.549840] NET: Registered PF_PACKET protocol family"}
- {"dt": "2023-12-05T11:20:53.857198", "lvl": "target", "msg": "<6>[    0.551092] 9pnet: Installing 9P2000 support"}
- {"dt": "2023-12-05T11:20:53.857486", "lvl": "target", "msg": "<5>[    0.551591] Key type dns_resolver registered"}
- {"dt": "2023-12-05T11:20:53.858774", "lvl": "target", "msg": "<6>[    0.552889] IPI shorthand broadcast: enabled"}
- {"dt": "2023-12-05T11:20:53.859243", "lvl": "target", "msg": "<6>[    0.553310] AVX2 version of gcm_enc/dec engaged."}
- {"dt": "2023-12-05T11:20:53.859766", "lvl": "target", "msg": "<6>[    0.553837] AES CTR mode by8 optimization enabled"}
- {"dt": "2023-12-05T11:20:53.885803", "lvl": "target", "msg": "<6>[    0.579600] sched_clock: Marking stable (496001757, 83520523)->(601243011, -21720731)"}
- {"dt": "2023-12-05T11:20:53.886745", "lvl": "target", "msg": "<6>[    0.580872] registered taskstats version 1"}
- {"dt": "2023-12-05T11:20:53.887215", "lvl": "target", "msg": "<5>[    0.581263] Loading compiled-in X.509 certificates"}
- {"dt": "2023-12-05T11:20:53.905405", "lvl": "target", "msg": "<6>[    0.599191] kmemleak: Kernel memory leak detector initialized (mem pool available: 15723)"}
- {"dt": "2023-12-05T11:20:53.906643", "lvl": "target", "msg": "<6>[    0.599204] kmemleak: Automatic memory scanning thread started"}
- {"dt": "2023-12-05T11:20:53.906850", "lvl": "target", "msg": "<6>[    0.600072] PM:   Magic number: 3:848:326"}
- {"dt": "2023-12-05T11:20:53.907349", "lvl": "target", "msg": "<6>[    0.601388] printk: legacy console [netcon0] enabled"}
- {"dt": "2023-12-05T11:20:53.907785", "lvl": "target", "msg": "<6>[    0.601870] netconsole: network logging started"}
- {"dt": "2023-12-05T11:20:53.908790", "lvl": "target", "msg": "<5>[    0.602612] cfg80211: Loading compiled-in X.509 certificates for regulatory database"}
- {"dt": "2023-12-05T11:20:53.910295", "lvl": "target", "msg": "<5>[    0.604293] Loaded X.509 cert 'sforshee: 00b28ddf47aef9cea7'"}
- {"dt": "2023-12-05T11:20:53.911193", "lvl": "target", "msg": "<4>[    0.604919] platform regulatory.0: Direct firmware load for regulatory.db failed with error -2"}
- {"dt": "2023-12-05T11:20:53.911651", "lvl": "target", "msg": "<6>[    0.605716] cfg80211: failed to load regulatory.db"}
- {"dt": "2023-12-05T11:20:53.912447", "lvl": "target", "msg": "<6>[    0.605733] ALSA device list:"}
- {"dt": "2023-12-05T11:20:53.912907", "lvl": "target", "msg": "<6>[    0.606801]   No soundcards found."}
- {"dt": "2023-12-05T11:20:54.131647", "lvl": "target", "msg": "<6>[    0.825289] ata5: SATA link down (SStatus 0 SControl 300)"}
- {"dt": "2023-12-05T11:20:54.132526", "lvl": "target", "msg": "<6>[    0.826152] ata6: SATA link down (SStatus 0 SControl 300)"}
- {"dt": "2023-12-05T11:20:54.133322", "lvl": "target", "msg": "<6>[    0.827110] ata2: SATA link down (SStatus 0 SControl 300)"}
- {"dt": "2023-12-05T11:20:54.134260", "lvl": "target", "msg": "<6>[    0.827997] ata4: SATA link down (SStatus 0 SControl 300)"}
- {"dt": "2023-12-05T11:20:54.135230", "lvl": "target", "msg": "<6>[    0.828908] ata3: SATA link up 1.5 Gbps (SStatus 113 SControl 300)"}
- {"dt": "2023-12-05T11:20:54.136314", "lvl": "target", "msg": "<6>[    0.830006] ata1: SATA link up 1.5 Gbps (SStatus 113 SControl 300)"}
- {"dt": "2023-12-05T11:20:54.137206", "lvl": "target", "msg": "<6>[    0.830921] ata3.00: ATAPI: QEMU DVD-ROM, 2.5+, max UDMA/100"}
- {"dt": "2023-12-05T11:20:54.137752", "lvl": "target", "msg": "<6>[    0.831692] ata3.00: applying bridge limits"}
- {"dt": "2023-12-05T11:20:54.138646", "lvl": "target", "msg": "<6>[    0.832339] ata1.00: ATA-7: QEMU HARDDISK, 2.5+, max UDMA/100"}
- {"dt": "2023-12-05T11:20:54.139667", "lvl": "target", "msg": "<6>[    0.833173] ata1.00: 5000672 sectors, multi 16: LBA48 NCQ (depth 32)"}
- {"dt": "2023-12-05T11:20:54.140184", "lvl": "target", "msg": "<6>[    0.834077] ata1.00: applying bridge limits"}
- {"dt": "2023-12-05T11:20:54.141025", "lvl": "target", "msg": "<6>[    0.834895] ata3.00: configured for UDMA/100"}
- {"dt": "2023-12-05T11:20:54.141940", "lvl": "target", "msg": "<6>[    0.835591] ata1.00: configured for UDMA/100"}
- {"dt": "2023-12-05T11:20:54.143308", "lvl": "target", "msg": "<5>[    0.836718] scsi 0:0:0:0: Direct-Access     ATA      QEMU HARDDISK    2.5+ PQ: 0 ANSI: 5"}
- {"dt": "2023-12-05T11:20:54.145380", "lvl": "target", "msg": "<5>[    0.839201] sd 0:0:0:0: Attached scsi generic sg0 type 0"}
- {"dt": "2023-12-05T11:20:54.146686", "lvl": "target", "msg": "<5>[    0.839348] sd 0:0:0:0: [sda] 5000672 512-byte logical blocks: (2.56 GB/2.38 GiB)"}
- {"dt": "2023-12-05T11:20:54.147233", "lvl": "target", "msg": "<5>[    0.841051] sd 0:0:0:0: [sda] Write Protect is off"}
- {"dt": "2023-12-05T11:20:54.148408", "lvl": "target", "msg": "<5>[    0.841060] scsi 2:0:0:0: CD-ROM            QEMU     QEMU DVD-ROM     2.5+ PQ: 0 ANSI: 5"}
- {"dt": "2023-12-05T11:20:54.149183", "lvl": "target", "msg": "<7>[    0.841776] sd 0:0:0:0: [sda] Mode Sense: 00 3a 00 00"}
- {"dt": "2023-12-05T11:20:54.150414", "lvl": "target", "msg": "<5>[    0.843715] sd 0:0:0:0: [sda] Write cache: enabled, read cache: enabled, doesn't support DPO or FUA"}
- {"dt": "2023-12-05T11:20:54.151429", "lvl": "target", "msg": "<6>[    0.845101] sd 0:0:0:0: [sda] Preferred minimum I/O size 512 bytes"}
- {"dt": "2023-12-05T11:20:54.153697", "lvl": "target", "msg": "<6>[    0.847271] sr 2:0:0:0: [sr0] scsi3-mmc drive: 4x/4x cd/rw xa/form2 tray"}
- {"dt": "2023-12-05T11:20:54.154603", "lvl": "target", "msg": "<6>[    0.848152] cdrom: Uniform CD-ROM driver Revision: 3.20"}
- {"dt": "2023-12-05T11:20:54.155398", "lvl": "target", "msg": "<5>[    0.849145] sd 0:0:0:0: [sda] Attached SCSI disk"}
- {"dt": "2023-12-05T11:20:54.156624", "lvl": "target", "msg": "<6>[    0.849936] sr 2:0:0:0: [sr0] Hmm, seems the drive doesn't support multisession CD's"}
- {"dt": "2023-12-05T11:20:54.160726", "lvl": "target", "msg": "<7>[    0.854458] sr 2:0:0:0: Attached scsi CD-ROM sr0"}
- {"dt": "2023-12-05T11:20:54.162002", "lvl": "target", "msg": "<5>[    0.855595] sr 2:0:0:0: Attached scsi generic sg1 type 5"}
- {"dt": "2023-12-05T11:20:54.472468", "lvl": "target", "msg": "<6>[    1.165619] input: ImExPS/2 Generic Explorer Mouse as /devices/platform/i8042/serio1/input/input3"}
- {"dt": "2023-12-05T11:20:54.473835", "lvl": "target", "msg": "<6>[    1.167250] md: Waiting for all devices to be available before autodetect"}
- {"dt": "2023-12-05T11:20:54.474484", "lvl": "target", "msg": "<6>[    1.168159] md: If you don't use raid, use raid=noautodetect"}
- {"dt": "2023-12-05T11:20:54.475244", "lvl": "target", "msg": "<6>[    1.168908] md: Autodetecting RAID arrays."}
- {"dt": "2023-12-05T11:20:54.475409", "lvl": "target", "msg": "<6>[    1.169459] md: autorun ..."}
- {"dt": "2023-12-05T11:20:54.475823", "lvl": "target", "msg": "<6>[    1.169866] md: ... autorun DONE."}
- {"dt": "2023-12-05T11:20:54.489461", "lvl": "target", "msg": "<6>[    1.182547] EXT4-fs (sda): mounted filesystem 98f18e57-f36d-45b2-b89c-a6bfe419a4db r/w with ordered data mode. Quota mode: none."}
- {"dt": "2023-12-05T11:20:54.490355", "lvl": "target", "msg": "<6>[    1.184039] VFS: Mounted root (ext4 filesystem) on device 8:0."}
- {"dt": "2023-12-05T11:20:54.491185", "lvl": "target", "msg": "<6>[    1.185180] devtmpfs: mounted"}
- {"dt": "2023-12-05T11:20:54.503988", "lvl": "target", "msg": "<6>[    1.197606] Freeing unused kernel image (initmem) memory: 3840K"}
- {"dt": "2023-12-05T11:20:54.510101", "lvl": "target", "msg": "<6>[    1.203828] Write protecting the kernel read-only data: 32768k"}
- {"dt": "2023-12-05T11:20:54.512192", "lvl": "target", "msg": "<6>[    1.205664] Freeing unused kernel image (rodata/data gap) memory: 1992K"}
- {"dt": "2023-12-05T11:20:54.586553", "lvl": "target", "msg": "<6>[    1.280606] x86/mm: Checked W+X mappings: passed, no W+X pages found."}
- {"dt": "2023-12-05T11:20:54.586883", "lvl": "target", "msg": "<6>[    1.281075] Run /sbin/init as init process"}
- {"dt": "2023-12-05T11:20:54.587113", "lvl": "target", "msg": "<7>[    1.281386]   with arguments:"}
- {"dt": "2023-12-05T11:20:54.587348", "lvl": "target", "msg": "<7>[    1.281637]     /sbin/init"}
- {"dt": "2023-12-05T11:20:54.587553", "lvl": "target", "msg": "<7>[    1.281855]     verbose"}
- {"dt": "2023-12-05T11:20:54.587793", "lvl": "target", "msg": "<7>[    1.282055]   with environment:"}
- {"dt": "2023-12-05T11:20:54.587983", "lvl": "target", "msg": "<7>[    1.282297]     HOME=/"}
- {"dt": "2023-12-05T11:20:54.588198", "lvl": "target", "msg": "<7>[    1.282487]     TERM=linux"}
- {"dt": "2023-12-05T11:20:54.625236", "lvl": "target", "msg": "SELinux:  Could not open policy file <= /etc/selinux/targeted/policy/policy.33:  No such file or directory"}
- {"dt": "2023-12-05T11:20:54.671818", "lvl": "target", "msg": ""}
- {"dt": "2023-12-05T11:20:54.672559", "lvl": "target", "msg": "Welcome to [1mDebian GNU/Linux 12 (bookworm)[0m!"}
- {"dt": "2023-12-05T11:20:54.672701", "lvl": "target", "msg": ""}
- {"dt": "2023-12-05T11:20:54.725291", "lvl": "target", "msg": "<6>[    1.418858] systemd-cryptse (90) used greatest stack depth: 12656 bytes left"}
- {"dt": "2023-12-05T11:20:54.871003", "lvl": "target", "msg": "[[0;32m  OK  [0m] Created slice [0;1;39msystem-getty.slice[0m - Slice /system/getty."}
- {"dt": "2023-12-05T11:20:54.873369", "lvl": "target", "msg": "[[0;32m  OK  [0m] Created slice [0;1;39msystem-modpr\u2026lice[0m - Slice /system/modprobe."}
- {"dt": "2023-12-05T11:20:54.875204", "lvl": "target", "msg": "[[0;32m  OK  [0m] Created slice [0;1;39msystem-seria\u2026[0m - Slice /system/serial-getty."}
- {"dt": "2023-12-05T11:20:54.877137", "lvl": "target", "msg": "[[0;32m  OK  [0m] Created slice [0;1;39muser.slice[0m - User and Session Slice."}
- {"dt": "2023-12-05T11:20:54.878157", "lvl": "target", "msg": "[[0;32m  OK  [0m] Started [0;1;39msystemd-ask-passwo\u2026quests to Console Directory Watch."}
- {"dt": "2023-12-05T11:20:54.879070", "lvl": "target", "msg": "[[0;32m  OK  [0m] Started [0;1;39msystemd-ask-passwo\u2026 Requests to Wall Directory Watch."}
- {"dt": "2023-12-05T11:20:54.880106", "lvl": "target", "msg": "[[0;32m  OK  [0m] Set up automount [0;1;39mproc-sys-\u2026rmats File System Automount Point."}
- {"dt": "2023-12-05T11:20:54.880875", "lvl": "target", "msg": "[[0;32m  OK  [0m] Reached target [0;1;39mcryptsetup.\u2026get[0m - Local Encrypted Volumes."}
- {"dt": "2023-12-05T11:20:54.881779", "lvl": "target", "msg": "[[0;32m  OK  [0m] Reached target [0;1;39mintegrityse\u2026Local Integrity Protected Volumes."}
- {"dt": "2023-12-05T11:20:54.882479", "lvl": "target", "msg": "[[0;32m  OK  [0m] Reached target [0;1;39mpaths.target[0m - Path Units."}
- {"dt": "2023-12-05T11:20:54.883220", "lvl": "target", "msg": "[[0;32m  OK  [0m] Reached target [0;1;39mremote-fs.target[0m - Remote File Systems."}
- {"dt": "2023-12-05T11:20:54.883833", "lvl": "target", "msg": "[[0;32m  OK  [0m] Reached target [0;1;39mslices.target[0m - Slice Units."}
- {"dt": "2023-12-05T11:20:54.884260", "lvl": "target", "msg": "[[0;32m  OK  [0m] Reached target [0;1;39mswap.target[0m - Swaps."}
- {"dt": "2023-12-05T11:20:54.884999", "lvl": "target", "msg": "[[0;32m  OK  [0m] Reached target [0;1;39mveritysetup\u2026 - Local Verity Protected Volumes."}
- {"dt": "2023-12-05T11:20:54.887819", "lvl": "target", "msg": "[[0;32m  OK  [0m] Listening on [0;1;39msystemd-initc\u2026 initctl Compatibility Named Pipe."}
- {"dt": "2023-12-05T11:20:54.889251", "lvl": "target", "msg": "[[0;32m  OK  [0m] Listening on [0;1;39msystemd-journ\u2026socket[0m - Journal Audit Socket."}
- {"dt": "2023-12-05T11:20:54.890093", "lvl": "target", "msg": "[[0;32m  OK  [0m] Listening on [0;1;39msystemd-journ\u2026t[0m - Journal Socket (/dev/log)."}
- {"dt": "2023-12-05T11:20:54.891324", "lvl": "target", "msg": "[[0;32m  OK  [0m] Listening on [0;1;39msystemd-journald.socket[0m - Journal Socket."}
- {"dt": "2023-12-05T11:20:54.892594", "lvl": "target", "msg": "[[0;32m  OK  [0m] Listening on [0;1;39msystemd-udevd\u2026.socket[0m - udev Control Socket."}
- {"dt": "2023-12-05T11:20:54.893426", "lvl": "target", "msg": "[[0;32m  OK  [0m] Listening on [0;1;39msystemd-udevd\u2026l.socket[0m - udev Kernel Socket."}
- {"dt": "2023-12-05T11:20:54.903020", "lvl": "target", "msg": "         Mounting [0;1;39mdev-hugepages.mount[0m - Huge Pages File System..."}
- {"dt": "2023-12-05T11:20:54.907153", "lvl": "target", "msg": "         Mounting [0;1;39mdev-mqueue.mount\u2026POSIX Message Queue File System..."}
- {"dt": "2023-12-05T11:20:54.913102", "lvl": "target", "msg": "         Mounting [0;1;39msys-kernel-debug.\u2026[0m - Kernel Debug File System..."}
- {"dt": "2023-12-05T11:20:54.917456", "lvl": "target", "msg": "         Mounting [0;1;39msys-kernel-tracin\u2026[0m - Kernel Trace File System..."}
- {"dt": "2023-12-05T11:20:54.924094", "lvl": "target", "msg": "         Starting [0;1;39mkmod-static-nodes\u2026ate List of Static Device Nodes..."}
- {"dt": "2023-12-05T11:20:54.928115", "lvl": "target", "msg": "         Starting [0;1;39mmodprobe@configfs\u2026m - Load Kernel Module configfs..."}
- {"dt": "2023-12-05T11:20:54.933133", "lvl": "target", "msg": "         Starting [0;1;39mmodprobe@dm_mod.s\u2026[0m - Load Kernel Module dm_mod..."}
- {"dt": "2023-12-05T11:20:54.938051", "lvl": "target", "msg": "         Starting [0;1;39mmodprobe@drm.service[0m - Load Kernel Module drm..."}
- {"dt": "2023-12-05T11:20:54.941815", "lvl": "target", "msg": "         Starting [0;1;39mmodprobe@efi_psto\u2026- Load Kernel Module efi_pstore..."}
- {"dt": "2023-12-05T11:20:54.945999", "lvl": "target", "msg": "         Starting [0;1;39mmodprobe@fuse.ser\u2026e[0m - Load Kernel Module fuse..."}
- {"dt": "2023-12-05T11:20:54.950296", "lvl": "target", "msg": "         Starting [0;1;39mmodprobe@loop.ser\u2026e[0m - Load Kernel Module loop..."}
- {"dt": "2023-12-05T11:20:54.951251", "lvl": "target", "msg": "<28>[    1.644879] systemd[1]: systemd-journald.service: unit configures an IP firewall, but the local system does not support BPF/cgroup firewalling."}
- {"dt": "2023-12-05T11:20:54.951946", "lvl": "target", "msg": "<28>[    1.645868] systemd[1]: (This warning is only shown for the first unit using IP firewalling.)"}
- {"dt": "2023-12-05T11:20:54.963193", "lvl": "target", "msg": "         Starting [0;1;39msystemd-journald.service[0m - Journal Service..."}
- {"dt": "2023-12-05T11:20:54.969382", "lvl": "target", "msg": "         Starting [0;1;39msystemd-modules-l\u2026rvice[0m - Load Kernel Modules..."}
- {"dt": "2023-12-05T11:20:54.980990", "lvl": "target", "msg": "         Starting [0;1;39msystemd-remount-f\u2026nt Root and Kernel File Systems..."}
- {"dt": "2023-12-05T11:20:54.986442", "lvl": "target", "msg": "         Starting [0;1;39msystemd-udev-trig\u2026[0m - Coldplug All udev Devices..."}
- {"dt": "2023-12-05T11:20:54.995923", "lvl": "target", "msg": "[[0;32m  OK  [0m] Mounted [0;1;39mdev-hugepages.mount[0m - Huge Pages File System."}
- {"dt": "2023-12-05T11:20:54.998025", "lvl": "target", "msg": "[[0;32m  OK  [0m] Mounted [0;1;39mdev-mqueue.mount[\u2026- POSIX Message Queue File System."}
- {"dt": "2023-12-05T11:20:54.999608", "lvl": "target", "msg": "[[0;32m  OK  [0m] Mounted [0;1;39msys-kernel-debug.m\u2026nt[0m - Kernel Debug File System."}
- {"dt": "2023-12-05T11:20:55.001135", "lvl": "target", "msg": "[[0;32m  OK  [0m] Mounted [0;1;39msys-kernel-tracing\u2026nt[0m - Kernel Trace File System."}
- {"dt": "2023-12-05T11:20:55.004642", "lvl": "target", "msg": "[[0;32m  OK  [0m] Finished [0;1;39mkmod-static-nodes\u2026reate List of Static Device Nodes."}
- {"dt": "2023-12-05T11:20:55.010088", "lvl": "target", "msg": "[[0;32m  OK  [0m] Finished [0;1;39mmodprobe@configfs\u2026[0m - Load Kernel Module configfs."}
- {"dt": "2023-12-05T11:20:55.012011", "lvl": "target", "msg": "[[0;32m  OK  [0m] Finished [0;1;39mmodprobe@dm_mod.s\u2026e[0m - Load Kernel Module dm_mod."}
- {"dt": "2023-12-05T11:20:55.016014", "lvl": "target", "msg": "[[0;32m  OK  [0m] Finished [0;1;39mmodprobe@drm.service[0m - Load Kernel Module drm."}
- {"dt": "2023-12-05T11:20:55.018968", "lvl": "target", "msg": "[[0;32m  OK  [0m] Finished [0;1;39mmodprobe@efi_psto\u2026m - Load Kernel Module efi_pstore."}
- {"dt": "2023-12-05T11:20:55.023216", "lvl": "target", "msg": "[[0;32m  OK  [0m] Finished [0;1;39mmodprobe@fuse.service[0m - Load Kernel Module fuse."}
- {"dt": "2023-12-05T11:20:55.027090", "lvl": "target", "msg": "[[0;32m  OK  [0m] Finished [0;1;39mmodprobe@loop.service[0m - Load Kernel Module loop."}
- {"dt": "2023-12-05T11:20:55.031282", "lvl": "target", "msg": "[[0;32m  OK  [0m] Finished [0;1;39msystemd-modules-l\u2026service[0m - Load Kernel Modules."}
- {"dt": "2023-12-05T11:20:55.033887", "lvl": "target", "msg": "[[0;32m  OK  [0m] Finished [0;1;39msystemd-remount-f\u2026ount Root and Kernel File Systems."}
- {"dt": "2023-12-05T11:20:55.035923", "lvl": "target", "msg": "[[0;32m  OK  [0m] Started [0;1;39msystemd-journald.service[0m - Journal Service."}
- {"dt": "2023-12-05T11:20:55.047108", "lvl": "target", "msg": "         Starting [0;1;39msystemd-journal-f\u2026h Journal to Persistent Storage..."}
- {"dt": "2023-12-05T11:20:55.052390", "lvl": "target", "msg": "         Starting [0;1;39msystemd-random-se\u2026ice[0m - Load/Save Random Seed..."}
- {"dt": "2023-12-05T11:20:55.062219", "lvl": "target", "msg": "         Starting [0;1;39msystemd-sysctl.se\u2026ce[0m - Apply Kernel Variables..."}
- {"dt": "2023-12-05T11:20:55.075316", "lvl": "target", "msg": "         Starting [0;1;39msystemd-sysusers.\u2026rvice[0m - Create System Users..."}
- {"dt": "2023-12-05T11:20:55.089743", "lvl": "target", "msg": "[[0;32m  OK  [0m] Finished [0;1;39msystemd-random-se\u2026rvice[0m - Load/Save Random Seed."}
- {"dt": "2023-12-05T11:20:55.098844", "lvl": "target", "msg": "[[0;32m  OK  [0m] Finished [0;1;39msystemd-sysctl.service[0m - Apply Kernel Variables."}
- {"dt": "2023-12-05T11:20:55.103688", "lvl": "target", "msg": "[[0;32m  OK  [0m] Finished [0;1;39msystemd-journal-f\u2026ush Journal to Persistent Storage."}
- {"dt": "2023-12-05T11:20:55.108087", "lvl": "target", "msg": "[[0;32m  OK  [0m] Finished [0;1;39msystemd-sysusers.service[0m - Create System Users."}
- {"dt": "2023-12-05T11:20:55.114600", "lvl": "target", "msg": "         Starting [0;1;39msystemd-tmpfiles-\u2026ate Static Device Nodes in /dev..."}
- {"dt": "2023-12-05T11:20:55.134044", "lvl": "target", "msg": "[[0;32m  OK  [0m] Finished [0;1;39msystemd-tmpfiles-\u2026reate Static Device Nodes in /dev."}
- {"dt": "2023-12-05T11:20:55.135007", "lvl": "target", "msg": "[[0;32m  OK  [0m] Reached target [0;1;39mlocal-fs-pr\u2026reparation for Local File Systems."}
- {"dt": "2023-12-05T11:20:55.135518", "lvl": "target", "msg": "[[0;32m  OK  [0m] Reached target [0;1;39mlocal-fs.target[0m - Local File Systems."}
- {"dt": "2023-12-05T11:20:55.143203", "lvl": "target", "msg": "         Starting [0;1;39msystemd-binfmt.se\u2026et Up Additional Binary Formats..."}
- {"dt": "2023-12-05T11:20:55.154304", "lvl": "target", "msg": "         Starting [0;1;39msystemd-tmpfiles-\u2026 Volatile Files and Directories..."}
- {"dt": "2023-12-05T11:20:55.161990", "lvl": "target", "msg": "         Starting [0;1;39msystemd-udevd.ser\u2026ger for Device Events and Files..."}
- {"dt": "2023-12-05T11:20:55.175321", "lvl": "target", "msg": "         Mounting [0;1;39mproc-sys-fs-binfm\u2026utable File Formats File System..."}
- {"dt": "2023-12-05T11:20:55.191117", "lvl": "target", "msg": "[[0;32m  OK  [0m] Mounted [0;1;39mproc-sys-fs-binfmt\u2026ecutable File Formats File System."}
- {"dt": "2023-12-05T11:20:55.196114", "lvl": "target", "msg": "[[0;32m  OK  [0m] Finished [0;1;39msystemd-binfmt.se\u2026 Set Up Additional Binary Formats."}
- {"dt": "2023-12-05T11:20:55.223090", "lvl": "target", "msg": "[[0;32m  OK  [0m] Finished [0;1;39msystemd-tmpfiles-\u2026te Volatile Files and Directories."}
- {"dt": "2023-12-05T11:20:55.233324", "lvl": "target", "msg": "         Starting [0;1;39msystemd-update-ut\u2026rd System Boot/Shutdown in UTMP..."}
- {"dt": "2023-12-05T11:20:55.238259", "lvl": "target", "msg": "[[0;32m  OK  [0m] Started [0;1;39msystemd-udevd.serv\u2026nager for Device Events and Files."}
- {"dt": "2023-12-05T11:20:55.250077", "lvl": "target", "msg": "[[0;32m  OK  [0m] Finished [0;1;39msystemd-update-ut\u2026cord System Boot/Shutdown in UTMP."}
- {"dt": "2023-12-05T11:20:55.301344", "lvl": "target", "msg": "[[0;32m  OK  [0m] Finished [0;1;39msystemd-udev-trig\u2026e[0m - Coldplug All udev Devices."}
- {"dt": "2023-12-05T11:20:55.302413", "lvl": "target", "msg": "[[0;32m  OK  [0m] Reached target [0;1;39msysinit.target[0m - System Initialization."}
- {"dt": "2023-12-05T11:20:55.303525", "lvl": "target", "msg": "[[0;32m  OK  [0m] Started [0;1;39mapt-daily.timer[0m - Daily apt download activities."}
- {"dt": "2023-12-05T11:20:55.306086", "lvl": "target", "msg": "[[0;32m  OK  [0m] Started [0;1;39mapt-daily-upgrade.\u2026 apt upgrade and clean activities."}
- {"dt": "2023-12-05T11:20:55.306862", "lvl": "target", "msg": "[[0;32m  OK  [0m] Started [0;1;39mdpkg-db-backup.tim\u2026 Daily dpkg database backup timer."}
- {"dt": "2023-12-05T11:20:55.307981", "lvl": "target", "msg": "[[0;32m  OK  [0m] Started [0;1;39me2scrub_all.timer\u2026etadata Check for All Filesystems."}
- {"dt": "2023-12-05T11:20:55.309015", "lvl": "target", "msg": "[[0;32m  OK  [0m] Started [0;1;39mfstrim.timer[0m - Discard unused blocks once a week."}
- {"dt": "2023-12-05T11:20:55.310190", "lvl": "target", "msg": "[[0;32m  OK  [0m] Started [0;1;39mlogrotate.timer[0m - Daily rotation of log files."}
- {"dt": "2023-12-05T11:20:55.311854", "lvl": "target", "msg": "[[0;32m  OK  [0m] Started [0;1;39msystemd-tmpfiles-c\u2026 Cleanup of Temporary Directories."}
- {"dt": "2023-12-05T11:20:55.312510", "lvl": "target", "msg": "[[0;32m  OK  [0m] Reached target [0;1;39mtimers.target[0m - Timer Units."}
- {"dt": "2023-12-05T11:20:55.313946", "lvl": "target", "msg": "[[0;32m  OK  [0m] Listening on [0;1;39mdbus.socket[\u2026- D-Bus System Message Bus Socket."}
- {"dt": "2023-12-05T11:20:55.314650", "lvl": "target", "msg": "[[0;32m  OK  [0m] Reached target [0;1;39msockets.target[0m - Socket Units."}
- {"dt": "2023-12-05T11:20:55.315953", "lvl": "target", "msg": "[[0;32m  OK  [0m] Reached target [0;1;39mbasic.target[0m - Basic System."}
- {"dt": "2023-12-05T11:20:55.324176", "lvl": "target", "msg": "[[0;32m  OK  [0m] Started [0;1;39mcron.service[0m -\u2026kground program processing daemon."}
- {"dt": "2023-12-05T11:20:55.337252", "lvl": "target", "msg": "         Starting [0;1;39mdbus.service[0m - D-Bus System Message Bus..."}
- {"dt": "2023-12-05T11:20:55.350450", "lvl": "target", "msg": "         Starting [0;1;39me2scrub_reap.serv\u2026e ext4 Metadata Check Snapshots..."}
- {"dt": "2023-12-05T11:20:55.365693", "lvl": "target", "msg": "         Starting [0;1;39msystemd-logind.se\u2026ice[0m - User Login Management..."}
- {"dt": "2023-12-05T11:20:55.375278", "lvl": "target", "msg": "         Starting [0;1;39msystemd-user-sess\u2026vice[0m - Permit User Sessions..."}
- {"dt": "2023-12-05T11:20:55.381080", "lvl": "target", "msg": "[[0;32m  OK  [0m] Started [0;1;39mdbus.service[0m - D-Bus System Message Bus."}
- {"dt": "2023-12-05T11:20:55.395003", "lvl": "target", "msg": "[[0;32m  OK  [0m] Found device [0;1;39mdev-ttyS0.device[0m - /dev/ttyS0."}
- {"dt": "2023-12-05T11:20:55.396616", "lvl": "target", "msg": "[[0;32m  OK  [0m] Finished [0;1;39msystemd-user-sess\u2026ervice[0m - Permit User Sessions."}
- {"dt": "2023-12-05T11:20:55.407446", "lvl": "target", "msg": "[[0;32m  OK  [0m] Started [0;1;39mgetty@tty1.service[0m - Getty on tty1."}
- {"dt": "2023-12-05T11:20:55.413538", "lvl": "target", "msg": "[[0;32m  OK  [0m] Started [0;1;39mserial-getty@ttyS0\u2026rvice[0m - Serial Getty on ttyS0."}
- {"dt": "2023-12-05T11:20:55.414280", "lvl": "target", "msg": "[[0;32m  OK  [0m] Reached target [0;1;39mgetty.target[0m - Login Prompts."}
- {"dt": "2023-12-05T11:20:55.478017", "lvl": "target", "msg": "<6>[    2.172013] e2scrub_all (154) used greatest stack depth: 12080 bytes left"}
- {"dt": "2023-12-05T11:20:55.481220", "lvl": "target", "msg": "[[0;32m  OK  [0m] Finished [0;1;39me2scrub_reap.serv\u2026ine ext4 Metadata Check Snapshots."}
- {"dt": "2023-12-05T11:20:55.586962", "lvl": "target", "msg": "[[0;32m  OK  [0m] Started [0;1;39msystemd-logind.service[0m - User Login Management."}
- {"dt": "2023-12-05T11:20:55.588568", "lvl": "target", "msg": "[[0;32m  OK  [0m] Reached target [0;1;39mmulti-user.target[0m - Multi-User System."}
- {"dt": "2023-12-05T11:20:55.590113", "lvl": "target", "msg": "[[0;32m  OK  [0m] Reached target [0;1;39mgraphical.target[0m - Graphical Interface."}
- {"dt": "2023-12-05T11:20:55.602311", "lvl": "target", "msg": "         Starting [0;1;39msystemd-update-ut\u2026 Record Runlevel Change in UTMP..."}
- {"dt": "2023-12-05T11:20:55.613369", "lvl": "target", "msg": "[[0;32m  OK  [0m] Listening on [0;1;39msystemd-rfkil\u2026l Switch Status /dev/rfkill Watch."}
- {"dt": "2023-12-05T11:20:55.620862", "lvl": "target", "msg": "[[0;32m  OK  [0m] Finished [0;1;39msystemd-update-ut\u2026 - Record Runlevel Change in UTMP."}
- {"dt": "2023-12-05T11:20:56.634075", "lvl": "target", "msg": ""}
- {"dt": "2023-12-05T11:20:56.635088", "lvl": "target", "msg": "Debian GNU/Linux 12 runner-pqlayms-project-40964107-concurrent-0 ttyS0"}
- {"dt": "2023-12-05T11:20:56.635281", "lvl": "target", "msg": ""}
- {"dt": "2023-12-05T11:20:56.636304", "lvl": "warning", "msg": "Unable to match end of the kernel message"}
- {"dt": "2023-12-05T11:20:56.636447", "lvl": "results", "msg": {"case": "kernel-messages", "definition": "lava", "duration": "3.28", "extra": {"extra": []}, "level": "2.2.1", "namespace": "common", "result": "pass"}}
- {"dt": "2023-12-05T11:20:56.636701", "lvl": "debug", "msg": "Sending username root"}
- {"dt": "2023-12-05T11:20:56.636839", "lvl": "input", "msg": "root\n"}
- {"dt": "2023-12-05T11:20:56.738390", "lvl": "target", "msg": "runner-pqlayms-project-40964107-concurrent-0 login: root"}
- {"dt": "2023-12-05T11:20:56.738883", "lvl": "debug", "msg": "Setting prompt string to ['root@(.*):[/~]#']"}
- {"dt": "2023-12-05T11:20:56.739025", "lvl": "debug", "msg": "login-action: Wait for prompt ['root@(.*):[/~]#', 'Login incorrect', 'Login timed out'] (timeout 00:14:56)"}
- {"dt": "2023-12-05T11:20:56.739725", "lvl": "target", "msg": "root"}
- {"dt": "2023-12-05T11:20:56.779144", "lvl": "target", "msg": "Linux runner-pqlayms-project-40964107-concurrent-0 6.7.0-rc2-next-20231123 #1 SMP PREEMPT_DYNAMIC @1700709520 x86_64"}
- {"dt": "2023-12-05T11:20:56.779336", "lvl": "target", "msg": ""}
- {"dt": "2023-12-05T11:20:56.780190", "lvl": "target", "msg": "The programs included with the Debian GNU/Linux system are free software;"}
- {"dt": "2023-12-05T11:20:56.780941", "lvl": "target", "msg": "the exact distribution terms for each program are described in the"}
- {"dt": "2023-12-05T11:20:56.781656", "lvl": "target", "msg": "individual files in /usr/share/doc/*/copyright."}
- {"dt": "2023-12-05T11:20:56.781789", "lvl": "target", "msg": ""}
- {"dt": "2023-12-05T11:20:56.782421", "lvl": "target", "msg": "Debian GNU/Linux comes with ABSOLUTELY NO WARRANTY, to the extent"}
- {"dt": "2023-12-05T11:20:56.782760", "lvl": "target", "msg": "permitted by applicable law."}
- {"dt": "2023-12-05T11:20:57.080797", "lvl": "debug", "msg": "Setting prompt string to ['root@(.*):[/~]#']"}
- {"dt": "2023-12-05T11:20:57.081096", "lvl": "debug", "msg": "end: 2.2.1 login-action (duration 00:00:04) [common]"}
- {"dt": "2023-12-05T11:20:57.081263", "lvl": "results", "msg": {"case": "login-action", "definition": "lava", "duration": "3.73", "extra": {"success": "No kernel warnings or errors detected."}, "level": "2.2.1", "namespace": "common", "result": "pass"}}
- {"dt": "2023-12-05T11:20:57.081565", "lvl": "debug", "msg": "end: 2.2 auto-login-action (duration 00:00:04) [common]"}
- {"dt": "2023-12-05T11:20:57.081756", "lvl": "debug", "msg": "start: 2.3 expect-shell-connection (timeout 00:14:56) [common]"}
- {"dt": "2023-12-05T11:20:57.081898", "lvl": "debug", "msg": "Setting prompt string to ['root@(.*):[/~]#']"}
- {"dt": "2023-12-05T11:20:57.082016", "lvl": "debug", "msg": "Forcing a shell prompt, looking for ['root@(.*):[/~]#']"}
- {"dt": "2023-12-05T11:20:57.082133", "lvl": "input", "msg": "\n"}
- {"dt": "2023-12-05T11:20:57.132330", "lvl": "target", "msg": "[?2004hroot@runner-pqlayms-project-40964107-concurrent-0:~# "}
- {"dt": "2023-12-05T11:20:57.132521", "lvl": "debug", "msg": "expect-shell-connection: Wait for prompt ['root@(.*):[/~]#'] (timeout 00:15:00)"}
- {"dt": "2023-12-05T11:20:57.132664", "lvl": "debug", "msg": "Waiting using forced prompt support (timeout 00:07:30)"}
- {"dt": "2023-12-05T11:20:57.133183", "lvl": "target", "msg": ""}
- {"dt": "2023-12-05T11:20:57.134222", "lvl": "debug", "msg": "end: 2.3 expect-shell-connection (duration 00:00:00) [common]"}
- {"dt": "2023-12-05T11:20:57.134382", "lvl": "debug", "msg": "start: 2.4 export-device-env (timeout 00:14:56) [common]"}
- {"dt": "2023-12-05T11:20:57.134540", "lvl": "debug", "msg": "end: 2.4 export-device-env (duration 00:00:00) [common]"}
- {"dt": "2023-12-05T11:20:57.134688", "lvl": "info", "msg": "end: 2 boot-image-retry (duration 00:00:04) [common]"}
- {"dt": "2023-12-05T11:20:57.134833", "lvl": "info", "msg": "start: 3 lava-test-retry (timeout 00:02:00) [common]"}
- {"dt": "2023-12-05T11:20:57.134980", "lvl": "debug", "msg": "start: 3.1 lava-test-shell (timeout 00:02:00) [common]"}
- {"dt": "2023-12-05T11:20:57.135104", "lvl": "debug", "msg": "Using namespace: common"}
- {"dt": "2023-12-05T11:20:57.135248", "lvl": "input", "msg": "#\n"}
- {"dt": "2023-12-05T11:20:57.235537", "lvl": "target", "msg": "[?2004l[?2004hroot@runner-pqlayms-project-40964107-concurrent-0:~# #"}
- {"dt": "2023-12-05T11:20:57.235800", "lvl": "debug", "msg": "lava-test-shell: Wait for prompt ['root@(.*):[/~]#'] (timeout 00:02:00)"}
- {"dt": "2023-12-05T11:20:57.236436", "lvl": "target", "msg": "#"}
- {"dt": "2023-12-05T11:20:57.237778", "lvl": "debug", "msg": "Using /lava-1"}
- {"dt": "2023-12-05T11:20:57.237906", "lvl": "input", "msg": "export SHELL=/bin/sh\n"}
- {"dt": "2023-12-05T11:20:57.338191", "lvl": "target", "msg": "[?2004l[?2004hroot@runner-pqlayms-project-40964107-concurrent-0:~# export SHELL=/bin/sh"}
- {"dt": "2023-12-05T11:20:57.338972", "lvl": "target", "msg": "export SHELL=/bin/sh"}
- {"dt": "2023-12-05T11:20:57.340350", "lvl": "input", "msg": ". /lava-1/environment\n"}
- {"dt": "2023-12-05T11:20:57.440952", "lvl": "target", "msg": "[?2004l[?2004hroot@runner-pqlayms-project-40964107-concurrent-0:~# . /lava-1/environment"}
- {"dt": "2023-12-05T11:20:57.441763", "lvl": "target", "msg": ". /lava-1/environment"}
- {"dt": "2023-12-05T11:20:57.443907", "lvl": "input", "msg": "/lava-1/bin/lava-test-runner /lava-1/0\n"}
- {"dt": "2023-12-05T11:20:57.544426", "lvl": "target", "msg": "[?2004l[?2004hroot@runner-pqlayms-project-40964107-concurrent-0:~# /lava-1/bin/lava-test-runner /lava-1/0"}
- {"dt": "2023-12-05T11:20:57.544598", "lvl": "info", "msg": "Test shell timeout: 10s (minimum of the action and connection timeout)"}
- {"dt": "2023-12-05T11:20:57.545360", "lvl": "target", "msg": "/lava-1/bin/lava-test-runner /lava-1/0"}
- {"dt": "2023-12-05T11:20:57.591747", "lvl": "target", "msg": "[?2004l+ export TESTRUN_ID=0_ltp-smoke"}
- {"dt": "2023-12-05T11:20:57.592434", "lvl": "target", "msg": "+ cd /lava-1/0/tests/0_ltp-smoke"}
- {"dt": "2023-12-05T11:20:57.593458", "lvl": "target", "msg": "+ cat uuid"}
- {"dt": "2023-12-05T11:20:57.597204", "lvl": "target", "msg": "+ UUID=1_1.1.3.1"}
- {"dt": "2023-12-05T11:20:57.597386", "lvl": "target", "msg": "+ set +x"}
- {"dt": "2023-12-05T11:20:57.598165", "lvl": "target", "msg": "<8>[    4.291919] <LAVA_SIGNAL_STARTRUN 0_ltp-smoke 1_1.1.3.1>"}
- {"dt": "2023-12-05T11:20:57.598494", "lvl": "debug", "msg": "Received signal: <STARTRUN> 0_ltp-smoke 1_1.1.3.1"}
- {"dt": "2023-12-05T11:20:57.598628", "lvl": "info", "msg": "Starting test lava.0_ltp-smoke (1_1.1.3.1)"}
- {"dt": "2023-12-05T11:20:57.598775", "lvl": "info", "msg": "Skipping test definition patterns."}
- {"dt": "2023-12-05T11:20:57.598944", "lvl": "target", "msg": "+ cd ./automated/linux/ltp/"}
- {"dt": "2023-12-05T11:20:57.603253", "lvl": "target", "msg": "+ ./ltp.sh -T smoketest -s true -v  -M 5 -R root -b  -d /scratch -g  -e production -i /opt/ltp/ -S skipfile-lkft.yaml -p  -u  -t false -n 1 -c 1"}
- {"dt": "2023-12-05T11:20:57.607802", "lvl": "target", "msg": "+ . ../../lib/sh-test-lib"}
- {"dt": "2023-12-05T11:20:57.608283", "lvl": "target", "msg": "++ LANG=C"}
- {"dt": "2023-12-05T11:20:57.608501", "lvl": "target", "msg": "++ export LANG"}
- {"dt": "2023-12-05T11:20:57.611510", "lvl": "target", "msg": "++ export PATH=/lava-1/0/../bin:/usr/local/sbin:/usr/local/bin:/usr/sbin:/usr/bin:/sbin:/bin:/sbin:/usr/sbin:/usr/local/sbin"}
- {"dt": "2023-12-05T11:20:57.612824", "lvl": "target", "msg": "++ PATH=/lava-1/0/../bin:/usr/local/sbin:/usr/local/bin:/usr/sbin:/usr/bin:/sbin:/bin:/sbin:/usr/sbin:/usr/local/sbin"}
- {"dt": "2023-12-05T11:20:57.613029", "lvl": "target", "msg": "++ kernel_config="}
- {"dt": "2023-12-05T11:20:57.613203", "lvl": "target", "msg": "++ pwd"}
- {"dt": "2023-12-05T11:20:57.614703", "lvl": "target", "msg": "+ OUTPUT=/lava-1/0/tests/0_ltp-smoke/automated/linux/ltp/output"}
- {"dt": "2023-12-05T11:20:57.615809", "lvl": "target", "msg": "+ RESULT_FILE=/lava-1/0/tests/0_ltp-smoke/automated/linux/ltp/output/result.txt"}
- {"dt": "2023-12-05T11:20:57.617460", "lvl": "target", "msg": "++ readlink -f ./ltp.sh"}
- {"dt": "2023-12-05T11:20:57.620460", "lvl": "target", "msg": "+ SCRIPT=/lava-1/0/tests/0_ltp-smoke/automated/linux/ltp/ltp.sh"}
- {"dt": "2023-12-05T11:20:57.622848", "lvl": "target", "msg": "++ dirname /lava-1/0/tests/0_ltp-smoke/automated/linux/ltp/ltp.sh"}
- {"dt": "2023-12-05T11:20:57.625931", "lvl": "target", "msg": "+ SCRIPTPATH=/lava-1/0/tests/0_ltp-smoke/automated/linux/ltp"}
- {"dt": "2023-12-05T11:20:57.626918", "lvl": "target", "msg": "+ echo 'Script path is: /lava-1/0/tests/0_ltp-smoke/automated/linux/ltp'"}
- {"dt": "2023-12-05T11:20:57.627889", "lvl": "target", "msg": "Script path is: /lava-1/0/tests/0_ltp-smoke/automated/linux/ltp"}
- {"dt": "2023-12-05T11:20:57.628214", "lvl": "target", "msg": "+ TST_CMDFILES="}
- {"dt": "2023-12-05T11:20:57.628345", "lvl": "target", "msg": "+ SKIPFILE="}
- {"dt": "2023-12-05T11:20:57.628691", "lvl": "target", "msg": "+ SKIPFILE_YAML="}
- {"dt": "2023-12-05T11:20:57.628849", "lvl": "target", "msg": "+ BOARD="}
- {"dt": "2023-12-05T11:20:57.629226", "lvl": "target", "msg": "+ BRANCH="}
- {"dt": "2023-12-05T11:20:57.629380", "lvl": "target", "msg": "+ ENVIRONMENT="}
- {"dt": "2023-12-05T11:20:57.629800", "lvl": "target", "msg": "+ LTP_VERSION=20180926"}
- {"dt": "2023-12-05T11:20:57.630162", "lvl": "target", "msg": "+ TEST_PROGRAM=ltp"}
- {"dt": "2023-12-05T11:20:57.630501", "lvl": "target", "msg": "+ TEST_GIT_URL="}
- {"dt": "2023-12-05T11:20:57.632013", "lvl": "target", "msg": "++ pwd"}
- {"dt": "2023-12-05T11:20:57.633335", "lvl": "target", "msg": "+ TEST_DIR=/lava-1/0/tests/0_ltp-smoke/automated/linux/ltp/ltp"}
- {"dt": "2023-12-05T11:20:57.633745", "lvl": "target", "msg": "+ BUILD_FROM_TAR=false"}
- {"dt": "2023-12-05T11:20:57.633919", "lvl": "target", "msg": "+ SHARD_NUMBER=1"}
- {"dt": "2023-12-05T11:20:57.634300", "lvl": "target", "msg": "+ SHARD_INDEX=1"}
- {"dt": "2023-12-05T11:20:57.634653", "lvl": "target", "msg": "+ LTP_TMPDIR=/ltp-tmp"}
- {"dt": "2023-12-05T11:20:57.635028", "lvl": "target", "msg": "+ LTP_INSTALL_PATH=/opt/ltp"}
- {"dt": "2023-12-05T11:20:57.636067", "lvl": "target", "msg": "+ getopts M:T:S:b:d:g:e:i:s:v:R:u:p:t:c:n: arg"}
- {"dt": "2023-12-05T11:20:57.636403", "lvl": "target", "msg": "+ case \\\"$arg\\\" in"}
- {"dt": "2023-12-05T11:20:57.636808", "lvl": "target", "msg": "+ TST_CMDFILES=smoketest"}
- {"dt": "2023-12-05T11:20:57.639700", "lvl": "target", "msg": "++ echo smoketest"}
- {"dt": "2023-12-05T11:20:57.640503", "lvl": "target", "msg": "++ sed 's,\\/,_,'"}
- {"dt": "2023-12-05T11:20:57.645599", "lvl": "target", "msg": "+ LOG_FILE=smoketest"}
- {"dt": "2023-12-05T11:20:57.646383", "lvl": "target", "msg": "+ getopts M:T:S:b:d:g:e:i:s:v:R:u:p:t:c:n: arg"}
- {"dt": "2023-12-05T11:20:57.646796", "lvl": "target", "msg": "+ case \\\"$arg\\\" in"}
- {"dt": "2023-12-05T11:20:57.647166", "lvl": "target", "msg": "+ SKIP_INSTALL=true"}
- {"dt": "2023-12-05T11:20:57.647888", "lvl": "target", "msg": "+ getopts M:T:S:b:d:g:e:i:s:v:R:u:p:t:c:n: arg"}
- {"dt": "2023-12-05T11:20:57.648030", "lvl": "target", "msg": "+ case \\\"$arg\\\" in"}
- {"dt": "2023-12-05T11:20:57.648481", "lvl": "target", "msg": "+ LTP_VERSION="}
- {"dt": "2023-12-05T11:20:57.649099", "lvl": "target", "msg": "+ getopts M:T:S:b:d:g:e:i:s:v:R:u:p:t:c:n: arg"}
- {"dt": "2023-12-05T11:20:57.649489", "lvl": "target", "msg": "+ case \\\"$arg\\\" in"}
- {"dt": "2023-12-05T11:20:57.649891", "lvl": "target", "msg": "+ export LTP_TIMEOUT_MUL=5"}
- {"dt": "2023-12-05T11:20:57.650226", "lvl": "target", "msg": "+ LTP_TIMEOUT_MUL=5"}
- {"dt": "2023-12-05T11:20:57.650996", "lvl": "target", "msg": "+ getopts M:T:S:b:d:g:e:i:s:v:R:u:p:t:c:n: arg"}
- {"dt": "2023-12-05T11:20:57.651177", "lvl": "target", "msg": "+ case \\\"$arg\\\" in"}
- {"dt": "2023-12-05T11:20:57.651639", "lvl": "target", "msg": "+ export PASSWD=root"}
- {"dt": "2023-12-05T11:20:57.651990", "lvl": "target", "msg": "+ PASSWD=root"}
- {"dt": "2023-12-05T11:20:57.652647", "lvl": "target", "msg": "+ getopts M:T:S:b:d:g:e:i:s:v:R:u:p:t:c:n: arg"}
- {"dt": "2023-12-05T11:20:57.652994", "lvl": "target", "msg": "+ case \\\"$arg\\\" in"}
- {"dt": "2023-12-05T11:20:57.653315", "lvl": "target", "msg": "+ export BOARD="}
- {"dt": "2023-12-05T11:20:57.653452", "lvl": "target", "msg": "+ BOARD="}
- {"dt": "2023-12-05T11:20:57.654232", "lvl": "target", "msg": "+ getopts M:T:S:b:d:g:e:i:s:v:R:u:p:t:c:n: arg"}
- {"dt": "2023-12-05T11:20:57.654404", "lvl": "target", "msg": "+ case \\\"$arg\\\" in"}
- {"dt": "2023-12-05T11:20:57.654990", "lvl": "target", "msg": "+ export LTP_TMPDIR=/scratch"}
- {"dt": "2023-12-05T11:20:57.655350", "lvl": "target", "msg": "+ LTP_TMPDIR=/scratch"}
- {"dt": "2023-12-05T11:20:57.656086", "lvl": "target", "msg": "+ getopts M:T:S:b:d:g:e:i:s:v:R:u:p:t:c:n: arg"}
- {"dt": "2023-12-05T11:20:57.656251", "lvl": "target", "msg": "+ case \\\"$arg\\\" in"}
- {"dt": "2023-12-05T11:20:57.656703", "lvl": "target", "msg": "+ export BRANCH="}
- {"dt": "2023-12-05T11:20:57.656837", "lvl": "target", "msg": "+ BRANCH="}
- {"dt": "2023-12-05T11:20:57.657602", "lvl": "target", "msg": "+ getopts M:T:S:b:d:g:e:i:s:v:R:u:p:t:c:n: arg"}
- {"dt": "2023-12-05T11:20:57.657776", "lvl": "target", "msg": "+ case \\\"$arg\\\" in"}
- {"dt": "2023-12-05T11:20:57.658376", "lvl": "target", "msg": "+ export ENVIRONMENT=production"}
- {"dt": "2023-12-05T11:20:57.658775", "lvl": "target", "msg": "+ ENVIRONMENT=production"}
- {"dt": "2023-12-05T11:20:57.659456", "lvl": "target", "msg": "+ getopts M:T:S:b:d:g:e:i:s:v:R:u:p:t:c:n: arg"}
- {"dt": "2023-12-05T11:20:57.659633", "lvl": "target", "msg": "+ case \\\"$arg\\\" in"}
- {"dt": "2023-12-05T11:20:57.660258", "lvl": "target", "msg": "+ export LTP_INSTALL_PATH=/opt/ltp/"}
- {"dt": "2023-12-05T11:20:57.660661", "lvl": "target", "msg": "+ LTP_INSTALL_PATH=/opt/ltp/"}
- {"dt": "2023-12-05T11:20:57.661039", "lvl": "target", "msg": "+ getopts M:T:S:b:d:g:e:i:s:v:R:u:p:t:c:n: arg"}
- {"dt": "2023-12-05T11:20:57.661394", "lvl": "target", "msg": "+ case \\\"$arg\\\" in"}
- {"dt": "2023-12-05T11:20:57.661791", "lvl": "target", "msg": "+ '[' -z skipfile-lkft.yaml ']'"}
- {"dt": "2023-12-05T11:20:57.661960", "lvl": "target", "msg": "+ '[' yaml = yaml ']'"}
- {"dt": "2023-12-05T11:20:57.662891", "lvl": "target", "msg": "+ SKIPFILE_YAML=/lava-1/0/tests/0_ltp-smoke/automated/linux/ltp/skipfile-lkft.yaml"}
- {"dt": "2023-12-05T11:20:57.663344", "lvl": "target", "msg": "+ getopts M:T:S:b:d:g:e:i:s:v:R:u:p:t:c:n: arg"}
- {"dt": "2023-12-05T11:20:57.663718", "lvl": "target", "msg": "+ case \\\"$arg\\\" in"}
- {"dt": "2023-12-05T11:20:57.663868", "lvl": "target", "msg": "+ [[ '' != '' ]]"}
- {"dt": "2023-12-05T11:20:57.664519", "lvl": "target", "msg": "+ getopts M:T:S:b:d:g:e:i:s:v:R:u:p:t:c:n: arg"}
- {"dt": "2023-12-05T11:20:57.664839", "lvl": "target", "msg": "+ case \\\"$arg\\\" in"}
- {"dt": "2023-12-05T11:20:57.665146", "lvl": "target", "msg": "+ [[ '' != '' ]]"}
- {"dt": "2023-12-05T11:20:57.665697", "lvl": "target", "msg": "+ getopts M:T:S:b:d:g:e:i:s:v:R:u:p:t:c:n: arg"}
- {"dt": "2023-12-05T11:20:57.665842", "lvl": "target", "msg": "+ case \\\"$arg\\\" in"}
- {"dt": "2023-12-05T11:20:57.666248", "lvl": "target", "msg": "+ BUILD_FROM_TAR=false"}
- {"dt": "2023-12-05T11:20:57.666845", "lvl": "target", "msg": "+ getopts M:T:S:b:d:g:e:i:s:v:R:u:p:t:c:n: arg"}
- {"dt": "2023-12-05T11:20:57.666993", "lvl": "target", "msg": "+ case \\\"$arg\\\" in"}
- {"dt": "2023-12-05T11:20:57.667412", "lvl": "target", "msg": "+ SHARD_NUMBER=1"}
- {"dt": "2023-12-05T11:20:57.667858", "lvl": "target", "msg": "+ getopts M:T:S:b:d:g:e:i:s:v:R:u:p:t:c:n: arg"}
- {"dt": "2023-12-05T11:20:57.668245", "lvl": "target", "msg": "+ case \\\"$arg\\\" in"}
- {"dt": "2023-12-05T11:20:57.668398", "lvl": "target", "msg": "+ SHARD_INDEX=1"}
- {"dt": "2023-12-05T11:20:57.669101", "lvl": "target", "msg": "+ getopts M:T:S:b:d:g:e:i:s:v:R:u:p:t:c:n: arg"}
- {"dt": "2023-12-05T11:20:57.670182", "lvl": "target", "msg": "+ TEST_TARFILE=https://github.com/linux-test-project/ltp/releases/download//ltp-full-.tar.xz"}
- {"dt": "2023-12-05T11:20:57.671005", "lvl": "target", "msg": "+ '[' -n /lava-1/0/tests/0_ltp-smoke/automated/linux/ltp/skipfile-lkft.yaml ']'"}
- {"dt": "2023-12-05T11:20:57.672070", "lvl": "target", "msg": "+ export SKIPFILE_PATH=/lava-1/0/tests/0_ltp-smoke/automated/linux/ltp/generated_skipfile"}
- {"dt": "2023-12-05T11:20:57.672782", "lvl": "target", "msg": "+ SKIPFILE_PATH=/lava-1/0/tests/0_ltp-smoke/automated/linux/ltp/generated_skipfile"}
- {"dt": "2023-12-05T11:20:57.672949", "lvl": "target", "msg": "+ generate_skipfile"}
- {"dt": "2023-12-05T11:20:57.673664", "lvl": "target", "msg": "+ info_msg 'Generating a skipfile based on /lava-1/0/tests/0_ltp-smoke/automated/linux/ltp/skipfile-lkft.yaml'"}
- {"dt": "2023-12-05T11:20:57.674277", "lvl": "target", "msg": "+ local 'msg=Generating a skipfile based on /lava-1/0/tests/0_ltp-smoke/automated/linux/ltp/skipfile-lkft.yaml'"}
- {"dt": "2023-12-05T11:20:57.675001", "lvl": "target", "msg": "+ '[' -z 'Generating a skipfile based on /lava-1/0/tests/0_ltp-smoke/automated/linux/ltp/skipfile-lkft.yaml' ']'"}
- {"dt": "2023-12-05T11:20:57.675874", "lvl": "target", "msg": "+ printf 'INFO: %s\\n' 'Generating a skipfile based on /lava-1/0/tests/0_ltp-smoke/automated/linux/ltp/skipfile-lkft.yaml'"}
- {"dt": "2023-12-05T11:20:57.676663", "lvl": "target", "msg": "INFO: Generating a skipfile based on /lava-1/0/tests/0_ltp-smoke/automated/linux/ltp/skipfile-lkft.yaml"}
- {"dt": "2023-12-05T11:20:57.676783", "lvl": "target", "msg": "+ detect_abi"}
- {"dt": "2023-12-05T11:20:57.677747", "lvl": "target", "msg": "++ uname -m"}
- {"dt": "2023-12-05T11:20:57.680032", "lvl": "target", "msg": "+ abi=x86_64"}
- {"dt": "2023-12-05T11:20:57.680170", "lvl": "target", "msg": "+ case \\\"${abi}\\\" in"}
- {"dt": "2023-12-05T11:20:57.680340", "lvl": "target", "msg": "+ abi=x86_64"}
- {"dt": "2023-12-05T11:20:57.680510", "lvl": "target", "msg": "+ local SKIPGEN_ARGS="}
- {"dt": "2023-12-05T11:20:57.680666", "lvl": "target", "msg": "+ test -n ''"}
- {"dt": "2023-12-05T11:20:57.680818", "lvl": "target", "msg": "+ test -n ''"}
